1780  execve("/usr/bin/make", ["make"], ["_=/usr/bin/pvs-studio-analyzer", "SHLVL=1", "PWD=/root", "TERM=xterm", "PATH=/usr/local/sbin:/usr/local/bin:/usr/sbin:/usr/bin:/sbin:/bin", "OLDPWD=/", "HOSTNAME=8f857aee2402", "HOME=/root"]) = 0
1780  clone3({flags=CLONE_VM|CLONE_VFORK, exit_signal=SIGCHLD, stack=0x7d82a7c0d000, stack_size=0x9000}, 88 <unfinished ...>
1781  execve("/bin/sh", ["/bin/sh", "-c", "echo \"Checking for ncurses library...\""], ["PWD=/root", "HOSTNAME=8f857aee2402", "OLDPWD=/", "MAKEFLAGS=", "MFLAGS=", "SHLVL=1", "PATH=/usr/local/sbin:/usr/local/bin:/usr/sbin:/usr/bin:/sbin:/bin", "_=/usr/bin/pvs-studio-analyzer", "HOME=/root", "TERM=xterm", "MAKELEVEL=1"] <unfinished ...>
1780  <... clone3 resumed>)             = 1781
1781  <... execve resumed>)             = 0
1781  +++ exited with 0 +++
1780  clone3({flags=CLONE_VM|CLONE_VFORK, exit_signal=SIGCHLD, stack=0x7d82a7c0d000, stack_size=0x9000}, 88 <unfinished ...>
1782  execve("/bin/sh", ["/bin/sh", "-c", "if ! pkg-config --exists ncurses 2>/dev/null; then \\\n\techo \"ncurses not found. Installing...\"; \\\n\tif command -v apt-get >/dev/null 2>&1; then \\\n\t\tapt-get update && apt-get install -y libncurses5-dev libncursesw5-dev; \\\n\telif command -v brew >/dev/null 2>&1; then \\\n\t\tbrew install ncurses; \\\n\telse \\\n\t\techo \"Error: Package manager not found. Please install ncurses manually:\"; \\\n\t\techo \"  Ubuntu/Debian: apt-get install libncurses5-dev libncursesw5-dev\"; \\\n\t\techo \"  macOS: brew install ncurses\"; \\\n\t\texit 1; \\\n\tfi; \\\nelse \\\n\techo \"ncurses library found.\"; \\\nfi"], ["PWD=/root", "HOSTNAME=8f857aee2402", "OLDPWD=/", "MAKEFLAGS=", "MFLAGS=", "SHLVL=1", "PATH=/usr/local/sbin:/usr/local/bin:/usr/sbin:/usr/bin:/sbin:/bin", "_=/usr/bin/pvs-studio-analyzer", "HOME=/root", "TERM=xterm", "MAKELEVEL=1"] <unfinished ...>
1780  <... clone3 resumed>)             = 1782
1782  <... execve resumed>)             = 0
1782  vfork( <unfinished ...>
1783  execve("/usr/bin/apt-get", ["apt-get", "update"], ["HOSTNAME=8f857aee2402", "SHLVL=1", "OLDPWD=/", "HOME=/root", "MAKEFLAGS=", "_=/usr/bin/pvs-studio-analyzer", "TERM=xterm", "PATH=/usr/local/sbin:/usr/local/bin:/usr/sbin:/usr/bin:/sbin:/bin", "MAKELEVEL=1", "PWD=/root", "MFLAGS="] <unfinished ...>
1782  <... vfork resumed>)              = 1783
1783  <... execve resumed>)             = 0
1783  clone(child_stack=NULL, flags=CLONE_CHILD_CLEARTID|CLONE_CHILD_SETTID|SIGCHLD, child_tidptr=0x7264552f6b10) = 1784
1784  execve("/usr/bin/dpkg", ["/usr/bin/dpkg", "--print-foreign-architectures"], ["HOSTNAME=8f857aee2402", "SHLVL=1", "OLDPWD=/", "HOME=/root", "MAKEFLAGS=", "_=/usr/bin/pvs-studio-analyzer", "TERM=xterm", "PATH=/usr/sbin:/usr/bin:/sbin:/bin", "MAKELEVEL=1", "PWD=/root", "MFLAGS="]) = 0
1784  +++ exited with 0 +++
1783  --- SIGCHLD {si_signo=SIGCHLD, si_code=CLD_EXITED, si_pid=1784, si_uid=0, si_status=0, si_utime=0, si_stime=0} ---
1783  clone(child_stack=NULL, flags=CLONE_CHILD_CLEARTID|CLONE_CHILD_SETTID|SIGCHLD, child_tidptr=0x7264552f6b10) = 1785
1785  execve("/usr/lib/apt/methods/http", ["/usr/lib/apt/methods/http"], ["HOSTNAME=8f857aee2402", "SHLVL=1", "OLDPWD=/", "HOME=/root", "MAKEFLAGS=", "_=/usr/bin/pvs-studio-analyzer", "TERM=xterm", "PATH=/usr/local/sbin:/usr/local/bin:/usr/sbin:/usr/bin:/sbin:/bin", "MAKELEVEL=1", "PWD=/root", "MFLAGS="]) = 0
1785  --- SIGINT {si_signo=SIGINT, si_code=SI_USER, si_pid=1783, si_uid=0} ---
1785  +++ exited with 100 +++
1783  --- SIGCHLD {si_signo=SIGCHLD, si_code=CLD_EXITED, si_pid=1785, si_uid=0, si_status=100, si_utime=0, si_stime=2 /* 0.02 s */} ---
1783  clone(child_stack=NULL, flags=CLONE_CHILD_CLEARTID|CLONE_CHILD_SETTID|SIGCHLD, child_tidptr=0x7264552f6b10) = 1786
1786  execve("/usr/lib/apt/methods/https", ["/usr/lib/apt/methods/https"], ["HOSTNAME=8f857aee2402", "SHLVL=1", "OLDPWD=/", "HOME=/root", "MAKEFLAGS=", "_=/usr/bin/pvs-studio-analyzer", "TERM=xterm", "PATH=/usr/local/sbin:/usr/local/bin:/usr/sbin:/usr/bin:/sbin:/bin", "MAKELEVEL=1", "PWD=/root", "MFLAGS="]) = 0
1786  --- SIGINT {si_signo=SIGINT, si_code=SI_USER, si_pid=1783, si_uid=0} ---
1786  +++ exited with 100 +++
1783  --- SIGCHLD {si_signo=SIGCHLD, si_code=CLD_EXITED, si_pid=1786, si_uid=0, si_status=100, si_utime=0, si_stime=0} ---
1783  clone(child_stack=NULL, flags=CLONE_CHILD_CLEARTID|CLONE_CHILD_SETTID|SIGCHLD, child_tidptr=0x7264552f6b10) = 1787
1787  execve("/usr/lib/apt/methods/https", ["/usr/lib/apt/methods/https"], ["HOSTNAME=8f857aee2402", "SHLVL=1", "OLDPWD=/", "HOME=/root", "MAKEFLAGS=", "_=/usr/bin/pvs-studio-analyzer", "TERM=xterm", "PATH=/usr/local/sbin:/usr/local/bin:/usr/sbin:/usr/bin:/sbin:/bin", "MAKELEVEL=1", "PWD=/root", "MFLAGS="]) = 0
1783  clone(child_stack=NULL, flags=CLONE_CHILD_CLEARTID|CLONE_CHILD_SETTID|SIGCHLD, child_tidptr=0x7264552f6b10) = 1788
1788  execve("/usr/lib/apt/methods/http", ["/usr/lib/apt/methods/http"], ["HOSTNAME=8f857aee2402", "SHLVL=1", "OLDPWD=/", "HOME=/root", "MAKEFLAGS=", "_=/usr/bin/pvs-studio-analyzer", "TERM=xterm", "PATH=/usr/local/sbin:/usr/local/bin:/usr/sbin:/usr/bin:/sbin:/bin", "MAKELEVEL=1", "PWD=/root", "MFLAGS="]) = 0
1783  clone(child_stack=NULL, flags=CLONE_CHILD_CLEARTID|CLONE_CHILD_SETTID|SIGCHLD, child_tidptr=0x7264552f6b10) = 1789
1789  execve("/usr/lib/apt/methods/gpgv", ["/usr/lib/apt/methods/gpgv"], ["HOSTNAME=8f857aee2402", "SHLVL=1", "OLDPWD=/", "HOME=/root", "MAKEFLAGS=", "_=/usr/bin/pvs-studio-analyzer", "TERM=xterm", "PATH=/usr/local/sbin:/usr/local/bin:/usr/sbin:/usr/bin:/sbin:/bin", "MAKELEVEL=1", "PWD=/root", "MFLAGS="]) = 0
1789  --- SIGINT {si_signo=SIGINT, si_code=SI_USER, si_pid=1783, si_uid=0} ---
1789  +++ killed by SIGINT +++
1783  --- SIGCHLD {si_signo=SIGCHLD, si_code=CLD_KILLED, si_pid=1789, si_uid=0, si_status=SIGINT, si_utime=0, si_stime=0} ---
1783  clone(child_stack=NULL, flags=CLONE_CHILD_CLEARTID|CLONE_CHILD_SETTID|SIGCHLD, child_tidptr=0x7264552f6b10) = 1790
1790  execve("/usr/lib/apt/methods/gpgv", ["/usr/lib/apt/methods/gpgv"], ["HOSTNAME=8f857aee2402", "SHLVL=1", "OLDPWD=/", "HOME=/root", "MAKEFLAGS=", "_=/usr/bin/pvs-studio-analyzer", "TERM=xterm", "PATH=/usr/local/sbin:/usr/local/bin:/usr/sbin:/usr/bin:/sbin:/bin", "MAKELEVEL=1", "PWD=/root", "MFLAGS="]) = 0
1790  clone(child_stack=NULL, flags=CLONE_CHILD_CLEARTID|CLONE_CHILD_SETTID|SIGCHLD, child_tidptr=0x701dd52b4b10) = 1791
1791  clone(child_stack=NULL, flags=CLONE_CHILD_CLEARTID|CLONE_CHILD_SETTID|SIGCHLD, child_tidptr=0x701dd52b4b10) = 1792
1792  execve("/usr/bin/apt-key", ["/usr/bin/apt-key", "--quiet", "--readonly", "--keyring", "/usr/share/keyrings/debian-archive-keyring.gpg", "verify", "--status-fd", "3", "/tmp/apt.sig.zWhlyk", "/tmp/apt.data.pm5FJe"], ["HOSTNAME=8f857aee2402", "SHLVL=1", "OLDPWD=/", "HOME=/nonexistent", "MAKEFLAGS=", "_=/usr/bin/pvs-studio-analyzer", "TERM=xterm", "PATH=/usr/local/sbin:/usr/local/bin:/usr/sbin:/usr/bin:/sbin:/bin", "MAKELEVEL=1", "PWD=/root", "MFLAGS=", "USER=_apt", "USERNAME=_apt", "LOGNAME=_apt", "SHELL=/bin/sh", "APT_KEY_NO_LEGACY_KEYRING=1", "APT_CONFIG=/tmp/apt.conf.SiHlQD", "APT_KEY_DONT_WARN_ON_DANGEROUS_USAGE=1", "LANG=", "LC_ALL=", "LC_MESSAGES="]) = 0
1792  clone(child_stack=NULL, flags=CLONE_CHILD_CLEARTID|CLONE_CHILD_SETTID|SIGCHLD, child_tidptr=0x7f0f2ceeda10) = 1793
1793  +++ exited with 0 +++
1792  --- SIGCHLD {si_signo=SIGCHLD, si_code=CLD_EXITED, si_pid=1793, si_uid=42, si_status=0, si_utime=0, si_stime=0} ---
1792  clone(child_stack=NULL, flags=CLONE_CHILD_CLEARTID|CLONE_CHILD_SETTID|SIGCHLD, child_tidptr=0x7f0f2ceeda10) = 1794
1794  execve("/usr/bin/apt-config", ["apt-config", "shell", "MASTER_KEYRING", "APT::Key::MasterKeyring"], ["USER=_apt", "APT_KEY_DONT_WARN_ON_DANGEROUS_USAGE=1", "HOSTNAME=8f857aee2402", "SHLVL=1", "OLDPWD=/", "HOME=/nonexistent", "APT_CONFIG=/tmp/apt.conf.SiHlQD", "APT_KEY_NO_LEGACY_KEYRING=1", "MAKEFLAGS=", "LOGNAME=_apt", "_=/usr/bin/pvs-studio-analyzer", "TERM=xterm", "USERNAME=_apt", "PATH=/usr/local/sbin:/usr/local/bin:/usr/sbin:/usr/bin:/sbin:/bin", "MAKELEVEL=1", "LANG=", "LC_MESSAGES=", "SHELL=/bin/sh", "IFS=\n\10", "PWD=/root", "LC_ALL=", "MFLAGS="]) = 0
1794  clone(child_stack=NULL, flags=CLONE_CHILD_CLEARTID|CLONE_CHILD_SETTID|SIGCHLD, child_tidptr=0x7172fa354b10) = 1795
1795  execve("/usr/bin/dpkg", ["/usr/bin/dpkg", "--print-foreign-architectures"], ["USER=_apt", "APT_KEY_DONT_WARN_ON_DANGEROUS_USAGE=1", "HOSTNAME=8f857aee2402", "SHLVL=1", "OLDPWD=/", "HOME=/nonexistent", "APT_CONFIG=/tmp/apt.conf.SiHlQD", "APT_KEY_NO_LEGACY_KEYRING=1", "MAKEFLAGS=", "LOGNAME=_apt", "_=/usr/bin/pvs-studio-analyzer", "TERM=xterm", "USERNAME=_apt", "PATH=/usr/sbin:/usr/bin:/sbin:/bin", "MAKELEVEL=1", "LANG=", "LC_MESSAGES=", "SHELL=/bin/sh", "IFS=\n\10", "PWD=/root", "LC_ALL=", "MFLAGS="]) = 0
1795  +++ exited with 0 +++
1794  --- SIGCHLD {si_signo=SIGCHLD, si_code=CLD_EXITED, si_pid=1795, si_uid=42, si_status=0, si_utime=0, si_stime=0} ---
1794  +++ exited with 0 +++
1792  --- SIGCHLD {si_signo=SIGCHLD, si_code=CLD_EXITED, si_pid=1794, si_uid=42, si_status=0, si_utime=0, si_stime=2 /* 0.02 s */} ---
1792  clone(child_stack=NULL, flags=CLONE_CHILD_CLEARTID|CLONE_CHILD_SETTID|SIGCHLD, child_tidptr=0x7f0f2ceeda10) = 1796
1796  execve("/usr/bin/apt-config", ["apt-config", "shell", "ARCHIVE_KEYRING", "APT::Key::ArchiveKeyring"], ["USER=_apt", "APT_KEY_DONT_WARN_ON_DANGEROUS_USAGE=1", "HOSTNAME=8f857aee2402", "SHLVL=1", "OLDPWD=/", "HOME=/nonexistent", "APT_CONFIG=/tmp/apt.conf.SiHlQD", "APT_KEY_NO_LEGACY_KEYRING=1", "MAKEFLAGS=", "LOGNAME=_apt", "_=/usr/bin/pvs-studio-analyzer", "TERM=xterm", "USERNAME=_apt", "PATH=/usr/local/sbin:/usr/local/bin:/usr/sbin:/usr/bin:/sbin:/bin", "MAKELEVEL=1", "LANG=", "LC_MESSAGES=", "SHELL=/bin/sh", "IFS=\n\10", "PWD=/root", "LC_ALL=", "MFLAGS="]) = 0
1796  clone(child_stack=NULL, flags=CLONE_CHILD_CLEARTID|CLONE_CHILD_SETTID|SIGCHLD, child_tidptr=0x7f0de077fb10) = 1797
1797  execve("/usr/bin/dpkg", ["/usr/bin/dpkg", "--print-foreign-architectures"], ["USER=_apt", "APT_KEY_DONT_WARN_ON_DANGEROUS_USAGE=1", "HOSTNAME=8f857aee2402", "SHLVL=1", "OLDPWD=/", "HOME=/nonexistent", "APT_CONFIG=/tmp/apt.conf.SiHlQD", "APT_KEY_NO_LEGACY_KEYRING=1", "MAKEFLAGS=", "LOGNAME=_apt", "_=/usr/bin/pvs-studio-analyzer", "TERM=xterm", "USERNAME=_apt", "PATH=/usr/sbin:/usr/bin:/sbin:/bin", "MAKELEVEL=1", "LANG=", "LC_MESSAGES=", "SHELL=/bin/sh", "IFS=\n\10", "PWD=/root", "LC_ALL=", "MFLAGS="]) = 0
1797  +++ exited with 0 +++
1796  --- SIGCHLD {si_signo=SIGCHLD, si_code=CLD_EXITED, si_pid=1797, si_uid=42, si_status=0, si_utime=0, si_stime=0} ---
1796  +++ exited with 0 +++
1792  --- SIGCHLD {si_signo=SIGCHLD, si_code=CLD_EXITED, si_pid=1796, si_uid=42, si_status=0, si_utime=0, si_stime=1 /* 0.01 s */} ---
1792  clone(child_stack=NULL, flags=CLONE_CHILD_CLEARTID|CLONE_CHILD_SETTID|SIGCHLD, child_tidptr=0x7f0f2ceeda10) = 1798
1798  execve("/usr/bin/apt-config", ["apt-config", "shell", "REMOVED_KEYS", "APT::Key::RemovedKeys"], ["USER=_apt", "APT_KEY_DONT_WARN_ON_DANGEROUS_USAGE=1", "HOSTNAME=8f857aee2402", "SHLVL=1", "OLDPWD=/", "HOME=/nonexistent", "APT_CONFIG=/tmp/apt.conf.SiHlQD", "APT_KEY_NO_LEGACY_KEYRING=1", "MAKEFLAGS=", "LOGNAME=_apt", "_=/usr/bin/pvs-studio-analyzer", "TERM=xterm", "USERNAME=_apt", "PATH=/usr/local/sbin:/usr/local/bin:/usr/sbin:/usr/bin:/sbin:/bin", "MAKELEVEL=1", "LANG=", "LC_MESSAGES=", "SHELL=/bin/sh", "IFS=\n\10", "PWD=/root", "LC_ALL=", "MFLAGS="]) = 0
1798  clone(child_stack=NULL, flags=CLONE_CHILD_CLEARTID|CLONE_CHILD_SETTID|SIGCHLD, child_tidptr=0x776844277b10) = 1799
1799  execve("/usr/bin/dpkg", ["/usr/bin/dpkg", "--print-foreign-architectures"], ["USER=_apt", "APT_KEY_DONT_WARN_ON_DANGEROUS_USAGE=1", "HOSTNAME=8f857aee2402", "SHLVL=1", "OLDPWD=/", "HOME=/nonexistent", "APT_CONFIG=/tmp/apt.conf.SiHlQD", "APT_KEY_NO_LEGACY_KEYRING=1", "MAKEFLAGS=", "LOGNAME=_apt", "_=/usr/bin/pvs-studio-analyzer", "TERM=xterm", "USERNAME=_apt", "PATH=/usr/sbin:/usr/bin:/sbin:/bin", "MAKELEVEL=1", "LANG=", "LC_MESSAGES=", "SHELL=/bin/sh", "IFS=\n\10", "PWD=/root", "LC_ALL=", "MFLAGS="]) = 0
1799  +++ exited with 0 +++
1798  --- SIGCHLD {si_signo=SIGCHLD, si_code=CLD_EXITED, si_pid=1799, si_uid=42, si_status=0, si_utime=0, si_stime=0} ---
1798  +++ exited with 0 +++
1792  --- SIGCHLD {si_signo=SIGCHLD, si_code=CLD_EXITED, si_pid=1798, si_uid=42, si_status=0, si_utime=0, si_stime=1 /* 0.01 s */} ---
1792  clone(child_stack=NULL, flags=CLONE_CHILD_CLEARTID|CLONE_CHILD_SETTID|SIGCHLD, child_tidptr=0x7f0f2ceeda10) = 1800
1800  execve("/usr/bin/apt-config", ["apt-config", "shell", "ARCHIVE_KEYRING_URI", "APT::Key::ArchiveKeyringURI"], ["USER=_apt", "APT_KEY_DONT_WARN_ON_DANGEROUS_USAGE=1", "HOSTNAME=8f857aee2402", "SHLVL=1", "OLDPWD=/", "HOME=/nonexistent", "APT_CONFIG=/tmp/apt.conf.SiHlQD", "APT_KEY_NO_LEGACY_KEYRING=1", "MAKEFLAGS=", "LOGNAME=_apt", "_=/usr/bin/pvs-studio-analyzer", "TERM=xterm", "USERNAME=_apt", "PATH=/usr/local/sbin:/usr/local/bin:/usr/sbin:/usr/bin:/sbin:/bin", "MAKELEVEL=1", "LANG=", "LC_MESSAGES=", "SHELL=/bin/sh", "IFS=\n\10", "PWD=/root", "LC_ALL=", "MFLAGS="]) = 0
1800  clone(child_stack=NULL, flags=CLONE_CHILD_CLEARTID|CLONE_CHILD_SETTID|SIGCHLD, child_tidptr=0x7d6ba6f0db10) = 1801
1801  execve("/usr/bin/dpkg", ["/usr/bin/dpkg", "--print-foreign-architectures"], ["USER=_apt", "APT_KEY_DONT_WARN_ON_DANGEROUS_USAGE=1", "HOSTNAME=8f857aee2402", "SHLVL=1", "OLDPWD=/", "HOME=/nonexistent", "APT_CONFIG=/tmp/apt.conf.SiHlQD", "APT_KEY_NO_LEGACY_KEYRING=1", "MAKEFLAGS=", "LOGNAME=_apt", "_=/usr/bin/pvs-studio-analyzer", "TERM=xterm", "USERNAME=_apt", "PATH=/usr/sbin:/usr/bin:/sbin:/bin", "MAKELEVEL=1", "LANG=", "LC_MESSAGES=", "SHELL=/bin/sh", "IFS=\n\10", "PWD=/root", "LC_ALL=", "MFLAGS="]) = 0
1801  +++ exited with 0 +++
1800  --- SIGCHLD {si_signo=SIGCHLD, si_code=CLD_EXITED, si_pid=1801, si_uid=42, si_status=0, si_utime=0, si_stime=0} ---
1800  +++ exited with 0 +++
1792  --- SIGCHLD {si_signo=SIGCHLD, si_code=CLD_EXITED, si_pid=1800, si_uid=42, si_status=0, si_utime=0, si_stime=2 /* 0.02 s */} ---
1792  clone(child_stack=NULL, flags=CLONE_CHILD_CLEARTID|CLONE_CHILD_SETTID|SIGCHLD, child_tidptr=0x7f0f2ceeda10) = 1802
1802  +++ exited with 0 +++
1792  --- SIGCHLD {si_signo=SIGCHLD, si_code=CLD_EXITED, si_pid=1802, si_uid=42, si_status=0, si_utime=0, si_stime=0} ---
1792  clone(child_stack=NULL, flags=CLONE_CHILD_CLEARTID|CLONE_CHILD_SETTID|SIGCHLD, child_tidptr=0x7f0f2ceeda10) = 1803
1803  execve("/usr/bin/apt-config", ["apt-config", "shell", "GPGV", "Apt::Key::gpgvcommand"], ["USER=_apt", "APT_KEY_DONT_WARN_ON_DANGEROUS_USAGE=1", "HOSTNAME=8f857aee2402", "SHLVL=1", "OLDPWD=/", "HOME=/nonexistent", "APT_CONFIG=/tmp/apt.conf.SiHlQD", "APT_KEY_NO_LEGACY_KEYRING=1", "MAKEFLAGS=", "LOGNAME=_apt", "_=/usr/bin/pvs-studio-analyzer", "TERM=xterm", "USERNAME=_apt", "PATH=/usr/local/sbin:/usr/local/bin:/usr/sbin:/usr/bin:/sbin:/bin", "MAKELEVEL=1", "LANG=", "LC_MESSAGES=", "SHELL=/bin/sh", "IFS=\n\10", "PWD=/root", "LC_ALL=", "MFLAGS="]) = 0
1803  clone(child_stack=NULL, flags=CLONE_CHILD_CLEARTID|CLONE_CHILD_SETTID|SIGCHLD, child_tidptr=0x78300fb1fb10) = 1804
1804  execve("/usr/bin/dpkg", ["/usr/bin/dpkg", "--print-foreign-architectures"], ["USER=_apt", "APT_KEY_DONT_WARN_ON_DANGEROUS_USAGE=1", "HOSTNAME=8f857aee2402", "SHLVL=1", "OLDPWD=/", "HOME=/nonexistent", "APT_CONFIG=/tmp/apt.conf.SiHlQD", "APT_KEY_NO_LEGACY_KEYRING=1", "MAKEFLAGS=", "LOGNAME=_apt", "_=/usr/bin/pvs-studio-analyzer", "TERM=xterm", "USERNAME=_apt", "PATH=/usr/sbin:/usr/bin:/sbin:/bin", "MAKELEVEL=1", "LANG=", "LC_MESSAGES=", "SHELL=/bin/sh", "IFS=\n\10", "PWD=/root", "LC_ALL=", "MFLAGS="]) = 0
1804  +++ exited with 0 +++
1803  --- SIGCHLD {si_signo=SIGCHLD, si_code=CLD_EXITED, si_pid=1804, si_uid=42, si_status=0, si_utime=0, si_stime=0} ---
1803  +++ exited with 0 +++
1792  --- SIGCHLD {si_signo=SIGCHLD, si_code=CLD_EXITED, si_pid=1803, si_uid=42, si_status=0, si_utime=1 /* 0.01 s */, si_stime=0} ---
1792  clone(child_stack=NULL, flags=CLONE_CHILD_CLEARTID|CLONE_CHILD_SETTID|SIGCHLD, child_tidptr=0x7f0f2ceeda10) = 1805
1805  execve("/usr/bin/mktemp", ["mktemp", "--directory", "--tmpdir", "apt-key-gpghome.XXXXXXXXXX"], ["USER=_apt", "APT_KEY_DONT_WARN_ON_DANGEROUS_USAGE=1", "HOSTNAME=8f857aee2402", "SHLVL=1", "OLDPWD=/", "HOME=/nonexistent", "APT_CONFIG=/tmp/apt.conf.SiHlQD", "APT_KEY_NO_LEGACY_KEYRING=1", "MAKEFLAGS=", "LOGNAME=_apt", "_=/usr/bin/pvs-studio-analyzer", "TERM=xterm", "USERNAME=_apt", "PATH=/usr/local/sbin:/usr/local/bin:/usr/sbin:/usr/bin:/sbin:/bin", "MAKELEVEL=1", "LANG=", "LC_MESSAGES=", "SHELL=/bin/sh", "IFS=\n\10", "PWD=/root", "LC_ALL=", "MFLAGS="]) = 0
1805  +++ exited with 0 +++
1792  --- SIGCHLD {si_signo=SIGCHLD, si_code=CLD_EXITED, si_pid=1805, si_uid=42, si_status=0, si_utime=0, si_stime=0} ---
1792  vfork( <unfinished ...>
1806  execve("/usr/bin/chmod", ["chmod", "700", "/tmp/apt-key-gpghome.aYOonfw4z6"], ["USER=_apt", "APT_KEY_DONT_WARN_ON_DANGEROUS_USAGE=1", "HOSTNAME=8f857aee2402", "SHLVL=1", "OLDPWD=/", "HOME=/nonexistent", "APT_CONFIG=/tmp/apt.conf.SiHlQD", "APT_KEY_NO_LEGACY_KEYRING=1", "MAKEFLAGS=", "LOGNAME=_apt", "_=/usr/bin/pvs-studio-analyzer", "TERM=xterm", "USERNAME=_apt", "PATH=/usr/local/sbin:/usr/local/bin:/usr/sbin:/usr/bin:/sbin:/bin", "MAKELEVEL=1", "LANG=", "LC_MESSAGES=", "SHELL=/bin/sh", "IFS=\n\10", "PWD=/root", "LC_ALL=", "MFLAGS="] <unfinished ...>
1792  <... vfork resumed>)              = 1806
1806  <... execve resumed>)             = 0
1806  +++ exited with 0 +++
1792  --- SIGCHLD {si_signo=SIGCHLD, si_code=CLD_EXITED, si_pid=1806, si_uid=42, si_status=0, si_utime=0, si_stime=0} ---
1792  clone(child_stack=NULL, flags=CLONE_CHILD_CLEARTID|CLONE_CHILD_SETTID|SIGCHLD, child_tidptr=0x7f0f2ceeda10) = 1807
1807  +++ exited with 0 +++
1792  --- SIGCHLD {si_signo=SIGCHLD, si_code=CLD_EXITED, si_pid=1807, si_uid=42, si_status=0, si_utime=0, si_stime=0} ---
1792  clone(child_stack=NULL, flags=CLONE_CHILD_CLEARTID|CLONE_CHILD_SETTID|SIGCHLD, child_tidptr=0x7f0f2ceeda10) = 1808
1808  clone(child_stack=NULL, flags=CLONE_CHILD_CLEARTID|CLONE_CHILD_SETTID|SIGCHLD, child_tidptr=0x7f0f2ceeda10) = 1809
1809  +++ exited with 0 +++
1808  --- SIGCHLD {si_signo=SIGCHLD, si_code=CLD_EXITED, si_pid=1809, si_uid=42, si_status=0, si_utime=0, si_stime=0} ---
1808  clone(child_stack=NULL, flags=CLONE_CHILD_CLEARTID|CLONE_CHILD_SETTID|SIGCHLD, child_tidptr=0x7f0f2ceeda10) = 1810
1810  execve("/usr/bin/sed", ["sed", "-e", "s#'#'\"'\"'#g"], ["USER=_apt", "APT_KEY_DONT_WARN_ON_DANGEROUS_USAGE=1", "HOSTNAME=8f857aee2402", "SHLVL=1", "OLDPWD=/", "HOME=/nonexistent", "APT_CONFIG=/tmp/apt.conf.SiHlQD", "APT_KEY_NO_LEGACY_KEYRING=1", "MAKEFLAGS=", "LOGNAME=_apt", "_=/usr/bin/pvs-studio-analyzer", "TERM=xterm", "USERNAME=_apt", "PATH=/usr/local/sbin:/usr/local/bin:/usr/sbin:/usr/bin:/sbin:/bin", "MAKELEVEL=1", "LANG=", "LC_MESSAGES=", "SHELL=/bin/sh", "IFS=\n\10", "PWD=/root", "LC_ALL=", "MFLAGS="]) = 0
1810  +++ exited with 0 +++
1808  --- SIGCHLD {si_signo=SIGCHLD, si_code=CLD_EXITED, si_pid=1810, si_uid=42, si_status=0, si_utime=0, si_stime=0} ---
1808  +++ exited with 0 +++
1792  --- SIGCHLD {si_signo=SIGCHLD, si_code=CLD_EXITED, si_pid=1808, si_uid=42, si_status=0, si_utime=0, si_stime=0} ---
1792  clone(child_stack=NULL, flags=CLONE_CHILD_CLEARTID|CLONE_CHILD_SETTID|SIGCHLD, child_tidptr=0x7f0f2ceeda10) = 1811
1811  clone(child_stack=NULL, flags=CLONE_CHILD_CLEARTID|CLONE_CHILD_SETTID|SIGCHLD, child_tidptr=0x7f0f2ceeda10) = 1812
1812  +++ exited with 0 +++
1811  clone(child_stack=NULL, flags=CLONE_CHILD_CLEARTID|CLONE_CHILD_SETTID|SIGCHLD, child_tidptr=0x7f0f2ceeda10) = ? ERESTARTNOINTR (To be restarted)
1811  --- SIGCHLD {si_signo=SIGCHLD, si_code=CLD_EXITED, si_pid=1812, si_uid=42, si_status=0, si_utime=0, si_stime=0} ---
1811  clone(child_stack=NULL, flags=CLONE_CHILD_CLEARTID|CLONE_CHILD_SETTID|SIGCHLD, child_tidptr=0x7f0f2ceeda10) = 1813
1813  execve("/usr/bin/sed", ["sed", "-e", "s#'#'\"'\"'#g"], ["USER=_apt", "APT_KEY_DONT_WARN_ON_DANGEROUS_USAGE=1", "HOSTNAME=8f857aee2402", "SHLVL=1", "OLDPWD=/", "HOME=/nonexistent", "APT_CONFIG=/tmp/apt.conf.SiHlQD", "APT_KEY_NO_LEGACY_KEYRING=1", "MAKEFLAGS=", "LOGNAME=_apt", "_=/usr/bin/pvs-studio-analyzer", "TERM=xterm", "USERNAME=_apt", "PATH=/usr/local/sbin:/usr/local/bin:/usr/sbin:/usr/bin:/sbin:/bin", "MAKELEVEL=1", "LANG=", "LC_MESSAGES=", "SHELL=/bin/sh", "IFS=\n\10", "PWD=/root", "LC_ALL=", "MFLAGS="]) = 0
1813  +++ exited with 0 +++
1811  --- SIGCHLD {si_signo=SIGCHLD, si_code=CLD_EXITED, si_pid=1813, si_uid=42, si_status=0, si_utime=0, si_stime=0} ---
1811  +++ exited with 0 +++
1792  --- SIGCHLD {si_signo=SIGCHLD, si_code=CLD_EXITED, si_pid=1811, si_uid=42, si_status=0, si_utime=0, si_stime=0} ---
1792  clone(child_stack=NULL, flags=CLONE_CHILD_CLEARTID|CLONE_CHILD_SETTID|SIGCHLD, child_tidptr=0x7f0f2ceeda10) = 1814
1814  +++ exited with 0 +++
1792  --- SIGCHLD {si_signo=SIGCHLD, si_code=CLD_EXITED, si_pid=1814, si_uid=42, si_status=0, si_utime=0, si_stime=0} ---
1792  vfork( <unfinished ...>
1815  execve("/usr/bin/gpgv", ["gpgv", "--homedir", "/tmp/apt-key-gpghome.aYOonfw4z6", "--keyring", "/usr/share/keyrings/debian-archive-keyring.gpg", "--ignore-time-conflict", "--status-fd", "3", "/tmp/apt.sig.zWhlyk", "/tmp/apt.data.pm5FJe"], ["USER=_apt", "APT_KEY_DONT_WARN_ON_DANGEROUS_USAGE=1", "HOSTNAME=8f857aee2402", "SHLVL=1", "OLDPWD=/", "HOME=/nonexistent", "APT_CONFIG=/tmp/apt.conf.SiHlQD", "APT_KEY_NO_LEGACY_KEYRING=1", "MAKEFLAGS=", "LOGNAME=_apt", "_=/usr/bin/pvs-studio-analyzer", "TERM=xterm", "USERNAME=_apt", "PATH=/usr/local/sbin:/usr/local/bin:/usr/sbin:/usr/bin:/sbin:/bin", "MAKELEVEL=1", "LANG=", "LC_MESSAGES=", "SHELL=/bin/sh", "IFS=\n\10", "PWD=/root", "LC_ALL=", "MFLAGS="] <unfinished ...>
1792  <... vfork resumed>)              = 1815
1815  <... execve resumed>)             = 0
1815  +++ exited with 2 +++
1792  --- SIGCHLD {si_signo=SIGCHLD, si_code=CLD_EXITED, si_pid=1815, si_uid=42, si_status=2, si_utime=0, si_stime=0} ---
1792  vfork( <unfinished ...>
1816  execve("/usr/bin/rm", ["rm", "-rf", "/tmp/apt-key-gpghome.aYOonfw4z6"], ["USER=_apt", "APT_KEY_DONT_WARN_ON_DANGEROUS_USAGE=1", "HOSTNAME=8f857aee2402", "SHLVL=1", "OLDPWD=/", "HOME=/nonexistent", "APT_CONFIG=/tmp/apt.conf.SiHlQD", "APT_KEY_NO_LEGACY_KEYRING=1", "MAKEFLAGS=", "LOGNAME=_apt", "_=/usr/bin/pvs-studio-analyzer", "TERM=xterm", "USERNAME=_apt", "PATH=/usr/local/sbin:/usr/local/bin:/usr/sbin:/usr/bin:/sbin:/bin", "MAKELEVEL=1", "LANG=", "LC_MESSAGES=", "SHELL=/bin/sh", "IFS=\n\10", "PWD=/root", "LC_ALL=", "MFLAGS="] <unfinished ...>
1792  <... vfork resumed>)              = 1816
1816  <... execve resumed>)             = 0
1816  +++ exited with 0 +++
1792  --- SIGCHLD {si_signo=SIGCHLD, si_code=CLD_EXITED, si_pid=1816, si_uid=42, si_status=0, si_utime=0, si_stime=0} ---
1792  +++ exited with 2 +++
1791  --- SIGCHLD {si_signo=SIGCHLD, si_code=CLD_EXITED, si_pid=1792, si_uid=42, si_status=2, si_utime=0, si_stime=0} ---
1791  +++ exited with 2 +++
1790  --- SIGCHLD {si_signo=SIGCHLD, si_code=CLD_EXITED, si_pid=1791, si_uid=42, si_status=2, si_utime=0, si_stime=11 /* 0.11 s */} ---
1790  clone(child_stack=NULL, flags=CLONE_CHILD_CLEARTID|CLONE_CHILD_SETTID|SIGCHLD, child_tidptr=0x701dd52b4b10) = 1817
1817  clone(child_stack=NULL, flags=CLONE_CHILD_CLEARTID|CLONE_CHILD_SETTID|SIGCHLD, child_tidptr=0x701dd52b4b10) = 1818
1818  execve("/usr/bin/apt-key", ["/usr/bin/apt-key", "--quiet", "--readonly", "--keyring", "/usr/share/keyrings/debian-archive-keyring.gpg", "verify", "--status-fd", "3", "/tmp/apt.sig.CsEUsQ", "/tmp/apt.data.bV9OHd"], ["HOSTNAME=8f857aee2402", "SHLVL=1", "OLDPWD=/", "HOME=/nonexistent", "MAKEFLAGS=", "_=/usr/bin/pvs-studio-analyzer", "TERM=xterm", "PATH=/usr/local/sbin:/usr/local/bin:/usr/sbin:/usr/bin:/sbin:/bin", "MAKELEVEL=1", "PWD=/root", "MFLAGS=", "USER=_apt", "USERNAME=_apt", "LOGNAME=_apt", "SHELL=/bin/sh", "APT_KEY_NO_LEGACY_KEYRING=1", "APT_CONFIG=/tmp/apt.conf.Wo7aj2", "APT_KEY_DONT_WARN_ON_DANGEROUS_USAGE=1", "LANG=", "LC_ALL=", "LC_MESSAGES="]) = 0
1818  clone(child_stack=NULL, flags=CLONE_CHILD_CLEARTID|CLONE_CHILD_SETTID|SIGCHLD, child_tidptr=0x7611a054da10) = 1819
1819  +++ exited with 0 +++
1818  --- SIGCHLD {si_signo=SIGCHLD, si_code=CLD_EXITED, si_pid=1819, si_uid=42, si_status=0, si_utime=0, si_stime=0} ---
1818  clone(child_stack=NULL, flags=CLONE_CHILD_CLEARTID|CLONE_CHILD_SETTID|SIGCHLD, child_tidptr=0x7611a054da10) = 1820
1820  execve("/usr/bin/apt-config", ["apt-config", "shell", "MASTER_KEYRING", "APT::Key::MasterKeyring"], ["USER=_apt", "APT_KEY_DONT_WARN_ON_DANGEROUS_USAGE=1", "HOSTNAME=8f857aee2402", "SHLVL=1", "OLDPWD=/", "HOME=/nonexistent", "APT_CONFIG=/tmp/apt.conf.Wo7aj2", "APT_KEY_NO_LEGACY_KEYRING=1", "MAKEFLAGS=", "LOGNAME=_apt", "_=/usr/bin/pvs-studio-analyzer", "TERM=xterm", "USERNAME=_apt", "PATH=/usr/local/sbin:/usr/local/bin:/usr/sbin:/usr/bin:/sbin:/bin", "MAKELEVEL=1", "LANG=", "LC_MESSAGES=", "SHELL=/bin/sh", "IFS=\n\10", "PWD=/root", "LC_ALL=", "MFLAGS="]) = 0
1820  clone(child_stack=NULL, flags=CLONE_CHILD_CLEARTID|CLONE_CHILD_SETTID|SIGCHLD, child_tidptr=0x724427f6db10) = 1821
1821  execve("/usr/bin/dpkg", ["/usr/bin/dpkg", "--print-foreign-architectures"], ["USER=_apt", "APT_KEY_DONT_WARN_ON_DANGEROUS_USAGE=1", "HOSTNAME=8f857aee2402", "SHLVL=1", "OLDPWD=/", "HOME=/nonexistent", "APT_CONFIG=/tmp/apt.conf.Wo7aj2", "APT_KEY_NO_LEGACY_KEYRING=1", "MAKEFLAGS=", "LOGNAME=_apt", "_=/usr/bin/pvs-studio-analyzer", "TERM=xterm", "USERNAME=_apt", "PATH=/usr/sbin:/usr/bin:/sbin:/bin", "MAKELEVEL=1", "LANG=", "LC_MESSAGES=", "SHELL=/bin/sh", "IFS=\n\10", "PWD=/root", "LC_ALL=", "MFLAGS="]) = 0
1821  +++ exited with 0 +++
1820  --- SIGCHLD {si_signo=SIGCHLD, si_code=CLD_EXITED, si_pid=1821, si_uid=42, si_status=0, si_utime=0, si_stime=0} ---
1820  +++ exited with 0 +++
1818  --- SIGCHLD {si_signo=SIGCHLD, si_code=CLD_EXITED, si_pid=1820, si_uid=42, si_status=0, si_utime=0, si_stime=0} ---
1818  clone(child_stack=NULL, flags=CLONE_CHILD_CLEARTID|CLONE_CHILD_SETTID|SIGCHLD, child_tidptr=0x7611a054da10) = 1822
1822  execve("/usr/bin/apt-config", ["apt-config", "shell", "ARCHIVE_KEYRING", "APT::Key::ArchiveKeyring"], ["USER=_apt", "APT_KEY_DONT_WARN_ON_DANGEROUS_USAGE=1", "HOSTNAME=8f857aee2402", "SHLVL=1", "OLDPWD=/", "HOME=/nonexistent", "APT_CONFIG=/tmp/apt.conf.Wo7aj2", "APT_KEY_NO_LEGACY_KEYRING=1", "MAKEFLAGS=", "LOGNAME=_apt", "_=/usr/bin/pvs-studio-analyzer", "TERM=xterm", "USERNAME=_apt", "PATH=/usr/local/sbin:/usr/local/bin:/usr/sbin:/usr/bin:/sbin:/bin", "MAKELEVEL=1", "LANG=", "LC_MESSAGES=", "SHELL=/bin/sh", "IFS=\n\10", "PWD=/root", "LC_ALL=", "MFLAGS="]) = 0
1822  clone(child_stack=NULL, flags=CLONE_CHILD_CLEARTID|CLONE_CHILD_SETTID|SIGCHLD, child_tidptr=0x7876846f7b10) = 1823
1823  execve("/usr/bin/dpkg", ["/usr/bin/dpkg", "--print-foreign-architectures"], ["USER=_apt", "APT_KEY_DONT_WARN_ON_DANGEROUS_USAGE=1", "HOSTNAME=8f857aee2402", "SHLVL=1", "OLDPWD=/", "HOME=/nonexistent", "APT_CONFIG=/tmp/apt.conf.Wo7aj2", "APT_KEY_NO_LEGACY_KEYRING=1", "MAKEFLAGS=", "LOGNAME=_apt", "_=/usr/bin/pvs-studio-analyzer", "TERM=xterm", "USERNAME=_apt", "PATH=/usr/sbin:/usr/bin:/sbin:/bin", "MAKELEVEL=1", "LANG=", "LC_MESSAGES=", "SHELL=/bin/sh", "IFS=\n\10", "PWD=/root", "LC_ALL=", "MFLAGS="]) = 0
1823  +++ exited with 0 +++
1822  --- SIGCHLD {si_signo=SIGCHLD, si_code=CLD_EXITED, si_pid=1823, si_uid=42, si_status=0, si_utime=0, si_stime=0} ---
1822  +++ exited with 0 +++
1818  --- SIGCHLD {si_signo=SIGCHLD, si_code=CLD_EXITED, si_pid=1822, si_uid=42, si_status=0, si_utime=0, si_stime=1 /* 0.01 s */} ---
1818  clone(child_stack=NULL, flags=CLONE_CHILD_CLEARTID|CLONE_CHILD_SETTID|SIGCHLD, child_tidptr=0x7611a054da10) = 1824
1824  execve("/usr/bin/apt-config", ["apt-config", "shell", "REMOVED_KEYS", "APT::Key::RemovedKeys"], ["USER=_apt", "APT_KEY_DONT_WARN_ON_DANGEROUS_USAGE=1", "HOSTNAME=8f857aee2402", "SHLVL=1", "OLDPWD=/", "HOME=/nonexistent", "APT_CONFIG=/tmp/apt.conf.Wo7aj2", "APT_KEY_NO_LEGACY_KEYRING=1", "MAKEFLAGS=", "LOGNAME=_apt", "_=/usr/bin/pvs-studio-analyzer", "TERM=xterm", "USERNAME=_apt", "PATH=/usr/local/sbin:/usr/local/bin:/usr/sbin:/usr/bin:/sbin:/bin", "MAKELEVEL=1", "LANG=", "LC_MESSAGES=", "SHELL=/bin/sh", "IFS=\n\10", "PWD=/root", "LC_ALL=", "MFLAGS="]) = 0
1824  clone(child_stack=NULL, flags=CLONE_CHILD_CLEARTID|CLONE_CHILD_SETTID|SIGCHLD, child_tidptr=0x704bc75deb10) = 1825
1825  execve("/usr/bin/dpkg", ["/usr/bin/dpkg", "--print-foreign-architectures"], ["USER=_apt", "APT_KEY_DONT_WARN_ON_DANGEROUS_USAGE=1", "HOSTNAME=8f857aee2402", "SHLVL=1", "OLDPWD=/", "HOME=/nonexistent", "APT_CONFIG=/tmp/apt.conf.Wo7aj2", "APT_KEY_NO_LEGACY_KEYRING=1", "MAKEFLAGS=", "LOGNAME=_apt", "_=/usr/bin/pvs-studio-analyzer", "TERM=xterm", "USERNAME=_apt", "PATH=/usr/sbin:/usr/bin:/sbin:/bin", "MAKELEVEL=1", "LANG=", "LC_MESSAGES=", "SHELL=/bin/sh", "IFS=\n\10", "PWD=/root", "LC_ALL=", "MFLAGS="]) = 0
1825  +++ exited with 0 +++
1824  --- SIGCHLD {si_signo=SIGCHLD, si_code=CLD_EXITED, si_pid=1825, si_uid=42, si_status=0, si_utime=0, si_stime=0} ---
1824  +++ exited with 0 +++
1818  --- SIGCHLD {si_signo=SIGCHLD, si_code=CLD_EXITED, si_pid=1824, si_uid=42, si_status=0, si_utime=0, si_stime=2 /* 0.02 s */} ---
1818  clone(child_stack=NULL, flags=CLONE_CHILD_CLEARTID|CLONE_CHILD_SETTID|SIGCHLD, child_tidptr=0x7611a054da10) = 1826
1826  execve("/usr/bin/apt-config", ["apt-config", "shell", "ARCHIVE_KEYRING_URI", "APT::Key::ArchiveKeyringURI"], ["USER=_apt", "APT_KEY_DONT_WARN_ON_DANGEROUS_USAGE=1", "HOSTNAME=8f857aee2402", "SHLVL=1", "OLDPWD=/", "HOME=/nonexistent", "APT_CONFIG=/tmp/apt.conf.Wo7aj2", "APT_KEY_NO_LEGACY_KEYRING=1", "MAKEFLAGS=", "LOGNAME=_apt", "_=/usr/bin/pvs-studio-analyzer", "TERM=xterm", "USERNAME=_apt", "PATH=/usr/local/sbin:/usr/local/bin:/usr/sbin:/usr/bin:/sbin:/bin", "MAKELEVEL=1", "LANG=", "LC_MESSAGES=", "SHELL=/bin/sh", "IFS=\n\10", "PWD=/root", "LC_ALL=", "MFLAGS="]) = 0
1826  clone(child_stack=NULL, flags=CLONE_CHILD_CLEARTID|CLONE_CHILD_SETTID|SIGCHLD, child_tidptr=0x7700d3d73b10) = 1827
1827  execve("/usr/bin/dpkg", ["/usr/bin/dpkg", "--print-foreign-architectures"], ["USER=_apt", "APT_KEY_DONT_WARN_ON_DANGEROUS_USAGE=1", "HOSTNAME=8f857aee2402", "SHLVL=1", "OLDPWD=/", "HOME=/nonexistent", "APT_CONFIG=/tmp/apt.conf.Wo7aj2", "APT_KEY_NO_LEGACY_KEYRING=1", "MAKEFLAGS=", "LOGNAME=_apt", "_=/usr/bin/pvs-studio-analyzer", "TERM=xterm", "USERNAME=_apt", "PATH=/usr/sbin:/usr/bin:/sbin:/bin", "MAKELEVEL=1", "LANG=", "LC_MESSAGES=", "SHELL=/bin/sh", "IFS=\n\10", "PWD=/root", "LC_ALL=", "MFLAGS="]) = 0
1827  +++ exited with 0 +++
1826  --- SIGCHLD {si_signo=SIGCHLD, si_code=CLD_EXITED, si_pid=1827, si_uid=42, si_status=0, si_utime=0, si_stime=0} ---
1826  +++ exited with 0 +++
1818  --- SIGCHLD {si_signo=SIGCHLD, si_code=CLD_EXITED, si_pid=1826, si_uid=42, si_status=0, si_utime=0, si_stime=1 /* 0.01 s */} ---
1818  clone(child_stack=NULL, flags=CLONE_CHILD_CLEARTID|CLONE_CHILD_SETTID|SIGCHLD, child_tidptr=0x7611a054da10) = 1828
1828  +++ exited with 0 +++
1818  --- SIGCHLD {si_signo=SIGCHLD, si_code=CLD_EXITED, si_pid=1828, si_uid=42, si_status=0, si_utime=0, si_stime=0} ---
1818  clone(child_stack=NULL, flags=CLONE_CHILD_CLEARTID|CLONE_CHILD_SETTID|SIGCHLD, child_tidptr=0x7611a054da10) = 1829
1829  execve("/usr/bin/apt-config", ["apt-config", "shell", "GPGV", "Apt::Key::gpgvcommand"], ["USER=_apt", "APT_KEY_DONT_WARN_ON_DANGEROUS_USAGE=1", "HOSTNAME=8f857aee2402", "SHLVL=1", "OLDPWD=/", "HOME=/nonexistent", "APT_CONFIG=/tmp/apt.conf.Wo7aj2", "APT_KEY_NO_LEGACY_KEYRING=1", "MAKEFLAGS=", "LOGNAME=_apt", "_=/usr/bin/pvs-studio-analyzer", "TERM=xterm", "USERNAME=_apt", "PATH=/usr/local/sbin:/usr/local/bin:/usr/sbin:/usr/bin:/sbin:/bin", "MAKELEVEL=1", "LANG=", "LC_MESSAGES=", "SHELL=/bin/sh", "IFS=\n\10", "PWD=/root", "LC_ALL=", "MFLAGS="]) = 0
1829  clone(child_stack=NULL, flags=CLONE_CHILD_CLEARTID|CLONE_CHILD_SETTID|SIGCHLD, child_tidptr=0x77432c267b10) = 1830
1830  execve("/usr/bin/dpkg", ["/usr/bin/dpkg", "--print-foreign-architectures"], ["USER=_apt", "APT_KEY_DONT_WARN_ON_DANGEROUS_USAGE=1", "HOSTNAME=8f857aee2402", "SHLVL=1", "OLDPWD=/", "HOME=/nonexistent", "APT_CONFIG=/tmp/apt.conf.Wo7aj2", "APT_KEY_NO_LEGACY_KEYRING=1", "MAKEFLAGS=", "LOGNAME=_apt", "_=/usr/bin/pvs-studio-analyzer", "TERM=xterm", "USERNAME=_apt", "PATH=/usr/sbin:/usr/bin:/sbin:/bin", "MAKELEVEL=1", "LANG=", "LC_MESSAGES=", "SHELL=/bin/sh", "IFS=\n\10", "PWD=/root", "LC_ALL=", "MFLAGS="]) = 0
1830  +++ exited with 0 +++
1829  --- SIGCHLD {si_signo=SIGCHLD, si_code=CLD_EXITED, si_pid=1830, si_uid=42, si_status=0, si_utime=0, si_stime=0} ---
1829  +++ exited with 0 +++
1818  --- SIGCHLD {si_signo=SIGCHLD, si_code=CLD_EXITED, si_pid=1829, si_uid=42, si_status=0, si_utime=0, si_stime=2 /* 0.02 s */} ---
1818  clone(child_stack=NULL, flags=CLONE_CHILD_CLEARTID|CLONE_CHILD_SETTID|SIGCHLD, child_tidptr=0x7611a054da10) = 1831
1831  execve("/usr/bin/mktemp", ["mktemp", "--directory", "--tmpdir", "apt-key-gpghome.XXXXXXXXXX"], ["USER=_apt", "APT_KEY_DONT_WARN_ON_DANGEROUS_USAGE=1", "HOSTNAME=8f857aee2402", "SHLVL=1", "OLDPWD=/", "HOME=/nonexistent", "APT_CONFIG=/tmp/apt.conf.Wo7aj2", "APT_KEY_NO_LEGACY_KEYRING=1", "MAKEFLAGS=", "LOGNAME=_apt", "_=/usr/bin/pvs-studio-analyzer", "TERM=xterm", "USERNAME=_apt", "PATH=/usr/local/sbin:/usr/local/bin:/usr/sbin:/usr/bin:/sbin:/bin", "MAKELEVEL=1", "LANG=", "LC_MESSAGES=", "SHELL=/bin/sh", "IFS=\n\10", "PWD=/root", "LC_ALL=", "MFLAGS="]) = 0
1831  +++ exited with 0 +++
1818  --- SIGCHLD {si_signo=SIGCHLD, si_code=CLD_EXITED, si_pid=1831, si_uid=42, si_status=0, si_utime=0, si_stime=0} ---
1818  vfork( <unfinished ...>
1832  execve("/usr/bin/chmod", ["chmod", "700", "/tmp/apt-key-gpghome.i3LRSOd6VS"], ["USER=_apt", "APT_KEY_DONT_WARN_ON_DANGEROUS_USAGE=1", "HOSTNAME=8f857aee2402", "SHLVL=1", "OLDPWD=/", "HOME=/nonexistent", "APT_CONFIG=/tmp/apt.conf.Wo7aj2", "APT_KEY_NO_LEGACY_KEYRING=1", "MAKEFLAGS=", "LOGNAME=_apt", "_=/usr/bin/pvs-studio-analyzer", "TERM=xterm", "USERNAME=_apt", "PATH=/usr/local/sbin:/usr/local/bin:/usr/sbin:/usr/bin:/sbin:/bin", "MAKELEVEL=1", "LANG=", "LC_MESSAGES=", "SHELL=/bin/sh", "IFS=\n\10", "PWD=/root", "LC_ALL=", "MFLAGS="] <unfinished ...>
1818  <... vfork resumed>)              = 1832
1832  <... execve resumed>)             = 0
1832  +++ exited with 0 +++
1818  --- SIGCHLD {si_signo=SIGCHLD, si_code=CLD_EXITED, si_pid=1832, si_uid=42, si_status=0, si_utime=0, si_stime=0} ---
1818  clone(child_stack=NULL, flags=CLONE_CHILD_CLEARTID|CLONE_CHILD_SETTID|SIGCHLD, child_tidptr=0x7611a054da10) = 1833
1833  +++ exited with 0 +++
1818  --- SIGCHLD {si_signo=SIGCHLD, si_code=CLD_EXITED, si_pid=1833, si_uid=42, si_status=0, si_utime=0, si_stime=0} ---
1818  clone(child_stack=NULL, flags=CLONE_CHILD_CLEARTID|CLONE_CHILD_SETTID|SIGCHLD, child_tidptr=0x7611a054da10) = 1834
1834  clone(child_stack=NULL, flags=CLONE_CHILD_CLEARTID|CLONE_CHILD_SETTID|SIGCHLD, child_tidptr=0x7611a054da10) = 1835
1835  +++ exited with 0 +++
1834  --- SIGCHLD {si_signo=SIGCHLD, si_code=CLD_EXITED, si_pid=1835, si_uid=42, si_status=0, si_utime=0, si_stime=0} ---
1834  clone(child_stack=NULL, flags=CLONE_CHILD_CLEARTID|CLONE_CHILD_SETTID|SIGCHLD, child_tidptr=0x7611a054da10) = 1836
1836  execve("/usr/bin/sed", ["sed", "-e", "s#'#'\"'\"'#g"], ["USER=_apt", "APT_KEY_DONT_WARN_ON_DANGEROUS_USAGE=1", "HOSTNAME=8f857aee2402", "SHLVL=1", "OLDPWD=/", "HOME=/nonexistent", "APT_CONFIG=/tmp/apt.conf.Wo7aj2", "APT_KEY_NO_LEGACY_KEYRING=1", "MAKEFLAGS=", "LOGNAME=_apt", "_=/usr/bin/pvs-studio-analyzer", "TERM=xterm", "USERNAME=_apt", "PATH=/usr/local/sbin:/usr/local/bin:/usr/sbin:/usr/bin:/sbin:/bin", "MAKELEVEL=1", "LANG=", "LC_MESSAGES=", "SHELL=/bin/sh", "IFS=\n\10", "PWD=/root", "LC_ALL=", "MFLAGS="]) = 0
1836  +++ exited with 0 +++
1834  --- SIGCHLD {si_signo=SIGCHLD, si_code=CLD_EXITED, si_pid=1836, si_uid=42, si_status=0, si_utime=0, si_stime=0} ---
1834  +++ exited with 0 +++
1818  --- SIGCHLD {si_signo=SIGCHLD, si_code=CLD_EXITED, si_pid=1834, si_uid=42, si_status=0, si_utime=0, si_stime=0} ---
1818  clone(child_stack=NULL, flags=CLONE_CHILD_CLEARTID|CLONE_CHILD_SETTID|SIGCHLD, child_tidptr=0x7611a054da10) = 1837
1837  clone(child_stack=NULL, flags=CLONE_CHILD_CLEARTID|CLONE_CHILD_SETTID|SIGCHLD, child_tidptr=0x7611a054da10) = 1838
1837  clone(child_stack=NULL, flags=CLONE_CHILD_CLEARTID|CLONE_CHILD_SETTID|SIGCHLD <unfinished ...>
1838  +++ exited with 0 +++
1837  <... clone resumed>, child_tidptr=0x7611a054da10) = 1839
1837  --- SIGCHLD {si_signo=SIGCHLD, si_code=CLD_EXITED, si_pid=1838, si_uid=42, si_status=0, si_utime=0, si_stime=0} ---
1839  execve("/usr/bin/sed", ["sed", "-e", "s#'#'\"'\"'#g"], ["USER=_apt", "APT_KEY_DONT_WARN_ON_DANGEROUS_USAGE=1", "HOSTNAME=8f857aee2402", "SHLVL=1", "OLDPWD=/", "HOME=/nonexistent", "APT_CONFIG=/tmp/apt.conf.Wo7aj2", "APT_KEY_NO_LEGACY_KEYRING=1", "MAKEFLAGS=", "LOGNAME=_apt", "_=/usr/bin/pvs-studio-analyzer", "TERM=xterm", "USERNAME=_apt", "PATH=/usr/local/sbin:/usr/local/bin:/usr/sbin:/usr/bin:/sbin:/bin", "MAKELEVEL=1", "LANG=", "LC_MESSAGES=", "SHELL=/bin/sh", "IFS=\n\10", "PWD=/root", "LC_ALL=", "MFLAGS="]) = 0
1839  +++ exited with 0 +++
1837  --- SIGCHLD {si_signo=SIGCHLD, si_code=CLD_EXITED, si_pid=1839, si_uid=42, si_status=0, si_utime=0, si_stime=0} ---
1837  +++ exited with 0 +++
1818  --- SIGCHLD {si_signo=SIGCHLD, si_code=CLD_EXITED, si_pid=1837, si_uid=42, si_status=0, si_utime=0, si_stime=0} ---
1818  clone(child_stack=NULL, flags=CLONE_CHILD_CLEARTID|CLONE_CHILD_SETTID|SIGCHLD, child_tidptr=0x7611a054da10) = 1840
1840  +++ exited with 0 +++
1818  --- SIGCHLD {si_signo=SIGCHLD, si_code=CLD_EXITED, si_pid=1840, si_uid=42, si_status=0, si_utime=0, si_stime=0} ---
1818  vfork( <unfinished ...>
1841  execve("/usr/bin/gpgv", ["gpgv", "--homedir", "/tmp/apt-key-gpghome.i3LRSOd6VS", "--keyring", "/usr/share/keyrings/debian-archive-keyring.gpg", "--ignore-time-conflict", "--status-fd", "3", "/tmp/apt.sig.CsEUsQ", "/tmp/apt.data.bV9OHd"], ["USER=_apt", "APT_KEY_DONT_WARN_ON_DANGEROUS_USAGE=1", "HOSTNAME=8f857aee2402", "SHLVL=1", "OLDPWD=/", "HOME=/nonexistent", "APT_CONFIG=/tmp/apt.conf.Wo7aj2", "APT_KEY_NO_LEGACY_KEYRING=1", "MAKEFLAGS=", "LOGNAME=_apt", "_=/usr/bin/pvs-studio-analyzer", "TERM=xterm", "USERNAME=_apt", "PATH=/usr/local/sbin:/usr/local/bin:/usr/sbin:/usr/bin:/sbin:/bin", "MAKELEVEL=1", "LANG=", "LC_MESSAGES=", "SHELL=/bin/sh", "IFS=\n\10", "PWD=/root", "LC_ALL=", "MFLAGS="] <unfinished ...>
1818  <... vfork resumed>)              = 1841
1841  <... execve resumed>)             = 0
1841  +++ exited with 2 +++
1818  --- SIGCHLD {si_signo=SIGCHLD, si_code=CLD_EXITED, si_pid=1841, si_uid=42, si_status=2, si_utime=0, si_stime=0} ---
1818  vfork( <unfinished ...>
1842  execve("/usr/bin/rm", ["rm", "-rf", "/tmp/apt-key-gpghome.i3LRSOd6VS"], ["USER=_apt", "APT_KEY_DONT_WARN_ON_DANGEROUS_USAGE=1", "HOSTNAME=8f857aee2402", "SHLVL=1", "OLDPWD=/", "HOME=/nonexistent", "APT_CONFIG=/tmp/apt.conf.Wo7aj2", "APT_KEY_NO_LEGACY_KEYRING=1", "MAKEFLAGS=", "LOGNAME=_apt", "_=/usr/bin/pvs-studio-analyzer", "TERM=xterm", "USERNAME=_apt", "PATH=/usr/local/sbin:/usr/local/bin:/usr/sbin:/usr/bin:/sbin:/bin", "MAKELEVEL=1", "LANG=", "LC_MESSAGES=", "SHELL=/bin/sh", "IFS=\n\10", "PWD=/root", "LC_ALL=", "MFLAGS="] <unfinished ...>
1818  <... vfork resumed>)              = 1842
1842  <... execve resumed>)             = 0
1842  +++ exited with 0 +++
1818  --- SIGCHLD {si_signo=SIGCHLD, si_code=CLD_EXITED, si_pid=1842, si_uid=42, si_status=0, si_utime=0, si_stime=0} ---
1818  +++ exited with 2 +++
1817  --- SIGCHLD {si_signo=SIGCHLD, si_code=CLD_EXITED, si_pid=1818, si_uid=42, si_status=2, si_utime=0, si_stime=2 /* 0.02 s */} ---
1817  +++ exited with 2 +++
1790  --- SIGCHLD {si_signo=SIGCHLD, si_code=CLD_EXITED, si_pid=1817, si_uid=42, si_status=2, si_utime=0, si_stime=4 /* 0.04 s */} ---
1790  clone(child_stack=NULL, flags=CLONE_CHILD_CLEARTID|CLONE_CHILD_SETTID|SIGCHLD, child_tidptr=0x701dd52b4b10) = 1843
1843  clone(child_stack=NULL, flags=CLONE_CHILD_CLEARTID|CLONE_CHILD_SETTID|SIGCHLD, child_tidptr=0x701dd52b4b10) = 1844
1844  execve("/usr/bin/apt-key", ["/usr/bin/apt-key", "--quiet", "--readonly", "--keyring", "/usr/share/keyrings/debian-archive-keyring.gpg", "verify", "--status-fd", "3", "/tmp/apt.sig.5LySJD", "/tmp/apt.data.xl97mK"], ["HOSTNAME=8f857aee2402", "SHLVL=1", "OLDPWD=/", "HOME=/nonexistent", "MAKEFLAGS=", "_=/usr/bin/pvs-studio-analyzer", "TERM=xterm", "PATH=/usr/local/sbin:/usr/local/bin:/usr/sbin:/usr/bin:/sbin:/bin", "MAKELEVEL=1", "PWD=/root", "MFLAGS=", "USER=_apt", "USERNAME=_apt", "LOGNAME=_apt", "SHELL=/bin/sh", "APT_KEY_NO_LEGACY_KEYRING=1", "APT_CONFIG=/tmp/apt.conf.DnphAu", "APT_KEY_DONT_WARN_ON_DANGEROUS_USAGE=1", "LANG=", "LC_ALL=", "LC_MESSAGES="]) = 0
1844  clone(child_stack=NULL, flags=CLONE_CHILD_CLEARTID|CLONE_CHILD_SETTID|SIGCHLD, child_tidptr=0x74dbfc77ea10) = 1845
1845  +++ exited with 0 +++
1844  --- SIGCHLD {si_signo=SIGCHLD, si_code=CLD_EXITED, si_pid=1845, si_uid=42, si_status=0, si_utime=0, si_stime=0} ---
1844  clone(child_stack=NULL, flags=CLONE_CHILD_CLEARTID|CLONE_CHILD_SETTID|SIGCHLD, child_tidptr=0x74dbfc77ea10) = 1846
1846  execve("/usr/bin/apt-config", ["apt-config", "shell", "MASTER_KEYRING", "APT::Key::MasterKeyring"], ["USER=_apt", "APT_KEY_DONT_WARN_ON_DANGEROUS_USAGE=1", "HOSTNAME=8f857aee2402", "SHLVL=1", "OLDPWD=/", "HOME=/nonexistent", "APT_CONFIG=/tmp/apt.conf.DnphAu", "APT_KEY_NO_LEGACY_KEYRING=1", "MAKEFLAGS=", "LOGNAME=_apt", "_=/usr/bin/pvs-studio-analyzer", "TERM=xterm", "USERNAME=_apt", "PATH=/usr/local/sbin:/usr/local/bin:/usr/sbin:/usr/bin:/sbin:/bin", "MAKELEVEL=1", "LANG=", "LC_MESSAGES=", "SHELL=/bin/sh", "IFS=\n\10", "PWD=/root", "LC_ALL=", "MFLAGS="]) = 0
1846  clone(child_stack=NULL, flags=CLONE_CHILD_CLEARTID|CLONE_CHILD_SETTID|SIGCHLD, child_tidptr=0x7e909c2d1b10) = 1847
1847  execve("/usr/bin/dpkg", ["/usr/bin/dpkg", "--print-foreign-architectures"], ["USER=_apt", "APT_KEY_DONT_WARN_ON_DANGEROUS_USAGE=1", "HOSTNAME=8f857aee2402", "SHLVL=1", "OLDPWD=/", "HOME=/nonexistent", "APT_CONFIG=/tmp/apt.conf.DnphAu", "APT_KEY_NO_LEGACY_KEYRING=1", "MAKEFLAGS=", "LOGNAME=_apt", "_=/usr/bin/pvs-studio-analyzer", "TERM=xterm", "USERNAME=_apt", "PATH=/usr/sbin:/usr/bin:/sbin:/bin", "MAKELEVEL=1", "LANG=", "LC_MESSAGES=", "SHELL=/bin/sh", "IFS=\n\10", "PWD=/root", "LC_ALL=", "MFLAGS="]) = 0
1847  +++ exited with 0 +++
1846  --- SIGCHLD {si_signo=SIGCHLD, si_code=CLD_EXITED, si_pid=1847, si_uid=42, si_status=0, si_utime=0, si_stime=0} ---
1846  +++ exited with 0 +++
1844  --- SIGCHLD {si_signo=SIGCHLD, si_code=CLD_EXITED, si_pid=1846, si_uid=42, si_status=0, si_utime=0, si_stime=1 /* 0.01 s */} ---
1844  clone(child_stack=NULL, flags=CLONE_CHILD_CLEARTID|CLONE_CHILD_SETTID|SIGCHLD, child_tidptr=0x74dbfc77ea10) = 1848
1848  execve("/usr/bin/apt-config", ["apt-config", "shell", "ARCHIVE_KEYRING", "APT::Key::ArchiveKeyring"], ["USER=_apt", "APT_KEY_DONT_WARN_ON_DANGEROUS_USAGE=1", "HOSTNAME=8f857aee2402", "SHLVL=1", "OLDPWD=/", "HOME=/nonexistent", "APT_CONFIG=/tmp/apt.conf.DnphAu", "APT_KEY_NO_LEGACY_KEYRING=1", "MAKEFLAGS=", "LOGNAME=_apt", "_=/usr/bin/pvs-studio-analyzer", "TERM=xterm", "USERNAME=_apt", "PATH=/usr/local/sbin:/usr/local/bin:/usr/sbin:/usr/bin:/sbin:/bin", "MAKELEVEL=1", "LANG=", "LC_MESSAGES=", "SHELL=/bin/sh", "IFS=\n\10", "PWD=/root", "LC_ALL=", "MFLAGS="]) = 0
1848  clone(child_stack=NULL, flags=CLONE_CHILD_CLEARTID|CLONE_CHILD_SETTID|SIGCHLD, child_tidptr=0x7c3ef3ecdb10) = 1849
1849  execve("/usr/bin/dpkg", ["/usr/bin/dpkg", "--print-foreign-architectures"], ["USER=_apt", "APT_KEY_DONT_WARN_ON_DANGEROUS_USAGE=1", "HOSTNAME=8f857aee2402", "SHLVL=1", "OLDPWD=/", "HOME=/nonexistent", "APT_CONFIG=/tmp/apt.conf.DnphAu", "APT_KEY_NO_LEGACY_KEYRING=1", "MAKEFLAGS=", "LOGNAME=_apt", "_=/usr/bin/pvs-studio-analyzer", "TERM=xterm", "USERNAME=_apt", "PATH=/usr/sbin:/usr/bin:/sbin:/bin", "MAKELEVEL=1", "LANG=", "LC_MESSAGES=", "SHELL=/bin/sh", "IFS=\n\10", "PWD=/root", "LC_ALL=", "MFLAGS="]) = 0
1849  +++ exited with 0 +++
1848  --- SIGCHLD {si_signo=SIGCHLD, si_code=CLD_EXITED, si_pid=1849, si_uid=42, si_status=0, si_utime=0, si_stime=0} ---
1848  +++ exited with 0 +++
1844  --- SIGCHLD {si_signo=SIGCHLD, si_code=CLD_EXITED, si_pid=1848, si_uid=42, si_status=0, si_utime=0, si_stime=1 /* 0.01 s */} ---
1844  clone(child_stack=NULL, flags=CLONE_CHILD_CLEARTID|CLONE_CHILD_SETTID|SIGCHLD, child_tidptr=0x74dbfc77ea10) = 1850
1850  execve("/usr/bin/apt-config", ["apt-config", "shell", "REMOVED_KEYS", "APT::Key::RemovedKeys"], ["USER=_apt", "APT_KEY_DONT_WARN_ON_DANGEROUS_USAGE=1", "HOSTNAME=8f857aee2402", "SHLVL=1", "OLDPWD=/", "HOME=/nonexistent", "APT_CONFIG=/tmp/apt.conf.DnphAu", "APT_KEY_NO_LEGACY_KEYRING=1", "MAKEFLAGS=", "LOGNAME=_apt", "_=/usr/bin/pvs-studio-analyzer", "TERM=xterm", "USERNAME=_apt", "PATH=/usr/local/sbin:/usr/local/bin:/usr/sbin:/usr/bin:/sbin:/bin", "MAKELEVEL=1", "LANG=", "LC_MESSAGES=", "SHELL=/bin/sh", "IFS=\n\10", "PWD=/root", "LC_ALL=", "MFLAGS="]) = 0
1850  clone(child_stack=NULL, flags=CLONE_CHILD_CLEARTID|CLONE_CHILD_SETTID|SIGCHLD, child_tidptr=0x72fa8d41fb10) = 1851
1851  execve("/usr/bin/dpkg", ["/usr/bin/dpkg", "--print-foreign-architectures"], ["USER=_apt", "APT_KEY_DONT_WARN_ON_DANGEROUS_USAGE=1", "HOSTNAME=8f857aee2402", "SHLVL=1", "OLDPWD=/", "HOME=/nonexistent", "APT_CONFIG=/tmp/apt.conf.DnphAu", "APT_KEY_NO_LEGACY_KEYRING=1", "MAKEFLAGS=", "LOGNAME=_apt", "_=/usr/bin/pvs-studio-analyzer", "TERM=xterm", "USERNAME=_apt", "PATH=/usr/sbin:/usr/bin:/sbin:/bin", "MAKELEVEL=1", "LANG=", "LC_MESSAGES=", "SHELL=/bin/sh", "IFS=\n\10", "PWD=/root", "LC_ALL=", "MFLAGS="]) = 0
1851  +++ exited with 0 +++
1850  --- SIGCHLD {si_signo=SIGCHLD, si_code=CLD_EXITED, si_pid=1851, si_uid=42, si_status=0, si_utime=0, si_stime=0} ---
1850  +++ exited with 0 +++
1844  --- SIGCHLD {si_signo=SIGCHLD, si_code=CLD_EXITED, si_pid=1850, si_uid=42, si_status=0, si_utime=0, si_stime=3 /* 0.03 s */} ---
1844  clone(child_stack=NULL, flags=CLONE_CHILD_CLEARTID|CLONE_CHILD_SETTID|SIGCHLD, child_tidptr=0x74dbfc77ea10) = 1852
1852  execve("/usr/bin/apt-config", ["apt-config", "shell", "ARCHIVE_KEYRING_URI", "APT::Key::ArchiveKeyringURI"], ["USER=_apt", "APT_KEY_DONT_WARN_ON_DANGEROUS_USAGE=1", "HOSTNAME=8f857aee2402", "SHLVL=1", "OLDPWD=/", "HOME=/nonexistent", "APT_CONFIG=/tmp/apt.conf.DnphAu", "APT_KEY_NO_LEGACY_KEYRING=1", "MAKEFLAGS=", "LOGNAME=_apt", "_=/usr/bin/pvs-studio-analyzer", "TERM=xterm", "USERNAME=_apt", "PATH=/usr/local/sbin:/usr/local/bin:/usr/sbin:/usr/bin:/sbin:/bin", "MAKELEVEL=1", "LANG=", "LC_MESSAGES=", "SHELL=/bin/sh", "IFS=\n\10", "PWD=/root", "LC_ALL=", "MFLAGS="]) = 0
1852  clone(child_stack=NULL, flags=CLONE_CHILD_CLEARTID|CLONE_CHILD_SETTID|SIGCHLD, child_tidptr=0x700a9b570b10) = 1853
1853  execve("/usr/bin/dpkg", ["/usr/bin/dpkg", "--print-foreign-architectures"], ["USER=_apt", "APT_KEY_DONT_WARN_ON_DANGEROUS_USAGE=1", "HOSTNAME=8f857aee2402", "SHLVL=1", "OLDPWD=/", "HOME=/nonexistent", "APT_CONFIG=/tmp/apt.conf.DnphAu", "APT_KEY_NO_LEGACY_KEYRING=1", "MAKEFLAGS=", "LOGNAME=_apt", "_=/usr/bin/pvs-studio-analyzer", "TERM=xterm", "USERNAME=_apt", "PATH=/usr/sbin:/usr/bin:/sbin:/bin", "MAKELEVEL=1", "LANG=", "LC_MESSAGES=", "SHELL=/bin/sh", "IFS=\n\10", "PWD=/root", "LC_ALL=", "MFLAGS="]) = 0
1853  +++ exited with 0 +++
1852  --- SIGCHLD {si_signo=SIGCHLD, si_code=CLD_EXITED, si_pid=1853, si_uid=42, si_status=0, si_utime=0, si_stime=0} ---
1852  +++ exited with 0 +++
1844  --- SIGCHLD {si_signo=SIGCHLD, si_code=CLD_EXITED, si_pid=1852, si_uid=42, si_status=0, si_utime=0, si_stime=2 /* 0.02 s */} ---
1844  clone(child_stack=NULL, flags=CLONE_CHILD_CLEARTID|CLONE_CHILD_SETTID|SIGCHLD, child_tidptr=0x74dbfc77ea10) = 1854
1854  +++ exited with 0 +++
1844  --- SIGCHLD {si_signo=SIGCHLD, si_code=CLD_EXITED, si_pid=1854, si_uid=42, si_status=0, si_utime=0, si_stime=0} ---
1844  clone(child_stack=NULL, flags=CLONE_CHILD_CLEARTID|CLONE_CHILD_SETTID|SIGCHLD, child_tidptr=0x74dbfc77ea10) = 1855
1855  execve("/usr/bin/apt-config", ["apt-config", "shell", "GPGV", "Apt::Key::gpgvcommand"], ["USER=_apt", "APT_KEY_DONT_WARN_ON_DANGEROUS_USAGE=1", "HOSTNAME=8f857aee2402", "SHLVL=1", "OLDPWD=/", "HOME=/nonexistent", "APT_CONFIG=/tmp/apt.conf.DnphAu", "APT_KEY_NO_LEGACY_KEYRING=1", "MAKEFLAGS=", "LOGNAME=_apt", "_=/usr/bin/pvs-studio-analyzer", "TERM=xterm", "USERNAME=_apt", "PATH=/usr/local/sbin:/usr/local/bin:/usr/sbin:/usr/bin:/sbin:/bin", "MAKELEVEL=1", "LANG=", "LC_MESSAGES=", "SHELL=/bin/sh", "IFS=\n\10", "PWD=/root", "LC_ALL=", "MFLAGS="]) = 0
1855  clone(child_stack=NULL, flags=CLONE_CHILD_CLEARTID|CLONE_CHILD_SETTID|SIGCHLD, child_tidptr=0x7a66d4c1fb10) = 1856
1856  execve("/usr/bin/dpkg", ["/usr/bin/dpkg", "--print-foreign-architectures"], ["USER=_apt", "APT_KEY_DONT_WARN_ON_DANGEROUS_USAGE=1", "HOSTNAME=8f857aee2402", "SHLVL=1", "OLDPWD=/", "HOME=/nonexistent", "APT_CONFIG=/tmp/apt.conf.DnphAu", "APT_KEY_NO_LEGACY_KEYRING=1", "MAKEFLAGS=", "LOGNAME=_apt", "_=/usr/bin/pvs-studio-analyzer", "TERM=xterm", "USERNAME=_apt", "PATH=/usr/sbin:/usr/bin:/sbin:/bin", "MAKELEVEL=1", "LANG=", "LC_MESSAGES=", "SHELL=/bin/sh", "IFS=\n\10", "PWD=/root", "LC_ALL=", "MFLAGS="]) = 0
1856  +++ exited with 0 +++
1855  --- SIGCHLD {si_signo=SIGCHLD, si_code=CLD_EXITED, si_pid=1856, si_uid=42, si_status=0, si_utime=0, si_stime=0} ---
1855  +++ exited with 0 +++
1844  --- SIGCHLD {si_signo=SIGCHLD, si_code=CLD_EXITED, si_pid=1855, si_uid=42, si_status=0, si_utime=0, si_stime=1 /* 0.01 s */} ---
1844  clone(child_stack=NULL, flags=CLONE_CHILD_CLEARTID|CLONE_CHILD_SETTID|SIGCHLD, child_tidptr=0x74dbfc77ea10) = 1857
