742   execve("/usr/bin/make", ["make"], ["_=/usr/bin/pvs-studio-analyzer", "SHLVL=1", "PWD=/root", "TERM=xterm", "PATH=/usr/local/sbin:/usr/local/bin:/usr/sbin:/usr/bin:/sbin:/bin", "OLDPWD=/", "HOSTNAME=4ec9be7567d5", "HOME=/root"]) = 0
742   clone3({flags=CLONE_VM|CLONE_VFORK, exit_signal=SIGCHLD, stack=0x74c1d03ff000, stack_size=0x9000}, 88 <unfinished ...>
743   execve("/bin/sh", ["/bin/sh", "-c", "echo \"Checking for ncurses library...\""], ["PWD=/root", "HOSTNAME=4ec9be7567d5", "OLDPWD=/", "MAKEFLAGS=", "MFLAGS=", "SHLVL=1", "PATH=/usr/local/sbin:/usr/local/bin:/usr/sbin:/usr/bin:/sbin:/bin", "_=/usr/bin/pvs-studio-analyzer", "HOME=/root", "TERM=xterm", "MAKELEVEL=1"] <unfinished ...>
742   <... clone3 resumed>)             = 743
743   <... execve resumed>)             = 0
743   +++ exited with 0 +++
742   clone3({flags=CLONE_VM|CLONE_VFORK, exit_signal=SIGCHLD, stack=0x74c1d03ff000, stack_size=0x9000}, 88 <unfinished ...>
744   execve("/bin/sh", ["/bin/sh", "-c", "if ! pkg-config --exists ncurses 2>/dev/null; then \\\n\techo \"ncurses not found. Installing...\"; \\\n\tif command -v apt-get >/dev/null 2>&1; then \\\n\t\tapt-get update && apt-get install -y libncurses5-dev libncursesw5-dev; \\\n\telif command -v brew >/dev/null 2>&1; then \\\n\t\tbrew install ncurses; \\\n\telse \\\n\t\techo \"Error: Package manager not found. Please install ncurses manually:\"; \\\n\t\techo \"  Ubuntu/Debian: apt-get install libncurses5-dev libncursesw5-dev\"; \\\n\t\techo \"  macOS: brew install ncurses\"; \\\n\t\texit 1; \\\n\tfi; \\\nelse \\\n\techo \"ncurses library found.\"; \\\nfi"], ["PWD=/root", "HOSTNAME=4ec9be7567d5", "OLDPWD=/", "MAKEFLAGS=", "MFLAGS=", "SHLVL=1", "PATH=/usr/local/sbin:/usr/local/bin:/usr/sbin:/usr/bin:/sbin:/bin", "_=/usr/bin/pvs-studio-analyzer", "HOME=/root", "TERM=xterm", "MAKELEVEL=1"] <unfinished ...>
742   <... clone3 resumed>)             = 744
744   <... execve resumed>)             = 0
744   vfork( <unfinished ...>
745   execve("/usr/bin/apt-get", ["apt-get", "update"], ["HOSTNAME=4ec9be7567d5", "SHLVL=1", "OLDPWD=/", "HOME=/root", "MAKEFLAGS=", "_=/usr/bin/pvs-studio-analyzer", "TERM=xterm", "PATH=/usr/local/sbin:/usr/local/bin:/usr/sbin:/usr/bin:/sbin:/bin", "MAKELEVEL=1", "PWD=/root", "MFLAGS="] <unfinished ...>
744   <... vfork resumed>)              = 745
745   <... execve resumed>)             = 0
745   clone(child_stack=NULL, flags=CLONE_CHILD_CLEARTID|CLONE_CHILD_SETTID|SIGCHLD, child_tidptr=0x709e54d50b10) = 746
746   execve("/usr/bin/dpkg", ["/usr/bin/dpkg", "--print-foreign-architectures"], ["HOSTNAME=4ec9be7567d5", "SHLVL=1", "OLDPWD=/", "HOME=/root", "MAKEFLAGS=", "_=/usr/bin/pvs-studio-analyzer", "TERM=xterm", "PATH=/usr/sbin:/usr/bin:/sbin:/bin", "MAKELEVEL=1", "PWD=/root", "MFLAGS="]) = 0
746   +++ exited with 0 +++
745   --- SIGCHLD {si_signo=SIGCHLD, si_code=CLD_EXITED, si_pid=746, si_uid=0, si_status=0, si_utime=0, si_stime=0} ---
745   clone(child_stack=NULL, flags=CLONE_CHILD_CLEARTID|CLONE_CHILD_SETTID|SIGCHLD, child_tidptr=0x709e54d50b10) = 747
747   execve("/usr/lib/apt/methods/http", ["/usr/lib/apt/methods/http"], ["HOSTNAME=4ec9be7567d5", "SHLVL=1", "OLDPWD=/", "HOME=/root", "MAKEFLAGS=", "_=/usr/bin/pvs-studio-analyzer", "TERM=xterm", "PATH=/usr/local/sbin:/usr/local/bin:/usr/sbin:/usr/bin:/sbin:/bin", "MAKELEVEL=1", "PWD=/root", "MFLAGS="]) = 0
747   --- SIGINT {si_signo=SIGINT, si_code=SI_USER, si_pid=745, si_uid=0} ---
747   +++ exited with 100 +++
745   --- SIGCHLD {si_signo=SIGCHLD, si_code=CLD_EXITED, si_pid=747, si_uid=0, si_status=100, si_utime=0, si_stime=1 /* 0.01 s */} ---
745   clone(child_stack=NULL, flags=CLONE_CHILD_CLEARTID|CLONE_CHILD_SETTID|SIGCHLD, child_tidptr=0x709e54d50b10) = 748
748   execve("/usr/lib/apt/methods/https", ["/usr/lib/apt/methods/https"], ["HOSTNAME=4ec9be7567d5", "SHLVL=1", "OLDPWD=/", "HOME=/root", "MAKEFLAGS=", "_=/usr/bin/pvs-studio-analyzer", "TERM=xterm", "PATH=/usr/local/sbin:/usr/local/bin:/usr/sbin:/usr/bin:/sbin:/bin", "MAKELEVEL=1", "PWD=/root", "MFLAGS="]) = 0
748   --- SIGINT {si_signo=SIGINT, si_code=SI_USER, si_pid=745, si_uid=0} ---
748   +++ exited with 100 +++
745   --- SIGCHLD {si_signo=SIGCHLD, si_code=CLD_EXITED, si_pid=748, si_uid=0, si_status=100, si_utime=0, si_stime=1 /* 0.01 s */} ---
745   clone(child_stack=NULL, flags=CLONE_CHILD_CLEARTID|CLONE_CHILD_SETTID|SIGCHLD, child_tidptr=0x709e54d50b10) = 749
749   execve("/usr/lib/apt/methods/https", ["/usr/lib/apt/methods/https"], ["HOSTNAME=4ec9be7567d5", "SHLVL=1", "OLDPWD=/", "HOME=/root", "MAKEFLAGS=", "_=/usr/bin/pvs-studio-analyzer", "TERM=xterm", "PATH=/usr/local/sbin:/usr/local/bin:/usr/sbin:/usr/bin:/sbin:/bin", "MAKELEVEL=1", "PWD=/root", "MFLAGS="]) = 0
745   clone(child_stack=NULL, flags=CLONE_CHILD_CLEARTID|CLONE_CHILD_SETTID|SIGCHLD, child_tidptr=0x709e54d50b10) = 750
750   execve("/usr/lib/apt/methods/http", ["/usr/lib/apt/methods/http"], ["HOSTNAME=4ec9be7567d5", "SHLVL=1", "OLDPWD=/", "HOME=/root", "MAKEFLAGS=", "_=/usr/bin/pvs-studio-analyzer", "TERM=xterm", "PATH=/usr/local/sbin:/usr/local/bin:/usr/sbin:/usr/bin:/sbin:/bin", "MAKELEVEL=1", "PWD=/root", "MFLAGS="]) = 0
745   clone(child_stack=NULL, flags=CLONE_CHILD_CLEARTID|CLONE_CHILD_SETTID|SIGCHLD, child_tidptr=0x709e54d50b10) = 751
751   execve("/usr/lib/apt/methods/gpgv", ["/usr/lib/apt/methods/gpgv"], ["HOSTNAME=4ec9be7567d5", "SHLVL=1", "OLDPWD=/", "HOME=/root", "MAKEFLAGS=", "_=/usr/bin/pvs-studio-analyzer", "TERM=xterm", "PATH=/usr/local/sbin:/usr/local/bin:/usr/sbin:/usr/bin:/sbin:/bin", "MAKELEVEL=1", "PWD=/root", "MFLAGS="]) = 0
751   --- SIGINT {si_signo=SIGINT, si_code=SI_USER, si_pid=745, si_uid=0} ---
751   +++ killed by SIGINT +++
745   --- SIGCHLD {si_signo=SIGCHLD, si_code=CLD_KILLED, si_pid=751, si_uid=0, si_status=SIGINT, si_utime=0, si_stime=1 /* 0.01 s */} ---
745   clone(child_stack=NULL, flags=CLONE_CHILD_CLEARTID|CLONE_CHILD_SETTID|SIGCHLD, child_tidptr=0x709e54d50b10) = 752
752   execve("/usr/lib/apt/methods/gpgv", ["/usr/lib/apt/methods/gpgv"], ["HOSTNAME=4ec9be7567d5", "SHLVL=1", "OLDPWD=/", "HOME=/root", "MAKEFLAGS=", "_=/usr/bin/pvs-studio-analyzer", "TERM=xterm", "PATH=/usr/local/sbin:/usr/local/bin:/usr/sbin:/usr/bin:/sbin:/bin", "MAKELEVEL=1", "PWD=/root", "MFLAGS="]) = 0
752   clone(child_stack=NULL, flags=CLONE_CHILD_CLEARTID|CLONE_CHILD_SETTID|SIGCHLD, child_tidptr=0x7da150684b10) = 753
753   clone(child_stack=NULL, flags=CLONE_CHILD_CLEARTID|CLONE_CHILD_SETTID|SIGCHLD, child_tidptr=0x7da150684b10) = 754
754   execve("/usr/bin/apt-key", ["/usr/bin/apt-key", "--quiet", "--readonly", "--keyring", "/usr/share/keyrings/debian-archive-keyring.gpg", "verify", "--status-fd", "3", "/tmp/apt.sig.61bRoQ", "/tmp/apt.data.7S2vTx"], ["HOSTNAME=4ec9be7567d5", "SHLVL=1", "OLDPWD=/", "HOME=/nonexistent", "MAKEFLAGS=", "_=/usr/bin/pvs-studio-analyzer", "TERM=xterm", "PATH=/usr/local/sbin:/usr/local/bin:/usr/sbin:/usr/bin:/sbin:/bin", "MAKELEVEL=1", "PWD=/root", "MFLAGS=", "USER=_apt", "USERNAME=_apt", "LOGNAME=_apt", "SHELL=/bin/sh", "APT_KEY_NO_LEGACY_KEYRING=1", "APT_CONFIG=/tmp/apt.conf.3HvzV5", "APT_KEY_DONT_WARN_ON_DANGEROUS_USAGE=1", "LANG=", "LC_ALL=", "LC_MESSAGES="]) = 0
754   clone(child_stack=NULL, flags=CLONE_CHILD_CLEARTID|CLONE_CHILD_SETTID|SIGCHLD, child_tidptr=0x73e84843ea10) = 755
755   +++ exited with 0 +++
754   --- SIGCHLD {si_signo=SIGCHLD, si_code=CLD_EXITED, si_pid=755, si_uid=42, si_status=0, si_utime=0, si_stime=0} ---
754   clone(child_stack=NULL, flags=CLONE_CHILD_CLEARTID|CLONE_CHILD_SETTID|SIGCHLD, child_tidptr=0x73e84843ea10) = 756
756   execve("/usr/bin/apt-config", ["apt-config", "shell", "MASTER_KEYRING", "APT::Key::MasterKeyring"], ["USER=_apt", "APT_KEY_DONT_WARN_ON_DANGEROUS_USAGE=1", "HOSTNAME=4ec9be7567d5", "SHLVL=1", "OLDPWD=/", "HOME=/nonexistent", "APT_CONFIG=/tmp/apt.conf.3HvzV5", "APT_KEY_NO_LEGACY_KEYRING=1", "MAKEFLAGS=", "LOGNAME=_apt", "_=/usr/bin/pvs-studio-analyzer", "TERM=xterm", "USERNAME=_apt", "PATH=/usr/local/sbin:/usr/local/bin:/usr/sbin:/usr/bin:/sbin:/bin", "MAKELEVEL=1", "LANG=", "LC_MESSAGES=", "SHELL=/bin/sh", "IFS=\n\10", "PWD=/root", "LC_ALL=", "MFLAGS="]) = 0
756   clone(child_stack=NULL, flags=CLONE_CHILD_CLEARTID|CLONE_CHILD_SETTID|SIGCHLD, child_tidptr=0x7d09f6257b10) = 757
757   execve("/usr/bin/dpkg", ["/usr/bin/dpkg", "--print-foreign-architectures"], ["USER=_apt", "APT_KEY_DONT_WARN_ON_DANGEROUS_USAGE=1", "HOSTNAME=4ec9be7567d5", "SHLVL=1", "OLDPWD=/", "HOME=/nonexistent", "APT_CONFIG=/tmp/apt.conf.3HvzV5", "APT_KEY_NO_LEGACY_KEYRING=1", "MAKEFLAGS=", "LOGNAME=_apt", "_=/usr/bin/pvs-studio-analyzer", "TERM=xterm", "USERNAME=_apt", "PATH=/usr/sbin:/usr/bin:/sbin:/bin", "MAKELEVEL=1", "LANG=", "LC_MESSAGES=", "SHELL=/bin/sh", "IFS=\n\10", "PWD=/root", "LC_ALL=", "MFLAGS="]) = 0
757   +++ exited with 0 +++
756   --- SIGCHLD {si_signo=SIGCHLD, si_code=CLD_EXITED, si_pid=757, si_uid=42, si_status=0, si_utime=0, si_stime=0} ---
756   +++ exited with 0 +++
754   --- SIGCHLD {si_signo=SIGCHLD, si_code=CLD_EXITED, si_pid=756, si_uid=42, si_status=0, si_utime=0, si_stime=1 /* 0.01 s */} ---
754   clone(child_stack=NULL, flags=CLONE_CHILD_CLEARTID|CLONE_CHILD_SETTID|SIGCHLD, child_tidptr=0x73e84843ea10) = 758
758   execve("/usr/bin/apt-config", ["apt-config", "shell", "ARCHIVE_KEYRING", "APT::Key::ArchiveKeyring"], ["USER=_apt", "APT_KEY_DONT_WARN_ON_DANGEROUS_USAGE=1", "HOSTNAME=4ec9be7567d5", "SHLVL=1", "OLDPWD=/", "HOME=/nonexistent", "APT_CONFIG=/tmp/apt.conf.3HvzV5", "APT_KEY_NO_LEGACY_KEYRING=1", "MAKEFLAGS=", "LOGNAME=_apt", "_=/usr/bin/pvs-studio-analyzer", "TERM=xterm", "USERNAME=_apt", "PATH=/usr/local/sbin:/usr/local/bin:/usr/sbin:/usr/bin:/sbin:/bin", "MAKELEVEL=1", "LANG=", "LC_MESSAGES=", "SHELL=/bin/sh", "IFS=\n\10", "PWD=/root", "LC_ALL=", "MFLAGS="]) = 0
758   clone(child_stack=NULL, flags=CLONE_CHILD_CLEARTID|CLONE_CHILD_SETTID|SIGCHLD, child_tidptr=0x7dbb3bc44b10) = 759
759   execve("/usr/bin/dpkg", ["/usr/bin/dpkg", "--print-foreign-architectures"], ["USER=_apt", "APT_KEY_DONT_WARN_ON_DANGEROUS_USAGE=1", "HOSTNAME=4ec9be7567d5", "SHLVL=1", "OLDPWD=/", "HOME=/nonexistent", "APT_CONFIG=/tmp/apt.conf.3HvzV5", "APT_KEY_NO_LEGACY_KEYRING=1", "MAKEFLAGS=", "LOGNAME=_apt", "_=/usr/bin/pvs-studio-analyzer", "TERM=xterm", "USERNAME=_apt", "PATH=/usr/sbin:/usr/bin:/sbin:/bin", "MAKELEVEL=1", "LANG=", "LC_MESSAGES=", "SHELL=/bin/sh", "IFS=\n\10", "PWD=/root", "LC_ALL=", "MFLAGS="]) = 0
759   +++ exited with 0 +++
758   --- SIGCHLD {si_signo=SIGCHLD, si_code=CLD_EXITED, si_pid=759, si_uid=42, si_status=0, si_utime=0, si_stime=0} ---
758   +++ exited with 0 +++
754   --- SIGCHLD {si_signo=SIGCHLD, si_code=CLD_EXITED, si_pid=758, si_uid=42, si_status=0, si_utime=0, si_stime=0} ---
754   clone(child_stack=NULL, flags=CLONE_CHILD_CLEARTID|CLONE_CHILD_SETTID|SIGCHLD, child_tidptr=0x73e84843ea10) = 760
760   execve("/usr/bin/apt-config", ["apt-config", "shell", "REMOVED_KEYS", "APT::Key::RemovedKeys"], ["USER=_apt", "APT_KEY_DONT_WARN_ON_DANGEROUS_USAGE=1", "HOSTNAME=4ec9be7567d5", "SHLVL=1", "OLDPWD=/", "HOME=/nonexistent", "APT_CONFIG=/tmp/apt.conf.3HvzV5", "APT_KEY_NO_LEGACY_KEYRING=1", "MAKEFLAGS=", "LOGNAME=_apt", "_=/usr/bin/pvs-studio-analyzer", "TERM=xterm", "USERNAME=_apt", "PATH=/usr/local/sbin:/usr/local/bin:/usr/sbin:/usr/bin:/sbin:/bin", "MAKELEVEL=1", "LANG=", "LC_MESSAGES=", "SHELL=/bin/sh", "IFS=\n\10", "PWD=/root", "LC_ALL=", "MFLAGS="]) = 0
760   clone(child_stack=NULL, flags=CLONE_CHILD_CLEARTID|CLONE_CHILD_SETTID|SIGCHLD, child_tidptr=0x780962908b10) = 761
761   execve("/usr/bin/dpkg", ["/usr/bin/dpkg", "--print-foreign-architectures"], ["USER=_apt", "APT_KEY_DONT_WARN_ON_DANGEROUS_USAGE=1", "HOSTNAME=4ec9be7567d5", "SHLVL=1", "OLDPWD=/", "HOME=/nonexistent", "APT_CONFIG=/tmp/apt.conf.3HvzV5", "APT_KEY_NO_LEGACY_KEYRING=1", "MAKEFLAGS=", "LOGNAME=_apt", "_=/usr/bin/pvs-studio-analyzer", "TERM=xterm", "USERNAME=_apt", "PATH=/usr/sbin:/usr/bin:/sbin:/bin", "MAKELEVEL=1", "LANG=", "LC_MESSAGES=", "SHELL=/bin/sh", "IFS=\n\10", "PWD=/root", "LC_ALL=", "MFLAGS="]) = 0
761   +++ exited with 0 +++
760   --- SIGCHLD {si_signo=SIGCHLD, si_code=CLD_EXITED, si_pid=761, si_uid=42, si_status=0, si_utime=0, si_stime=0} ---
760   +++ exited with 0 +++
754   --- SIGCHLD {si_signo=SIGCHLD, si_code=CLD_EXITED, si_pid=760, si_uid=42, si_status=0, si_utime=0, si_stime=0} ---
754   clone(child_stack=NULL, flags=CLONE_CHILD_CLEARTID|CLONE_CHILD_SETTID|SIGCHLD, child_tidptr=0x73e84843ea10) = 762
762   execve("/usr/bin/apt-config", ["apt-config", "shell", "ARCHIVE_KEYRING_URI", "APT::Key::ArchiveKeyringURI"], ["USER=_apt", "APT_KEY_DONT_WARN_ON_DANGEROUS_USAGE=1", "HOSTNAME=4ec9be7567d5", "SHLVL=1", "OLDPWD=/", "HOME=/nonexistent", "APT_CONFIG=/tmp/apt.conf.3HvzV5", "APT_KEY_NO_LEGACY_KEYRING=1", "MAKEFLAGS=", "LOGNAME=_apt", "_=/usr/bin/pvs-studio-analyzer", "TERM=xterm", "USERNAME=_apt", "PATH=/usr/local/sbin:/usr/local/bin:/usr/sbin:/usr/bin:/sbin:/bin", "MAKELEVEL=1", "LANG=", "LC_MESSAGES=", "SHELL=/bin/sh", "IFS=\n\10", "PWD=/root", "LC_ALL=", "MFLAGS="]) = 0
762   clone(child_stack=NULL, flags=CLONE_CHILD_CLEARTID|CLONE_CHILD_SETTID|SIGCHLD, child_tidptr=0x759cb1978b10) = 763
763   execve("/usr/bin/dpkg", ["/usr/bin/dpkg", "--print-foreign-architectures"], ["USER=_apt", "APT_KEY_DONT_WARN_ON_DANGEROUS_USAGE=1", "HOSTNAME=4ec9be7567d5", "SHLVL=1", "OLDPWD=/", "HOME=/nonexistent", "APT_CONFIG=/tmp/apt.conf.3HvzV5", "APT_KEY_NO_LEGACY_KEYRING=1", "MAKEFLAGS=", "LOGNAME=_apt", "_=/usr/bin/pvs-studio-analyzer", "TERM=xterm", "USERNAME=_apt", "PATH=/usr/sbin:/usr/bin:/sbin:/bin", "MAKELEVEL=1", "LANG=", "LC_MESSAGES=", "SHELL=/bin/sh", "IFS=\n\10", "PWD=/root", "LC_ALL=", "MFLAGS="]) = 0
763   +++ exited with 0 +++
762   --- SIGCHLD {si_signo=SIGCHLD, si_code=CLD_EXITED, si_pid=763, si_uid=42, si_status=0, si_utime=0, si_stime=0} ---
762   +++ exited with 0 +++
754   --- SIGCHLD {si_signo=SIGCHLD, si_code=CLD_EXITED, si_pid=762, si_uid=42, si_status=0, si_utime=0, si_stime=2 /* 0.02 s */} ---
754   clone(child_stack=NULL, flags=CLONE_CHILD_CLEARTID|CLONE_CHILD_SETTID|SIGCHLD, child_tidptr=0x73e84843ea10) = 764
764   +++ exited with 0 +++
754   --- SIGCHLD {si_signo=SIGCHLD, si_code=CLD_EXITED, si_pid=764, si_uid=42, si_status=0, si_utime=0, si_stime=0} ---
754   clone(child_stack=NULL, flags=CLONE_CHILD_CLEARTID|CLONE_CHILD_SETTID|SIGCHLD, child_tidptr=0x73e84843ea10) = 765
765   execve("/usr/bin/apt-config", ["apt-config", "shell", "GPGV", "Apt::Key::gpgvcommand"], ["USER=_apt", "APT_KEY_DONT_WARN_ON_DANGEROUS_USAGE=1", "HOSTNAME=4ec9be7567d5", "SHLVL=1", "OLDPWD=/", "HOME=/nonexistent", "APT_CONFIG=/tmp/apt.conf.3HvzV5", "APT_KEY_NO_LEGACY_KEYRING=1", "MAKEFLAGS=", "LOGNAME=_apt", "_=/usr/bin/pvs-studio-analyzer", "TERM=xterm", "USERNAME=_apt", "PATH=/usr/local/sbin:/usr/local/bin:/usr/sbin:/usr/bin:/sbin:/bin", "MAKELEVEL=1", "LANG=", "LC_MESSAGES=", "SHELL=/bin/sh", "IFS=\n\10", "PWD=/root", "LC_ALL=", "MFLAGS="]) = 0
765   clone(child_stack=NULL, flags=CLONE_CHILD_CLEARTID|CLONE_CHILD_SETTID|SIGCHLD, child_tidptr=0x75ff3be7db10) = 766
766   execve("/usr/bin/dpkg", ["/usr/bin/dpkg", "--print-foreign-architectures"], ["USER=_apt", "APT_KEY_DONT_WARN_ON_DANGEROUS_USAGE=1", "HOSTNAME=4ec9be7567d5", "SHLVL=1", "OLDPWD=/", "HOME=/nonexistent", "APT_CONFIG=/tmp/apt.conf.3HvzV5", "APT_KEY_NO_LEGACY_KEYRING=1", "MAKEFLAGS=", "LOGNAME=_apt", "_=/usr/bin/pvs-studio-analyzer", "TERM=xterm", "USERNAME=_apt", "PATH=/usr/sbin:/usr/bin:/sbin:/bin", "MAKELEVEL=1", "LANG=", "LC_MESSAGES=", "SHELL=/bin/sh", "IFS=\n\10", "PWD=/root", "LC_ALL=", "MFLAGS="]) = 0
766   +++ exited with 0 +++
765   --- SIGCHLD {si_signo=SIGCHLD, si_code=CLD_EXITED, si_pid=766, si_uid=42, si_status=0, si_utime=0, si_stime=0} ---
765   +++ exited with 0 +++
754   --- SIGCHLD {si_signo=SIGCHLD, si_code=CLD_EXITED, si_pid=765, si_uid=42, si_status=0, si_utime=0, si_stime=1 /* 0.01 s */} ---
754   clone(child_stack=NULL, flags=CLONE_CHILD_CLEARTID|CLONE_CHILD_SETTID|SIGCHLD, child_tidptr=0x73e84843ea10) = 767
767   execve("/usr/bin/mktemp", ["mktemp", "--directory", "--tmpdir", "apt-key-gpghome.XXXXXXXXXX"], ["USER=_apt", "APT_KEY_DONT_WARN_ON_DANGEROUS_USAGE=1", "HOSTNAME=4ec9be7567d5", "SHLVL=1", "OLDPWD=/", "HOME=/nonexistent", "APT_CONFIG=/tmp/apt.conf.3HvzV5", "APT_KEY_NO_LEGACY_KEYRING=1", "MAKEFLAGS=", "LOGNAME=_apt", "_=/usr/bin/pvs-studio-analyzer", "TERM=xterm", "USERNAME=_apt", "PATH=/usr/local/sbin:/usr/local/bin:/usr/sbin:/usr/bin:/sbin:/bin", "MAKELEVEL=1", "LANG=", "LC_MESSAGES=", "SHELL=/bin/sh", "IFS=\n\10", "PWD=/root", "LC_ALL=", "MFLAGS="]) = 0
767   +++ exited with 0 +++
754   --- SIGCHLD {si_signo=SIGCHLD, si_code=CLD_EXITED, si_pid=767, si_uid=42, si_status=0, si_utime=0, si_stime=0} ---
754   vfork( <unfinished ...>
768   execve("/usr/bin/chmod", ["chmod", "700", "/tmp/apt-key-gpghome.6HKfYxDKBQ"], ["USER=_apt", "APT_KEY_DONT_WARN_ON_DANGEROUS_USAGE=1", "HOSTNAME=4ec9be7567d5", "SHLVL=1", "OLDPWD=/", "HOME=/nonexistent", "APT_CONFIG=/tmp/apt.conf.3HvzV5", "APT_KEY_NO_LEGACY_KEYRING=1", "MAKEFLAGS=", "LOGNAME=_apt", "_=/usr/bin/pvs-studio-analyzer", "TERM=xterm", "USERNAME=_apt", "PATH=/usr/local/sbin:/usr/local/bin:/usr/sbin:/usr/bin:/sbin:/bin", "MAKELEVEL=1", "LANG=", "LC_MESSAGES=", "SHELL=/bin/sh", "IFS=\n\10", "PWD=/root", "LC_ALL=", "MFLAGS="] <unfinished ...>
754   <... vfork resumed>)              = 768
768   <... execve resumed>)             = 0
768   +++ exited with 0 +++
754   --- SIGCHLD {si_signo=SIGCHLD, si_code=CLD_EXITED, si_pid=768, si_uid=42, si_status=0, si_utime=0, si_stime=0} ---
754   clone(child_stack=NULL, flags=CLONE_CHILD_CLEARTID|CLONE_CHILD_SETTID|SIGCHLD, child_tidptr=0x73e84843ea10) = 769
769   +++ exited with 0 +++
754   --- SIGCHLD {si_signo=SIGCHLD, si_code=CLD_EXITED, si_pid=769, si_uid=42, si_status=0, si_utime=0, si_stime=0} ---
754   clone(child_stack=NULL, flags=CLONE_CHILD_CLEARTID|CLONE_CHILD_SETTID|SIGCHLD, child_tidptr=0x73e84843ea10) = 770
770   clone(child_stack=NULL, flags=CLONE_CHILD_CLEARTID|CLONE_CHILD_SETTID|SIGCHLD, child_tidptr=0x73e84843ea10) = 771
770   clone(child_stack=NULL, flags=CLONE_CHILD_CLEARTID|CLONE_CHILD_SETTID|SIGCHLD <unfinished ...>
771   +++ exited with 0 +++
770   <... clone resumed>, child_tidptr=0x73e84843ea10) = 772
770   --- SIGCHLD {si_signo=SIGCHLD, si_code=CLD_EXITED, si_pid=771, si_uid=42, si_status=0, si_utime=0, si_stime=0} ---
772   execve("/usr/bin/sed", ["sed", "-e", "s#'#'\"'\"'#g"], ["USER=_apt", "APT_KEY_DONT_WARN_ON_DANGEROUS_USAGE=1", "HOSTNAME=4ec9be7567d5", "SHLVL=1", "OLDPWD=/", "HOME=/nonexistent", "APT_CONFIG=/tmp/apt.conf.3HvzV5", "APT_KEY_NO_LEGACY_KEYRING=1", "MAKEFLAGS=", "LOGNAME=_apt", "_=/usr/bin/pvs-studio-analyzer", "TERM=xterm", "USERNAME=_apt", "PATH=/usr/local/sbin:/usr/local/bin:/usr/sbin:/usr/bin:/sbin:/bin", "MAKELEVEL=1", "LANG=", "LC_MESSAGES=", "SHELL=/bin/sh", "IFS=\n\10", "PWD=/root", "LC_ALL=", "MFLAGS="]) = 0
772   +++ exited with 0 +++
770   --- SIGCHLD {si_signo=SIGCHLD, si_code=CLD_EXITED, si_pid=772, si_uid=42, si_status=0, si_utime=0, si_stime=0} ---
770   +++ exited with 0 +++
754   --- SIGCHLD {si_signo=SIGCHLD, si_code=CLD_EXITED, si_pid=770, si_uid=42, si_status=0, si_utime=0, si_stime=0} ---
754   clone(child_stack=NULL, flags=CLONE_CHILD_CLEARTID|CLONE_CHILD_SETTID|SIGCHLD, child_tidptr=0x73e84843ea10) = 773
773   clone(child_stack=NULL, flags=CLONE_CHILD_CLEARTID|CLONE_CHILD_SETTID|SIGCHLD, child_tidptr=0x73e84843ea10) = 774
773   clone(child_stack=NULL, flags=CLONE_CHILD_CLEARTID|CLONE_CHILD_SETTID|SIGCHLD <unfinished ...>
774   +++ exited with 0 +++
773   <... clone resumed>, child_tidptr=0x73e84843ea10) = 775
773   --- SIGCHLD {si_signo=SIGCHLD, si_code=CLD_EXITED, si_pid=774, si_uid=42, si_status=0, si_utime=0, si_stime=0} ---
775   execve("/usr/bin/sed", ["sed", "-e", "s#'#'\"'\"'#g"], ["USER=_apt", "APT_KEY_DONT_WARN_ON_DANGEROUS_USAGE=1", "HOSTNAME=4ec9be7567d5", "SHLVL=1", "OLDPWD=/", "HOME=/nonexistent", "APT_CONFIG=/tmp/apt.conf.3HvzV5", "APT_KEY_NO_LEGACY_KEYRING=1", "MAKEFLAGS=", "LOGNAME=_apt", "_=/usr/bin/pvs-studio-analyzer", "TERM=xterm", "USERNAME=_apt", "PATH=/usr/local/sbin:/usr/local/bin:/usr/sbin:/usr/bin:/sbin:/bin", "MAKELEVEL=1", "LANG=", "LC_MESSAGES=", "SHELL=/bin/sh", "IFS=\n\10", "PWD=/root", "LC_ALL=", "MFLAGS="]) = 0
775   +++ exited with 0 +++
773   --- SIGCHLD {si_signo=SIGCHLD, si_code=CLD_EXITED, si_pid=775, si_uid=42, si_status=0, si_utime=0, si_stime=0} ---
773   +++ exited with 0 +++
754   --- SIGCHLD {si_signo=SIGCHLD, si_code=CLD_EXITED, si_pid=773, si_uid=42, si_status=0, si_utime=0, si_stime=0} ---
754   clone(child_stack=NULL, flags=CLONE_CHILD_CLEARTID|CLONE_CHILD_SETTID|SIGCHLD, child_tidptr=0x73e84843ea10) = 776
776   +++ exited with 0 +++
754   --- SIGCHLD {si_signo=SIGCHLD, si_code=CLD_EXITED, si_pid=776, si_uid=42, si_status=0, si_utime=0, si_stime=0} ---
754   vfork( <unfinished ...>
777   execve("/usr/bin/gpgv", ["gpgv", "--homedir", "/tmp/apt-key-gpghome.6HKfYxDKBQ", "--keyring", "/usr/share/keyrings/debian-archive-keyring.gpg", "--ignore-time-conflict", "--status-fd", "3", "/tmp/apt.sig.61bRoQ", "/tmp/apt.data.7S2vTx"], ["USER=_apt", "APT_KEY_DONT_WARN_ON_DANGEROUS_USAGE=1", "HOSTNAME=4ec9be7567d5", "SHLVL=1", "OLDPWD=/", "HOME=/nonexistent", "APT_CONFIG=/tmp/apt.conf.3HvzV5", "APT_KEY_NO_LEGACY_KEYRING=1", "MAKEFLAGS=", "LOGNAME=_apt", "_=/usr/bin/pvs-studio-analyzer", "TERM=xterm", "USERNAME=_apt", "PATH=/usr/local/sbin:/usr/local/bin:/usr/sbin:/usr/bin:/sbin:/bin", "MAKELEVEL=1", "LANG=", "LC_MESSAGES=", "SHELL=/bin/sh", "IFS=\n\10", "PWD=/root", "LC_ALL=", "MFLAGS="] <unfinished ...>
754   <... vfork resumed>)              = 777
777   <... execve resumed>)             = 0
777   +++ exited with 2 +++
754   --- SIGCHLD {si_signo=SIGCHLD, si_code=CLD_EXITED, si_pid=777, si_uid=42, si_status=2, si_utime=0, si_stime=0} ---
754   vfork( <unfinished ...>
778   execve("/usr/bin/rm", ["rm", "-rf", "/tmp/apt-key-gpghome.6HKfYxDKBQ"], ["USER=_apt", "APT_KEY_DONT_WARN_ON_DANGEROUS_USAGE=1", "HOSTNAME=4ec9be7567d5", "SHLVL=1", "OLDPWD=/", "HOME=/nonexistent", "APT_CONFIG=/tmp/apt.conf.3HvzV5", "APT_KEY_NO_LEGACY_KEYRING=1", "MAKEFLAGS=", "LOGNAME=_apt", "_=/usr/bin/pvs-studio-analyzer", "TERM=xterm", "USERNAME=_apt", "PATH=/usr/local/sbin:/usr/local/bin:/usr/sbin:/usr/bin:/sbin:/bin", "MAKELEVEL=1", "LANG=", "LC_MESSAGES=", "SHELL=/bin/sh", "IFS=\n\10", "PWD=/root", "LC_ALL=", "MFLAGS="] <unfinished ...>
754   <... vfork resumed>)              = 778
778   <... execve resumed>)             = 0
778   +++ exited with 0 +++
754   --- SIGCHLD {si_signo=SIGCHLD, si_code=CLD_EXITED, si_pid=778, si_uid=42, si_status=0, si_utime=0, si_stime=0} ---
754   +++ exited with 2 +++
753   --- SIGCHLD {si_signo=SIGCHLD, si_code=CLD_EXITED, si_pid=754, si_uid=42, si_status=2, si_utime=0, si_stime=1 /* 0.01 s */} ---
753   +++ exited with 2 +++
752   --- SIGCHLD {si_signo=SIGCHLD, si_code=CLD_EXITED, si_pid=753, si_uid=42, si_status=2, si_utime=0, si_stime=15 /* 0.15 s */} ---
752   clone(child_stack=NULL, flags=CLONE_CHILD_CLEARTID|CLONE_CHILD_SETTID|SIGCHLD, child_tidptr=0x7da150684b10) = 779
779   clone(child_stack=NULL, flags=CLONE_CHILD_CLEARTID|CLONE_CHILD_SETTID|SIGCHLD, child_tidptr=0x7da150684b10) = 780
780   execve("/usr/bin/apt-key", ["/usr/bin/apt-key", "--quiet", "--readonly", "--keyring", "/usr/share/keyrings/debian-archive-keyring.gpg", "verify", "--status-fd", "3", "/tmp/apt.sig.y3xUUS", "/tmp/apt.data.5EeCTW"], ["HOSTNAME=4ec9be7567d5", "SHLVL=1", "OLDPWD=/", "HOME=/nonexistent", "MAKEFLAGS=", "_=/usr/bin/pvs-studio-analyzer", "TERM=xterm", "PATH=/usr/local/sbin:/usr/local/bin:/usr/sbin:/usr/bin:/sbin:/bin", "MAKELEVEL=1", "PWD=/root", "MFLAGS=", "USER=_apt", "USERNAME=_apt", "LOGNAME=_apt", "SHELL=/bin/sh", "APT_KEY_NO_LEGACY_KEYRING=1", "APT_CONFIG=/tmp/apt.conf.jP0c5g", "APT_KEY_DONT_WARN_ON_DANGEROUS_USAGE=1", "LANG=", "LC_ALL=", "LC_MESSAGES="]) = 0
780   clone(child_stack=NULL, flags=CLONE_CHILD_CLEARTID|CLONE_CHILD_SETTID|SIGCHLD, child_tidptr=0x772397b80a10) = 781
781   +++ exited with 0 +++
780   --- SIGCHLD {si_signo=SIGCHLD, si_code=CLD_EXITED, si_pid=781, si_uid=42, si_status=0, si_utime=0, si_stime=0} ---
780   clone(child_stack=NULL, flags=CLONE_CHILD_CLEARTID|CLONE_CHILD_SETTID|SIGCHLD, child_tidptr=0x772397b80a10) = 782
782   execve("/usr/bin/apt-config", ["apt-config", "shell", "MASTER_KEYRING", "APT::Key::MasterKeyring"], ["USER=_apt", "APT_KEY_DONT_WARN_ON_DANGEROUS_USAGE=1", "HOSTNAME=4ec9be7567d5", "SHLVL=1", "OLDPWD=/", "HOME=/nonexistent", "APT_CONFIG=/tmp/apt.conf.jP0c5g", "APT_KEY_NO_LEGACY_KEYRING=1", "MAKEFLAGS=", "LOGNAME=_apt", "_=/usr/bin/pvs-studio-analyzer", "TERM=xterm", "USERNAME=_apt", "PATH=/usr/local/sbin:/usr/local/bin:/usr/sbin:/usr/bin:/sbin:/bin", "MAKELEVEL=1", "LANG=", "LC_MESSAGES=", "SHELL=/bin/sh", "IFS=\n\10", "PWD=/root", "LC_ALL=", "MFLAGS="]) = 0
782   clone(child_stack=NULL, flags=CLONE_CHILD_CLEARTID|CLONE_CHILD_SETTID|SIGCHLD, child_tidptr=0x77dd051c8b10) = 783
783   execve("/usr/bin/dpkg", ["/usr/bin/dpkg", "--print-foreign-architectures"], ["USER=_apt", "APT_KEY_DONT_WARN_ON_DANGEROUS_USAGE=1", "HOSTNAME=4ec9be7567d5", "SHLVL=1", "OLDPWD=/", "HOME=/nonexistent", "APT_CONFIG=/tmp/apt.conf.jP0c5g", "APT_KEY_NO_LEGACY_KEYRING=1", "MAKEFLAGS=", "LOGNAME=_apt", "_=/usr/bin/pvs-studio-analyzer", "TERM=xterm", "USERNAME=_apt", "PATH=/usr/sbin:/usr/bin:/sbin:/bin", "MAKELEVEL=1", "LANG=", "LC_MESSAGES=", "SHELL=/bin/sh", "IFS=\n\10", "PWD=/root", "LC_ALL=", "MFLAGS="]) = 0
783   +++ exited with 0 +++
782   --- SIGCHLD {si_signo=SIGCHLD, si_code=CLD_EXITED, si_pid=783, si_uid=42, si_status=0, si_utime=0, si_stime=0} ---
782   +++ exited with 0 +++
780   --- SIGCHLD {si_signo=SIGCHLD, si_code=CLD_EXITED, si_pid=782, si_uid=42, si_status=0, si_utime=0, si_stime=1 /* 0.01 s */} ---
780   clone(child_stack=NULL, flags=CLONE_CHILD_CLEARTID|CLONE_CHILD_SETTID|SIGCHLD, child_tidptr=0x772397b80a10) = 784
784   execve("/usr/bin/apt-config", ["apt-config", "shell", "ARCHIVE_KEYRING", "APT::Key::ArchiveKeyring"], ["USER=_apt", "APT_KEY_DONT_WARN_ON_DANGEROUS_USAGE=1", "HOSTNAME=4ec9be7567d5", "SHLVL=1", "OLDPWD=/", "HOME=/nonexistent", "APT_CONFIG=/tmp/apt.conf.jP0c5g", "APT_KEY_NO_LEGACY_KEYRING=1", "MAKEFLAGS=", "LOGNAME=_apt", "_=/usr/bin/pvs-studio-analyzer", "TERM=xterm", "USERNAME=_apt", "PATH=/usr/local/sbin:/usr/local/bin:/usr/sbin:/usr/bin:/sbin:/bin", "MAKELEVEL=1", "LANG=", "LC_MESSAGES=", "SHELL=/bin/sh", "IFS=\n\10", "PWD=/root", "LC_ALL=", "MFLAGS="]) = 0
784   clone(child_stack=NULL, flags=CLONE_CHILD_CLEARTID|CLONE_CHILD_SETTID|SIGCHLD, child_tidptr=0x703163832b10) = 785
785   execve("/usr/bin/dpkg", ["/usr/bin/dpkg", "--print-foreign-architectures"], ["USER=_apt", "APT_KEY_DONT_WARN_ON_DANGEROUS_USAGE=1", "HOSTNAME=4ec9be7567d5", "SHLVL=1", "OLDPWD=/", "HOME=/nonexistent", "APT_CONFIG=/tmp/apt.conf.jP0c5g", "APT_KEY_NO_LEGACY_KEYRING=1", "MAKEFLAGS=", "LOGNAME=_apt", "_=/usr/bin/pvs-studio-analyzer", "TERM=xterm", "USERNAME=_apt", "PATH=/usr/sbin:/usr/bin:/sbin:/bin", "MAKELEVEL=1", "LANG=", "LC_MESSAGES=", "SHELL=/bin/sh", "IFS=\n\10", "PWD=/root", "LC_ALL=", "MFLAGS="]) = 0
785   +++ exited with 0 +++
784   --- SIGCHLD {si_signo=SIGCHLD, si_code=CLD_EXITED, si_pid=785, si_uid=42, si_status=0, si_utime=0, si_stime=0} ---
784   +++ exited with 0 +++
780   --- SIGCHLD {si_signo=SIGCHLD, si_code=CLD_EXITED, si_pid=784, si_uid=42, si_status=0, si_utime=0, si_stime=1 /* 0.01 s */} ---
780   clone(child_stack=NULL, flags=CLONE_CHILD_CLEARTID|CLONE_CHILD_SETTID|SIGCHLD, child_tidptr=0x772397b80a10) = 786
786   execve("/usr/bin/apt-config", ["apt-config", "shell", "REMOVED_KEYS", "APT::Key::RemovedKeys"], ["USER=_apt", "APT_KEY_DONT_WARN_ON_DANGEROUS_USAGE=1", "HOSTNAME=4ec9be7567d5", "SHLVL=1", "OLDPWD=/", "HOME=/nonexistent", "APT_CONFIG=/tmp/apt.conf.jP0c5g", "APT_KEY_NO_LEGACY_KEYRING=1", "MAKEFLAGS=", "LOGNAME=_apt", "_=/usr/bin/pvs-studio-analyzer", "TERM=xterm", "USERNAME=_apt", "PATH=/usr/local/sbin:/usr/local/bin:/usr/sbin:/usr/bin:/sbin:/bin", "MAKELEVEL=1", "LANG=", "LC_MESSAGES=", "SHELL=/bin/sh", "IFS=\n\10", "PWD=/root", "LC_ALL=", "MFLAGS="]) = 0
786   clone(child_stack=NULL, flags=CLONE_CHILD_CLEARTID|CLONE_CHILD_SETTID|SIGCHLD, child_tidptr=0x743cc5ff9b10) = 787
787   execve("/usr/bin/dpkg", ["/usr/bin/dpkg", "--print-foreign-architectures"], ["USER=_apt", "APT_KEY_DONT_WARN_ON_DANGEROUS_USAGE=1", "HOSTNAME=4ec9be7567d5", "SHLVL=1", "OLDPWD=/", "HOME=/nonexistent", "APT_CONFIG=/tmp/apt.conf.jP0c5g", "APT_KEY_NO_LEGACY_KEYRING=1", "MAKEFLAGS=", "LOGNAME=_apt", "_=/usr/bin/pvs-studio-analyzer", "TERM=xterm", "USERNAME=_apt", "PATH=/usr/sbin:/usr/bin:/sbin:/bin", "MAKELEVEL=1", "LANG=", "LC_MESSAGES=", "SHELL=/bin/sh", "IFS=\n\10", "PWD=/root", "LC_ALL=", "MFLAGS="]) = 0
787   +++ exited with 0 +++
786   --- SIGCHLD {si_signo=SIGCHLD, si_code=CLD_EXITED, si_pid=787, si_uid=42, si_status=0, si_utime=0, si_stime=1 /* 0.01 s */} ---
786   +++ exited with 0 +++
780   --- SIGCHLD {si_signo=SIGCHLD, si_code=CLD_EXITED, si_pid=786, si_uid=42, si_status=0, si_utime=0, si_stime=1 /* 0.01 s */} ---
780   clone(child_stack=NULL, flags=CLONE_CHILD_CLEARTID|CLONE_CHILD_SETTID|SIGCHLD, child_tidptr=0x772397b80a10) = 788
788   execve("/usr/bin/apt-config", ["apt-config", "shell", "ARCHIVE_KEYRING_URI", "APT::Key::ArchiveKeyringURI"], ["USER=_apt", "APT_KEY_DONT_WARN_ON_DANGEROUS_USAGE=1", "HOSTNAME=4ec9be7567d5", "SHLVL=1", "OLDPWD=/", "HOME=/nonexistent", "APT_CONFIG=/tmp/apt.conf.jP0c5g", "APT_KEY_NO_LEGACY_KEYRING=1", "MAKEFLAGS=", "LOGNAME=_apt", "_=/usr/bin/pvs-studio-analyzer", "TERM=xterm", "USERNAME=_apt", "PATH=/usr/local/sbin:/usr/local/bin:/usr/sbin:/usr/bin:/sbin:/bin", "MAKELEVEL=1", "LANG=", "LC_MESSAGES=", "SHELL=/bin/sh", "IFS=\n\10", "PWD=/root", "LC_ALL=", "MFLAGS="]) = 0
788   clone(child_stack=NULL, flags=CLONE_CHILD_CLEARTID|CLONE_CHILD_SETTID|SIGCHLD, child_tidptr=0x762513963b10) = 789
789   execve("/usr/bin/dpkg", ["/usr/bin/dpkg", "--print-foreign-architectures"], ["USER=_apt", "APT_KEY_DONT_WARN_ON_DANGEROUS_USAGE=1", "HOSTNAME=4ec9be7567d5", "SHLVL=1", "OLDPWD=/", "HOME=/nonexistent", "APT_CONFIG=/tmp/apt.conf.jP0c5g", "APT_KEY_NO_LEGACY_KEYRING=1", "MAKEFLAGS=", "LOGNAME=_apt", "_=/usr/bin/pvs-studio-analyzer", "TERM=xterm", "USERNAME=_apt", "PATH=/usr/sbin:/usr/bin:/sbin:/bin", "MAKELEVEL=1", "LANG=", "LC_MESSAGES=", "SHELL=/bin/sh", "IFS=\n\10", "PWD=/root", "LC_ALL=", "MFLAGS="]) = 0
789   +++ exited with 0 +++
788   --- SIGCHLD {si_signo=SIGCHLD, si_code=CLD_EXITED, si_pid=789, si_uid=42, si_status=0, si_utime=0, si_stime=0} ---
788   +++ exited with 0 +++
780   --- SIGCHLD {si_signo=SIGCHLD, si_code=CLD_EXITED, si_pid=788, si_uid=42, si_status=0, si_utime=0, si_stime=0} ---
780   clone(child_stack=NULL, flags=CLONE_CHILD_CLEARTID|CLONE_CHILD_SETTID|SIGCHLD, child_tidptr=0x772397b80a10) = 790
790   +++ exited with 0 +++
780   --- SIGCHLD {si_signo=SIGCHLD, si_code=CLD_EXITED, si_pid=790, si_uid=42, si_status=0, si_utime=0, si_stime=0} ---
780   clone(child_stack=NULL, flags=CLONE_CHILD_CLEARTID|CLONE_CHILD_SETTID|SIGCHLD, child_tidptr=0x772397b80a10) = 791
791   execve("/usr/bin/apt-config", ["apt-config", "shell", "GPGV", "Apt::Key::gpgvcommand"], ["USER=_apt", "APT_KEY_DONT_WARN_ON_DANGEROUS_USAGE=1", "HOSTNAME=4ec9be7567d5", "SHLVL=1", "OLDPWD=/", "HOME=/nonexistent", "APT_CONFIG=/tmp/apt.conf.jP0c5g", "APT_KEY_NO_LEGACY_KEYRING=1", "MAKEFLAGS=", "LOGNAME=_apt", "_=/usr/bin/pvs-studio-analyzer", "TERM=xterm", "USERNAME=_apt", "PATH=/usr/local/sbin:/usr/local/bin:/usr/sbin:/usr/bin:/sbin:/bin", "MAKELEVEL=1", "LANG=", "LC_MESSAGES=", "SHELL=/bin/sh", "IFS=\n\10", "PWD=/root", "LC_ALL=", "MFLAGS="]) = 0
791   clone(child_stack=NULL, flags=CLONE_CHILD_CLEARTID|CLONE_CHILD_SETTID|SIGCHLD, child_tidptr=0x709cddcf0b10) = 792
792   execve("/usr/bin/dpkg", ["/usr/bin/dpkg", "--print-foreign-architectures"], ["USER=_apt", "APT_KEY_DONT_WARN_ON_DANGEROUS_USAGE=1", "HOSTNAME=4ec9be7567d5", "SHLVL=1", "OLDPWD=/", "HOME=/nonexistent", "APT_CONFIG=/tmp/apt.conf.jP0c5g", "APT_KEY_NO_LEGACY_KEYRING=1", "MAKEFLAGS=", "LOGNAME=_apt", "_=/usr/bin/pvs-studio-analyzer", "TERM=xterm", "USERNAME=_apt", "PATH=/usr/sbin:/usr/bin:/sbin:/bin", "MAKELEVEL=1", "LANG=", "LC_MESSAGES=", "SHELL=/bin/sh", "IFS=\n\10", "PWD=/root", "LC_ALL=", "MFLAGS="]) = 0
792   +++ exited with 0 +++
791   --- SIGCHLD {si_signo=SIGCHLD, si_code=CLD_EXITED, si_pid=792, si_uid=42, si_status=0, si_utime=0, si_stime=0} ---
791   +++ exited with 0 +++
780   --- SIGCHLD {si_signo=SIGCHLD, si_code=CLD_EXITED, si_pid=791, si_uid=42, si_status=0, si_utime=0, si_stime=1 /* 0.01 s */} ---
780   clone(child_stack=NULL, flags=CLONE_CHILD_CLEARTID|CLONE_CHILD_SETTID|SIGCHLD, child_tidptr=0x772397b80a10) = 793
793   execve("/usr/bin/mktemp", ["mktemp", "--directory", "--tmpdir", "apt-key-gpghome.XXXXXXXXXX"], ["USER=_apt", "APT_KEY_DONT_WARN_ON_DANGEROUS_USAGE=1", "HOSTNAME=4ec9be7567d5", "SHLVL=1", "OLDPWD=/", "HOME=/nonexistent", "APT_CONFIG=/tmp/apt.conf.jP0c5g", "APT_KEY_NO_LEGACY_KEYRING=1", "MAKEFLAGS=", "LOGNAME=_apt", "_=/usr/bin/pvs-studio-analyzer", "TERM=xterm", "USERNAME=_apt", "PATH=/usr/local/sbin:/usr/local/bin:/usr/sbin:/usr/bin:/sbin:/bin", "MAKELEVEL=1", "LANG=", "LC_MESSAGES=", "SHELL=/bin/sh", "IFS=\n\10", "PWD=/root", "LC_ALL=", "MFLAGS="]) = 0
793   +++ exited with 0 +++
780   --- SIGCHLD {si_signo=SIGCHLD, si_code=CLD_EXITED, si_pid=793, si_uid=42, si_status=0, si_utime=0, si_stime=0} ---
780   vfork( <unfinished ...>
794   execve("/usr/bin/chmod", ["chmod", "700", "/tmp/apt-key-gpghome.4uoyp6YgJF"], ["USER=_apt", "APT_KEY_DONT_WARN_ON_DANGEROUS_USAGE=1", "HOSTNAME=4ec9be7567d5", "SHLVL=1", "OLDPWD=/", "HOME=/nonexistent", "APT_CONFIG=/tmp/apt.conf.jP0c5g", "APT_KEY_NO_LEGACY_KEYRING=1", "MAKEFLAGS=", "LOGNAME=_apt", "_=/usr/bin/pvs-studio-analyzer", "TERM=xterm", "USERNAME=_apt", "PATH=/usr/local/sbin:/usr/local/bin:/usr/sbin:/usr/bin:/sbin:/bin", "MAKELEVEL=1", "LANG=", "LC_MESSAGES=", "SHELL=/bin/sh", "IFS=\n\10", "PWD=/root", "LC_ALL=", "MFLAGS="] <unfinished ...>
780   <... vfork resumed>)              = 794
794   <... execve resumed>)             = 0
794   +++ exited with 0 +++
780   --- SIGCHLD {si_signo=SIGCHLD, si_code=CLD_EXITED, si_pid=794, si_uid=42, si_status=0, si_utime=0, si_stime=0} ---
780   clone(child_stack=NULL, flags=CLONE_CHILD_CLEARTID|CLONE_CHILD_SETTID|SIGCHLD, child_tidptr=0x772397b80a10) = 795
795   +++ exited with 0 +++
780   --- SIGCHLD {si_signo=SIGCHLD, si_code=CLD_EXITED, si_pid=795, si_uid=42, si_status=0, si_utime=0, si_stime=0} ---
780   clone(child_stack=NULL, flags=CLONE_CHILD_CLEARTID|CLONE_CHILD_SETTID|SIGCHLD, child_tidptr=0x772397b80a10) = 796
796   clone(child_stack=NULL, flags=CLONE_CHILD_CLEARTID|CLONE_CHILD_SETTID|SIGCHLD, child_tidptr=0x772397b80a10) = 797
797   +++ exited with 0 +++
796   clone(child_stack=NULL, flags=CLONE_CHILD_CLEARTID|CLONE_CHILD_SETTID|SIGCHLD, child_tidptr=0x772397b80a10) = ? ERESTARTNOINTR (To be restarted)
796   --- SIGCHLD {si_signo=SIGCHLD, si_code=CLD_EXITED, si_pid=797, si_uid=42, si_status=0, si_utime=0, si_stime=0} ---
796   clone(child_stack=NULL, flags=CLONE_CHILD_CLEARTID|CLONE_CHILD_SETTID|SIGCHLD, child_tidptr=0x772397b80a10) = 798
798   execve("/usr/bin/sed", ["sed", "-e", "s#'#'\"'\"'#g"], ["USER=_apt", "APT_KEY_DONT_WARN_ON_DANGEROUS_USAGE=1", "HOSTNAME=4ec9be7567d5", "SHLVL=1", "OLDPWD=/", "HOME=/nonexistent", "APT_CONFIG=/tmp/apt.conf.jP0c5g", "APT_KEY_NO_LEGACY_KEYRING=1", "MAKEFLAGS=", "LOGNAME=_apt", "_=/usr/bin/pvs-studio-analyzer", "TERM=xterm", "USERNAME=_apt", "PATH=/usr/local/sbin:/usr/local/bin:/usr/sbin:/usr/bin:/sbin:/bin", "MAKELEVEL=1", "LANG=", "LC_MESSAGES=", "SHELL=/bin/sh", "IFS=\n\10", "PWD=/root", "LC_ALL=", "MFLAGS="]) = 0
798   +++ exited with 0 +++
796   --- SIGCHLD {si_signo=SIGCHLD, si_code=CLD_EXITED, si_pid=798, si_uid=42, si_status=0, si_utime=0, si_stime=0} ---
796   +++ exited with 0 +++
780   --- SIGCHLD {si_signo=SIGCHLD, si_code=CLD_EXITED, si_pid=796, si_uid=42, si_status=0, si_utime=0, si_stime=0} ---
780   clone(child_stack=NULL, flags=CLONE_CHILD_CLEARTID|CLONE_CHILD_SETTID|SIGCHLD, child_tidptr=0x772397b80a10) = 799
799   clone(child_stack=NULL, flags=CLONE_CHILD_CLEARTID|CLONE_CHILD_SETTID|SIGCHLD, child_tidptr=0x772397b80a10) = 800
800   +++ exited with 0 +++
799   clone(child_stack=NULL, flags=CLONE_CHILD_CLEARTID|CLONE_CHILD_SETTID|SIGCHLD, child_tidptr=0x772397b80a10) = ? ERESTARTNOINTR (To be restarted)
799   --- SIGCHLD {si_signo=SIGCHLD, si_code=CLD_EXITED, si_pid=800, si_uid=42, si_status=0, si_utime=0, si_stime=0} ---
799   clone(child_stack=NULL, flags=CLONE_CHILD_CLEARTID|CLONE_CHILD_SETTID|SIGCHLD, child_tidptr=0x772397b80a10) = 801
801   execve("/usr/bin/sed", ["sed", "-e", "s#'#'\"'\"'#g"], ["USER=_apt", "APT_KEY_DONT_WARN_ON_DANGEROUS_USAGE=1", "HOSTNAME=4ec9be7567d5", "SHLVL=1", "OLDPWD=/", "HOME=/nonexistent", "APT_CONFIG=/tmp/apt.conf.jP0c5g", "APT_KEY_NO_LEGACY_KEYRING=1", "MAKEFLAGS=", "LOGNAME=_apt", "_=/usr/bin/pvs-studio-analyzer", "TERM=xterm", "USERNAME=_apt", "PATH=/usr/local/sbin:/usr/local/bin:/usr/sbin:/usr/bin:/sbin:/bin", "MAKELEVEL=1", "LANG=", "LC_MESSAGES=", "SHELL=/bin/sh", "IFS=\n\10", "PWD=/root", "LC_ALL=", "MFLAGS="]) = 0
801   +++ exited with 0 +++
799   --- SIGCHLD {si_signo=SIGCHLD, si_code=CLD_EXITED, si_pid=801, si_uid=42, si_status=0, si_utime=0, si_stime=0} ---
799   +++ exited with 0 +++
780   --- SIGCHLD {si_signo=SIGCHLD, si_code=CLD_EXITED, si_pid=799, si_uid=42, si_status=0, si_utime=0, si_stime=0} ---
780   clone(child_stack=NULL, flags=CLONE_CHILD_CLEARTID|CLONE_CHILD_SETTID|SIGCHLD, child_tidptr=0x772397b80a10) = 802
802   +++ exited with 0 +++
780   --- SIGCHLD {si_signo=SIGCHLD, si_code=CLD_EXITED, si_pid=802, si_uid=42, si_status=0, si_utime=0, si_stime=0} ---
780   vfork( <unfinished ...>
803   execve("/usr/bin/gpgv", ["gpgv", "--homedir", "/tmp/apt-key-gpghome.4uoyp6YgJF", "--keyring", "/usr/share/keyrings/debian-archive-keyring.gpg", "--ignore-time-conflict", "--status-fd", "3", "/tmp/apt.sig.y3xUUS", "/tmp/apt.data.5EeCTW"], ["USER=_apt", "APT_KEY_DONT_WARN_ON_DANGEROUS_USAGE=1", "HOSTNAME=4ec9be7567d5", "SHLVL=1", "OLDPWD=/", "HOME=/nonexistent", "APT_CONFIG=/tmp/apt.conf.jP0c5g", "APT_KEY_NO_LEGACY_KEYRING=1", "MAKEFLAGS=", "LOGNAME=_apt", "_=/usr/bin/pvs-studio-analyzer", "TERM=xterm", "USERNAME=_apt", "PATH=/usr/local/sbin:/usr/local/bin:/usr/sbin:/usr/bin:/sbin:/bin", "MAKELEVEL=1", "LANG=", "LC_MESSAGES=", "SHELL=/bin/sh", "IFS=\n\10", "PWD=/root", "LC_ALL=", "MFLAGS="] <unfinished ...>
780   <... vfork resumed>)              = 803
803   <... execve resumed>)             = 0
803   +++ exited with 2 +++
780   --- SIGCHLD {si_signo=SIGCHLD, si_code=CLD_EXITED, si_pid=803, si_uid=42, si_status=2, si_utime=0, si_stime=0} ---
780   vfork( <unfinished ...>
804   execve("/usr/bin/rm", ["rm", "-rf", "/tmp/apt-key-gpghome.4uoyp6YgJF"], ["USER=_apt", "APT_KEY_DONT_WARN_ON_DANGEROUS_USAGE=1", "HOSTNAME=4ec9be7567d5", "SHLVL=1", "OLDPWD=/", "HOME=/nonexistent", "APT_CONFIG=/tmp/apt.conf.jP0c5g", "APT_KEY_NO_LEGACY_KEYRING=1", "MAKEFLAGS=", "LOGNAME=_apt", "_=/usr/bin/pvs-studio-analyzer", "TERM=xterm", "USERNAME=_apt", "PATH=/usr/local/sbin:/usr/local/bin:/usr/sbin:/usr/bin:/sbin:/bin", "MAKELEVEL=1", "LANG=", "LC_MESSAGES=", "SHELL=/bin/sh", "IFS=\n\10", "PWD=/root", "LC_ALL=", "MFLAGS="] <unfinished ...>
780   <... vfork resumed>)              = 804
804   <... execve resumed>)             = 0
804   +++ exited with 0 +++
780   --- SIGCHLD {si_signo=SIGCHLD, si_code=CLD_EXITED, si_pid=804, si_uid=42, si_status=0, si_utime=0, si_stime=0} ---
780   +++ exited with 2 +++
779   --- SIGCHLD {si_signo=SIGCHLD, si_code=CLD_EXITED, si_pid=780, si_uid=42, si_status=2, si_utime=0, si_stime=0} ---
779   +++ exited with 2 +++
752   --- SIGCHLD {si_signo=SIGCHLD, si_code=CLD_EXITED, si_pid=779, si_uid=42, si_status=2, si_utime=0, si_stime=5 /* 0.05 s */} ---
752   clone(child_stack=NULL, flags=CLONE_CHILD_CLEARTID|CLONE_CHILD_SETTID|SIGCHLD, child_tidptr=0x7da150684b10) = 805
805   clone(child_stack=NULL, flags=CLONE_CHILD_CLEARTID|CLONE_CHILD_SETTID|SIGCHLD, child_tidptr=0x7da150684b10) = 806
806   execve("/usr/bin/apt-key", ["/usr/bin/apt-key", "--quiet", "--readonly", "--keyring", "/usr/share/keyrings/debian-archive-keyring.gpg", "verify", "--status-fd", "3", "/tmp/apt.sig.YRCKBn", "/tmp/apt.data.70efJl"], ["HOSTNAME=4ec9be7567d5", "SHLVL=1", "OLDPWD=/", "HOME=/nonexistent", "MAKEFLAGS=", "_=/usr/bin/pvs-studio-analyzer", "TERM=xterm", "PATH=/usr/local/sbin:/usr/local/bin:/usr/sbin:/usr/bin:/sbin:/bin", "MAKELEVEL=1", "PWD=/root", "MFLAGS=", "USER=_apt", "USERNAME=_apt", "LOGNAME=_apt", "SHELL=/bin/sh", "APT_KEY_NO_LEGACY_KEYRING=1", "APT_CONFIG=/tmp/apt.conf.FD6TlD", "APT_KEY_DONT_WARN_ON_DANGEROUS_USAGE=1", "LANG=", "LC_ALL=", "LC_MESSAGES="]) = 0
806   clone(child_stack=NULL, flags=CLONE_CHILD_CLEARTID|CLONE_CHILD_SETTID|SIGCHLD, child_tidptr=0x7e66692cea10) = 807
807   +++ exited with 0 +++
806   --- SIGCHLD {si_signo=SIGCHLD, si_code=CLD_EXITED, si_pid=807, si_uid=42, si_status=0, si_utime=0, si_stime=0} ---
806   clone(child_stack=NULL, flags=CLONE_CHILD_CLEARTID|CLONE_CHILD_SETTID|SIGCHLD, child_tidptr=0x7e66692cea10) = 808
808   execve("/usr/bin/apt-config", ["apt-config", "shell", "MASTER_KEYRING", "APT::Key::MasterKeyring"], ["USER=_apt", "APT_KEY_DONT_WARN_ON_DANGEROUS_USAGE=1", "HOSTNAME=4ec9be7567d5", "SHLVL=1", "OLDPWD=/", "HOME=/nonexistent", "APT_CONFIG=/tmp/apt.conf.FD6TlD", "APT_KEY_NO_LEGACY_KEYRING=1", "MAKEFLAGS=", "LOGNAME=_apt", "_=/usr/bin/pvs-studio-analyzer", "TERM=xterm", "USERNAME=_apt", "PATH=/usr/local/sbin:/usr/local/bin:/usr/sbin:/usr/bin:/sbin:/bin", "MAKELEVEL=1", "LANG=", "LC_MESSAGES=", "SHELL=/bin/sh", "IFS=\n\10", "PWD=/root", "LC_ALL=", "MFLAGS="]) = 0
808   clone(child_stack=NULL, flags=CLONE_CHILD_CLEARTID|CLONE_CHILD_SETTID|SIGCHLD, child_tidptr=0x70d1d575eb10) = 809
809   execve("/usr/bin/dpkg", ["/usr/bin/dpkg", "--print-foreign-architectures"], ["USER=_apt", "APT_KEY_DONT_WARN_ON_DANGEROUS_USAGE=1", "HOSTNAME=4ec9be7567d5", "SHLVL=1", "OLDPWD=/", "HOME=/nonexistent", "APT_CONFIG=/tmp/apt.conf.FD6TlD", "APT_KEY_NO_LEGACY_KEYRING=1", "MAKEFLAGS=", "LOGNAME=_apt", "_=/usr/bin/pvs-studio-analyzer", "TERM=xterm", "USERNAME=_apt", "PATH=/usr/sbin:/usr/bin:/sbin:/bin", "MAKELEVEL=1", "LANG=", "LC_MESSAGES=", "SHELL=/bin/sh", "IFS=\n\10", "PWD=/root", "LC_ALL=", "MFLAGS="]) = 0
809   +++ exited with 0 +++
808   --- SIGCHLD {si_signo=SIGCHLD, si_code=CLD_EXITED, si_pid=809, si_uid=42, si_status=0, si_utime=0, si_stime=0} ---
808   +++ exited with 0 +++
806   --- SIGCHLD {si_signo=SIGCHLD, si_code=CLD_EXITED, si_pid=808, si_uid=42, si_status=0, si_utime=0, si_stime=2 /* 0.02 s */} ---
806   clone(child_stack=NULL, flags=CLONE_CHILD_CLEARTID|CLONE_CHILD_SETTID|SIGCHLD, child_tidptr=0x7e66692cea10) = 810
810   execve("/usr/bin/apt-config", ["apt-config", "shell", "ARCHIVE_KEYRING", "APT::Key::ArchiveKeyring"], ["USER=_apt", "APT_KEY_DONT_WARN_ON_DANGEROUS_USAGE=1", "HOSTNAME=4ec9be7567d5", "SHLVL=1", "OLDPWD=/", "HOME=/nonexistent", "APT_CONFIG=/tmp/apt.conf.FD6TlD", "APT_KEY_NO_LEGACY_KEYRING=1", "MAKEFLAGS=", "LOGNAME=_apt", "_=/usr/bin/pvs-studio-analyzer", "TERM=xterm", "USERNAME=_apt", "PATH=/usr/local/sbin:/usr/local/bin:/usr/sbin:/usr/bin:/sbin:/bin", "MAKELEVEL=1", "LANG=", "LC_MESSAGES=", "SHELL=/bin/sh", "IFS=\n\10", "PWD=/root", "LC_ALL=", "MFLAGS="]) = 0
810   clone(child_stack=NULL, flags=CLONE_CHILD_CLEARTID|CLONE_CHILD_SETTID|SIGCHLD, child_tidptr=0x7b73d837cb10) = 811
811   execve("/usr/bin/dpkg", ["/usr/bin/dpkg", "--print-foreign-architectures"], ["USER=_apt", "APT_KEY_DONT_WARN_ON_DANGEROUS_USAGE=1", "HOSTNAME=4ec9be7567d5", "SHLVL=1", "OLDPWD=/", "HOME=/nonexistent", "APT_CONFIG=/tmp/apt.conf.FD6TlD", "APT_KEY_NO_LEGACY_KEYRING=1", "MAKEFLAGS=", "LOGNAME=_apt", "_=/usr/bin/pvs-studio-analyzer", "TERM=xterm", "USERNAME=_apt", "PATH=/usr/sbin:/usr/bin:/sbin:/bin", "MAKELEVEL=1", "LANG=", "LC_MESSAGES=", "SHELL=/bin/sh", "IFS=\n\10", "PWD=/root", "LC_ALL=", "MFLAGS="]) = 0
811   +++ exited with 0 +++
810   --- SIGCHLD {si_signo=SIGCHLD, si_code=CLD_EXITED, si_pid=811, si_uid=42, si_status=0, si_utime=0, si_stime=0} ---
810   +++ exited with 0 +++
806   --- SIGCHLD {si_signo=SIGCHLD, si_code=CLD_EXITED, si_pid=810, si_uid=42, si_status=0, si_utime=0, si_stime=1 /* 0.01 s */} ---
806   clone(child_stack=NULL, flags=CLONE_CHILD_CLEARTID|CLONE_CHILD_SETTID|SIGCHLD, child_tidptr=0x7e66692cea10) = 812
812   execve("/usr/bin/apt-config", ["apt-config", "shell", "REMOVED_KEYS", "APT::Key::RemovedKeys"], ["USER=_apt", "APT_KEY_DONT_WARN_ON_DANGEROUS_USAGE=1", "HOSTNAME=4ec9be7567d5", "SHLVL=1", "OLDPWD=/", "HOME=/nonexistent", "APT_CONFIG=/tmp/apt.conf.FD6TlD", "APT_KEY_NO_LEGACY_KEYRING=1", "MAKEFLAGS=", "LOGNAME=_apt", "_=/usr/bin/pvs-studio-analyzer", "TERM=xterm", "USERNAME=_apt", "PATH=/usr/local/sbin:/usr/local/bin:/usr/sbin:/usr/bin:/sbin:/bin", "MAKELEVEL=1", "LANG=", "LC_MESSAGES=", "SHELL=/bin/sh", "IFS=\n\10", "PWD=/root", "LC_ALL=", "MFLAGS="]) = 0
812   clone(child_stack=NULL, flags=CLONE_CHILD_CLEARTID|CLONE_CHILD_SETTID|SIGCHLD, child_tidptr=0x7671a983ab10) = 813
813   execve("/usr/bin/dpkg", ["/usr/bin/dpkg", "--print-foreign-architectures"], ["USER=_apt", "APT_KEY_DONT_WARN_ON_DANGEROUS_USAGE=1", "HOSTNAME=4ec9be7567d5", "SHLVL=1", "OLDPWD=/", "HOME=/nonexistent", "APT_CONFIG=/tmp/apt.conf.FD6TlD", "APT_KEY_NO_LEGACY_KEYRING=1", "MAKEFLAGS=", "LOGNAME=_apt", "_=/usr/bin/pvs-studio-analyzer", "TERM=xterm", "USERNAME=_apt", "PATH=/usr/sbin:/usr/bin:/sbin:/bin", "MAKELEVEL=1", "LANG=", "LC_MESSAGES=", "SHELL=/bin/sh", "IFS=\n\10", "PWD=/root", "LC_ALL=", "MFLAGS="]) = 0
813   +++ exited with 0 +++
812   --- SIGCHLD {si_signo=SIGCHLD, si_code=CLD_EXITED, si_pid=813, si_uid=42, si_status=0, si_utime=0, si_stime=1 /* 0.01 s */} ---
812   +++ exited with 0 +++
806   --- SIGCHLD {si_signo=SIGCHLD, si_code=CLD_EXITED, si_pid=812, si_uid=42, si_status=0, si_utime=0, si_stime=2 /* 0.02 s */} ---
806   clone(child_stack=NULL, flags=CLONE_CHILD_CLEARTID|CLONE_CHILD_SETTID|SIGCHLD, child_tidptr=0x7e66692cea10) = 814
814   execve("/usr/bin/apt-config", ["apt-config", "shell", "ARCHIVE_KEYRING_URI", "APT::Key::ArchiveKeyringURI"], ["USER=_apt", "APT_KEY_DONT_WARN_ON_DANGEROUS_USAGE=1", "HOSTNAME=4ec9be7567d5", "SHLVL=1", "OLDPWD=/", "HOME=/nonexistent", "APT_CONFIG=/tmp/apt.conf.FD6TlD", "APT_KEY_NO_LEGACY_KEYRING=1", "MAKEFLAGS=", "LOGNAME=_apt", "_=/usr/bin/pvs-studio-analyzer", "TERM=xterm", "USERNAME=_apt", "PATH=/usr/local/sbin:/usr/local/bin:/usr/sbin:/usr/bin:/sbin:/bin", "MAKELEVEL=1", "LANG=", "LC_MESSAGES=", "SHELL=/bin/sh", "IFS=\n\10", "PWD=/root", "LC_ALL=", "MFLAGS="]) = 0
814   clone(child_stack=NULL, flags=CLONE_CHILD_CLEARTID|CLONE_CHILD_SETTID|SIGCHLD, child_tidptr=0x7acc12ecfb10) = 815
815   execve("/usr/bin/dpkg", ["/usr/bin/dpkg", "--print-foreign-architectures"], ["USER=_apt", "APT_KEY_DONT_WARN_ON_DANGEROUS_USAGE=1", "HOSTNAME=4ec9be7567d5", "SHLVL=1", "OLDPWD=/", "HOME=/nonexistent", "APT_CONFIG=/tmp/apt.conf.FD6TlD", "APT_KEY_NO_LEGACY_KEYRING=1", "MAKEFLAGS=", "LOGNAME=_apt", "_=/usr/bin/pvs-studio-analyzer", "TERM=xterm", "USERNAME=_apt", "PATH=/usr/sbin:/usr/bin:/sbin:/bin", "MAKELEVEL=1", "LANG=", "LC_MESSAGES=", "SHELL=/bin/sh", "IFS=\n\10", "PWD=/root", "LC_ALL=", "MFLAGS="]) = 0
815   +++ exited with 0 +++
814   --- SIGCHLD {si_signo=SIGCHLD, si_code=CLD_EXITED, si_pid=815, si_uid=42, si_status=0, si_utime=0, si_stime=0} ---
814   +++ exited with 0 +++
806   --- SIGCHLD {si_signo=SIGCHLD, si_code=CLD_EXITED, si_pid=814, si_uid=42, si_status=0, si_utime=0, si_stime=0} ---
806   clone(child_stack=NULL, flags=CLONE_CHILD_CLEARTID|CLONE_CHILD_SETTID|SIGCHLD, child_tidptr=0x7e66692cea10) = 816
816   +++ exited with 0 +++
806   --- SIGCHLD {si_signo=SIGCHLD, si_code=CLD_EXITED, si_pid=816, si_uid=42, si_status=0, si_utime=0, si_stime=0} ---
806   clone(child_stack=NULL, flags=CLONE_CHILD_CLEARTID|CLONE_CHILD_SETTID|SIGCHLD, child_tidptr=0x7e66692cea10) = 817
817   execve("/usr/bin/apt-config", ["apt-config", "shell", "GPGV", "Apt::Key::gpgvcommand"], ["USER=_apt", "APT_KEY_DONT_WARN_ON_DANGEROUS_USAGE=1", "HOSTNAME=4ec9be7567d5", "SHLVL=1", "OLDPWD=/", "HOME=/nonexistent", "APT_CONFIG=/tmp/apt.conf.FD6TlD", "APT_KEY_NO_LEGACY_KEYRING=1", "MAKEFLAGS=", "LOGNAME=_apt", "_=/usr/bin/pvs-studio-analyzer", "TERM=xterm", "USERNAME=_apt", "PATH=/usr/local/sbin:/usr/local/bin:/usr/sbin:/usr/bin:/sbin:/bin", "MAKELEVEL=1", "LANG=", "LC_MESSAGES=", "SHELL=/bin/sh", "IFS=\n\10", "PWD=/root", "LC_ALL=", "MFLAGS="]) = 0
817   clone(child_stack=NULL, flags=CLONE_CHILD_CLEARTID|CLONE_CHILD_SETTID|SIGCHLD, child_tidptr=0x7163bdd65b10) = 818
818   execve("/usr/bin/dpkg", ["/usr/bin/dpkg", "--print-foreign-architectures"], ["USER=_apt", "APT_KEY_DONT_WARN_ON_DANGEROUS_USAGE=1", "HOSTNAME=4ec9be7567d5", "SHLVL=1", "OLDPWD=/", "HOME=/nonexistent", "APT_CONFIG=/tmp/apt.conf.FD6TlD", "APT_KEY_NO_LEGACY_KEYRING=1", "MAKEFLAGS=", "LOGNAME=_apt", "_=/usr/bin/pvs-studio-analyzer", "TERM=xterm", "USERNAME=_apt", "PATH=/usr/sbin:/usr/bin:/sbin:/bin", "MAKELEVEL=1", "LANG=", "LC_MESSAGES=", "SHELL=/bin/sh", "IFS=\n\10", "PWD=/root", "LC_ALL=", "MFLAGS="]) = 0
818   +++ exited with 0 +++
817   --- SIGCHLD {si_signo=SIGCHLD, si_code=CLD_EXITED, si_pid=818, si_uid=42, si_status=0, si_utime=0, si_stime=0} ---
817   +++ exited with 0 +++
806   --- SIGCHLD {si_signo=SIGCHLD, si_code=CLD_EXITED, si_pid=817, si_uid=42, si_status=0, si_utime=1 /* 0.01 s */, si_stime=0} ---
806   clone(child_stack=NULL, flags=CLONE_CHILD_CLEARTID|CLONE_CHILD_SETTID|SIGCHLD, child_tidptr=0x7e66692cea10) = 819
