2165  execve("/usr/bin/make", ["make"], ["_=/usr/bin/pvs-studio-analyzer", "SHLVL=1", "PWD=/root", "TERM=xterm", "PATH=/usr/local/sbin:/usr/local/bin:/usr/sbin:/usr/bin:/sbin:/bin", "OLDPWD=/", "HOSTNAME=8f857aee2402", "HOME=/root"]) = 0
2165  clone3({flags=CLONE_VM|CLONE_VFORK, exit_signal=SIGCHLD, stack=0x7fe0526ce000, stack_size=0x9000}, 88 <unfinished ...>
2166  execve("/bin/sh", ["/bin/sh", "-c", "echo \"Checking for ncurses library...\""], ["PWD=/root", "HOSTNAME=8f857aee2402", "OLDPWD=/", "MAKEFLAGS=", "MFLAGS=", "SHLVL=1", "PATH=/usr/local/sbin:/usr/local/bin:/usr/sbin:/usr/bin:/sbin:/bin", "_=/usr/bin/pvs-studio-analyzer", "HOME=/root", "TERM=xterm", "MAKELEVEL=1"] <unfinished ...>
2165  <... clone3 resumed>)             = 2166
2166  <... execve resumed>)             = 0
2166  +++ exited with 0 +++
2165  clone3({flags=CLONE_VM|CLONE_VFORK, exit_signal=SIGCHLD, stack=0x7fe0526ce000, stack_size=0x9000}, 88 <unfinished ...>
2167  execve("/bin/sh", ["/bin/sh", "-c", "if ! pkg-config --exists ncurses 2>/dev/null; then \\\n\techo \"ncurses not found. Installing...\"; \\\n\tif command -v apt-get >/dev/null 2>&1; then \\\n\t\tapt-get update && apt-get install -y libncurses5-dev libncursesw5-dev; \\\n\telif command -v brew >/dev/null 2>&1; then \\\n\t\tbrew install ncurses; \\\n\telse \\\n\t\techo \"Error: Package manager not found. Please install ncurses manually:\"; \\\n\t\techo \"  Ubuntu/Debian: apt-get install libncurses5-dev libncursesw5-dev\"; \\\n\t\techo \"  macOS: brew install ncurses\"; \\\n\t\texit 1; \\\n\tfi; \\\nelse \\\n\techo \"ncurses library found.\"; \\\nfi"], ["PWD=/root", "HOSTNAME=8f857aee2402", "OLDPWD=/", "MAKEFLAGS=", "MFLAGS=", "SHLVL=1", "PATH=/usr/local/sbin:/usr/local/bin:/usr/sbin:/usr/bin:/sbin:/bin", "_=/usr/bin/pvs-studio-analyzer", "HOME=/root", "TERM=xterm", "MAKELEVEL=1"] <unfinished ...>
2165  <... clone3 resumed>)             = 2167
2167  <... execve resumed>)             = 0
2167  vfork( <unfinished ...>
2168  execve("/usr/bin/apt-get", ["apt-get", "update"], ["HOSTNAME=8f857aee2402", "SHLVL=1", "OLDPWD=/", "HOME=/root", "MAKEFLAGS=", "_=/usr/bin/pvs-studio-analyzer", "TERM=xterm", "PATH=/usr/local/sbin:/usr/local/bin:/usr/sbin:/usr/bin:/sbin:/bin", "MAKELEVEL=1", "PWD=/root", "MFLAGS="] <unfinished ...>
2167  <... vfork resumed>)              = 2168
2168  <... execve resumed>)             = 0
2168  clone(child_stack=NULL, flags=CLONE_CHILD_CLEARTID|CLONE_CHILD_SETTID|SIGCHLD, child_tidptr=0x7e4cd0d37b10) = 2169
2169  execve("/usr/bin/dpkg", ["/usr/bin/dpkg", "--print-foreign-architectures"], ["HOSTNAME=8f857aee2402", "SHLVL=1", "OLDPWD=/", "HOME=/root", "MAKEFLAGS=", "_=/usr/bin/pvs-studio-analyzer", "TERM=xterm", "PATH=/usr/sbin:/usr/bin:/sbin:/bin", "MAKELEVEL=1", "PWD=/root", "MFLAGS="]) = 0
2169  +++ exited with 0 +++
2168  --- SIGCHLD {si_signo=SIGCHLD, si_code=CLD_EXITED, si_pid=2169, si_uid=0, si_status=0, si_utime=0, si_stime=0} ---
2168  clone(child_stack=NULL, flags=CLONE_CHILD_CLEARTID|CLONE_CHILD_SETTID|SIGCHLD, child_tidptr=0x7e4cd0d37b10) = 2170
2170  execve("/usr/lib/apt/methods/http", ["/usr/lib/apt/methods/http"], ["HOSTNAME=8f857aee2402", "SHLVL=1", "OLDPWD=/", "HOME=/root", "MAKEFLAGS=", "_=/usr/bin/pvs-studio-analyzer", "TERM=xterm", "PATH=/usr/local/sbin:/usr/local/bin:/usr/sbin:/usr/bin:/sbin:/bin", "MAKELEVEL=1", "PWD=/root", "MFLAGS="]) = 0
2170  --- SIGINT {si_signo=SIGINT, si_code=SI_USER, si_pid=2168, si_uid=0} ---
2170  +++ exited with 100 +++
2168  --- SIGCHLD {si_signo=SIGCHLD, si_code=CLD_EXITED, si_pid=2170, si_uid=0, si_status=100, si_utime=0, si_stime=2 /* 0.02 s */} ---
2168  clone(child_stack=NULL, flags=CLONE_CHILD_CLEARTID|CLONE_CHILD_SETTID|SIGCHLD, child_tidptr=0x7e4cd0d37b10) = 2171
2171  execve("/usr/lib/apt/methods/https", ["/usr/lib/apt/methods/https"], ["HOSTNAME=8f857aee2402", "SHLVL=1", "OLDPWD=/", "HOME=/root", "MAKEFLAGS=", "_=/usr/bin/pvs-studio-analyzer", "TERM=xterm", "PATH=/usr/local/sbin:/usr/local/bin:/usr/sbin:/usr/bin:/sbin:/bin", "MAKELEVEL=1", "PWD=/root", "MFLAGS="]) = 0
2171  --- SIGINT {si_signo=SIGINT, si_code=SI_USER, si_pid=2168, si_uid=0} ---
2171  +++ exited with 100 +++
2168  --- SIGCHLD {si_signo=SIGCHLD, si_code=CLD_EXITED, si_pid=2171, si_uid=0, si_status=100, si_utime=0, si_stime=2 /* 0.02 s */} ---
2168  clone(child_stack=NULL, flags=CLONE_CHILD_CLEARTID|CLONE_CHILD_SETTID|SIGCHLD, child_tidptr=0x7e4cd0d37b10) = 2172
2172  execve("/usr/lib/apt/methods/https", ["/usr/lib/apt/methods/https"], ["HOSTNAME=8f857aee2402", "SHLVL=1", "OLDPWD=/", "HOME=/root", "MAKEFLAGS=", "_=/usr/bin/pvs-studio-analyzer", "TERM=xterm", "PATH=/usr/local/sbin:/usr/local/bin:/usr/sbin:/usr/bin:/sbin:/bin", "MAKELEVEL=1", "PWD=/root", "MFLAGS="]) = 0
2168  clone(child_stack=NULL, flags=CLONE_CHILD_CLEARTID|CLONE_CHILD_SETTID|SIGCHLD, child_tidptr=0x7e4cd0d37b10) = 2173
2173  execve("/usr/lib/apt/methods/http", ["/usr/lib/apt/methods/http"], ["HOSTNAME=8f857aee2402", "SHLVL=1", "OLDPWD=/", "HOME=/root", "MAKEFLAGS=", "_=/usr/bin/pvs-studio-analyzer", "TERM=xterm", "PATH=/usr/local/sbin:/usr/local/bin:/usr/sbin:/usr/bin:/sbin:/bin", "MAKELEVEL=1", "PWD=/root", "MFLAGS="]) = 0
2168  clone(child_stack=NULL, flags=CLONE_CHILD_CLEARTID|CLONE_CHILD_SETTID|SIGCHLD, child_tidptr=0x7e4cd0d37b10) = 2174
2174  execve("/usr/lib/apt/methods/gpgv", ["/usr/lib/apt/methods/gpgv"], ["HOSTNAME=8f857aee2402", "SHLVL=1", "OLDPWD=/", "HOME=/root", "MAKEFLAGS=", "_=/usr/bin/pvs-studio-analyzer", "TERM=xterm", "PATH=/usr/local/sbin:/usr/local/bin:/usr/sbin:/usr/bin:/sbin:/bin", "MAKELEVEL=1", "PWD=/root", "MFLAGS="]) = 0
2174  --- SIGINT {si_signo=SIGINT, si_code=SI_USER, si_pid=2168, si_uid=0} ---
2174  +++ killed by SIGINT +++
2168  --- SIGCHLD {si_signo=SIGCHLD, si_code=CLD_KILLED, si_pid=2174, si_uid=0, si_status=SIGINT, si_utime=0, si_stime=1 /* 0.01 s */} ---
2168  clone(child_stack=NULL, flags=CLONE_CHILD_CLEARTID|CLONE_CHILD_SETTID|SIGCHLD, child_tidptr=0x7e4cd0d37b10) = 2175
2175  execve("/usr/lib/apt/methods/gpgv", ["/usr/lib/apt/methods/gpgv"], ["HOSTNAME=8f857aee2402", "SHLVL=1", "OLDPWD=/", "HOME=/root", "MAKEFLAGS=", "_=/usr/bin/pvs-studio-analyzer", "TERM=xterm", "PATH=/usr/local/sbin:/usr/local/bin:/usr/sbin:/usr/bin:/sbin:/bin", "MAKELEVEL=1", "PWD=/root", "MFLAGS="]) = 0
2175  clone(child_stack=NULL, flags=CLONE_CHILD_CLEARTID|CLONE_CHILD_SETTID|SIGCHLD, child_tidptr=0x734d97112b10) = 2176
2176  clone(child_stack=NULL, flags=CLONE_CHILD_CLEARTID|CLONE_CHILD_SETTID|SIGCHLD, child_tidptr=0x734d97112b10) = 2177
2177  execve("/usr/bin/apt-key", ["/usr/bin/apt-key", "--quiet", "--readonly", "--keyring", "/usr/share/keyrings/debian-archive-keyring.gpg", "verify", "--status-fd", "3", "/tmp/apt.sig.tZaPEK", "/tmp/apt.data.lModNZ"], ["HOSTNAME=8f857aee2402", "SHLVL=1", "OLDPWD=/", "HOME=/nonexistent", "MAKEFLAGS=", "_=/usr/bin/pvs-studio-analyzer", "TERM=xterm", "PATH=/usr/local/sbin:/usr/local/bin:/usr/sbin:/usr/bin:/sbin:/bin", "MAKELEVEL=1", "PWD=/root", "MFLAGS=", "USER=_apt", "USERNAME=_apt", "LOGNAME=_apt", "SHELL=/bin/sh", "APT_KEY_NO_LEGACY_KEYRING=1", "APT_CONFIG=/tmp/apt.conf.lZHOYD", "APT_KEY_DONT_WARN_ON_DANGEROUS_USAGE=1", "LANG=", "LC_ALL=", "LC_MESSAGES="]) = 0
2177  clone(child_stack=NULL, flags=CLONE_CHILD_CLEARTID|CLONE_CHILD_SETTID|SIGCHLD, child_tidptr=0x7c3a3aa0ba10) = 2178
2178  +++ exited with 0 +++
2177  --- SIGCHLD {si_signo=SIGCHLD, si_code=CLD_EXITED, si_pid=2178, si_uid=42, si_status=0, si_utime=0, si_stime=0} ---
2177  clone(child_stack=NULL, flags=CLONE_CHILD_CLEARTID|CLONE_CHILD_SETTID|SIGCHLD, child_tidptr=0x7c3a3aa0ba10) = 2179
2179  execve("/usr/bin/apt-config", ["apt-config", "shell", "MASTER_KEYRING", "APT::Key::MasterKeyring"], ["USER=_apt", "APT_KEY_DONT_WARN_ON_DANGEROUS_USAGE=1", "HOSTNAME=8f857aee2402", "SHLVL=1", "OLDPWD=/", "HOME=/nonexistent", "APT_CONFIG=/tmp/apt.conf.lZHOYD", "APT_KEY_NO_LEGACY_KEYRING=1", "MAKEFLAGS=", "LOGNAME=_apt", "_=/usr/bin/pvs-studio-analyzer", "TERM=xterm", "USERNAME=_apt", "PATH=/usr/local/sbin:/usr/local/bin:/usr/sbin:/usr/bin:/sbin:/bin", "MAKELEVEL=1", "LANG=", "LC_MESSAGES=", "SHELL=/bin/sh", "IFS=\n\10", "PWD=/root", "LC_ALL=", "MFLAGS="]) = 0
2179  clone(child_stack=NULL, flags=CLONE_CHILD_CLEARTID|CLONE_CHILD_SETTID|SIGCHLD, child_tidptr=0x764a94589b10) = 2180
2180  execve("/usr/bin/dpkg", ["/usr/bin/dpkg", "--print-foreign-architectures"], ["USER=_apt", "APT_KEY_DONT_WARN_ON_DANGEROUS_USAGE=1", "HOSTNAME=8f857aee2402", "SHLVL=1", "OLDPWD=/", "HOME=/nonexistent", "APT_CONFIG=/tmp/apt.conf.lZHOYD", "APT_KEY_NO_LEGACY_KEYRING=1", "MAKEFLAGS=", "LOGNAME=_apt", "_=/usr/bin/pvs-studio-analyzer", "TERM=xterm", "USERNAME=_apt", "PATH=/usr/sbin:/usr/bin:/sbin:/bin", "MAKELEVEL=1", "LANG=", "LC_MESSAGES=", "SHELL=/bin/sh", "IFS=\n\10", "PWD=/root", "LC_ALL=", "MFLAGS="]) = 0
2180  +++ exited with 0 +++
2179  --- SIGCHLD {si_signo=SIGCHLD, si_code=CLD_EXITED, si_pid=2180, si_uid=42, si_status=0, si_utime=0, si_stime=0} ---
2179  +++ exited with 0 +++
2177  --- SIGCHLD {si_signo=SIGCHLD, si_code=CLD_EXITED, si_pid=2179, si_uid=42, si_status=0, si_utime=0, si_stime=1 /* 0.01 s */} ---
2177  clone(child_stack=NULL, flags=CLONE_CHILD_CLEARTID|CLONE_CHILD_SETTID|SIGCHLD, child_tidptr=0x7c3a3aa0ba10) = 2181
2181  execve("/usr/bin/apt-config", ["apt-config", "shell", "ARCHIVE_KEYRING", "APT::Key::ArchiveKeyring"], ["USER=_apt", "APT_KEY_DONT_WARN_ON_DANGEROUS_USAGE=1", "HOSTNAME=8f857aee2402", "SHLVL=1", "OLDPWD=/", "HOME=/nonexistent", "APT_CONFIG=/tmp/apt.conf.lZHOYD", "APT_KEY_NO_LEGACY_KEYRING=1", "MAKEFLAGS=", "LOGNAME=_apt", "_=/usr/bin/pvs-studio-analyzer", "TERM=xterm", "USERNAME=_apt", "PATH=/usr/local/sbin:/usr/local/bin:/usr/sbin:/usr/bin:/sbin:/bin", "MAKELEVEL=1", "LANG=", "LC_MESSAGES=", "SHELL=/bin/sh", "IFS=\n\10", "PWD=/root", "LC_ALL=", "MFLAGS="]) = 0
2181  clone(child_stack=NULL, flags=CLONE_CHILD_CLEARTID|CLONE_CHILD_SETTID|SIGCHLD, child_tidptr=0x701a7885cb10) = 2182
2182  execve("/usr/bin/dpkg", ["/usr/bin/dpkg", "--print-foreign-architectures"], ["USER=_apt", "APT_KEY_DONT_WARN_ON_DANGEROUS_USAGE=1", "HOSTNAME=8f857aee2402", "SHLVL=1", "OLDPWD=/", "HOME=/nonexistent", "APT_CONFIG=/tmp/apt.conf.lZHOYD", "APT_KEY_NO_LEGACY_KEYRING=1", "MAKEFLAGS=", "LOGNAME=_apt", "_=/usr/bin/pvs-studio-analyzer", "TERM=xterm", "USERNAME=_apt", "PATH=/usr/sbin:/usr/bin:/sbin:/bin", "MAKELEVEL=1", "LANG=", "LC_MESSAGES=", "SHELL=/bin/sh", "IFS=\n\10", "PWD=/root", "LC_ALL=", "MFLAGS="]) = 0
2182  +++ exited with 0 +++
2181  --- SIGCHLD {si_signo=SIGCHLD, si_code=CLD_EXITED, si_pid=2182, si_uid=42, si_status=0, si_utime=0, si_stime=0} ---
2181  +++ exited with 0 +++
2177  --- SIGCHLD {si_signo=SIGCHLD, si_code=CLD_EXITED, si_pid=2181, si_uid=42, si_status=0, si_utime=0, si_stime=1 /* 0.01 s */} ---
2177  clone(child_stack=NULL, flags=CLONE_CHILD_CLEARTID|CLONE_CHILD_SETTID|SIGCHLD, child_tidptr=0x7c3a3aa0ba10) = 2183
2183  execve("/usr/bin/apt-config", ["apt-config", "shell", "REMOVED_KEYS", "APT::Key::RemovedKeys"], ["USER=_apt", "APT_KEY_DONT_WARN_ON_DANGEROUS_USAGE=1", "HOSTNAME=8f857aee2402", "SHLVL=1", "OLDPWD=/", "HOME=/nonexistent", "APT_CONFIG=/tmp/apt.conf.lZHOYD", "APT_KEY_NO_LEGACY_KEYRING=1", "MAKEFLAGS=", "LOGNAME=_apt", "_=/usr/bin/pvs-studio-analyzer", "TERM=xterm", "USERNAME=_apt", "PATH=/usr/local/sbin:/usr/local/bin:/usr/sbin:/usr/bin:/sbin:/bin", "MAKELEVEL=1", "LANG=", "LC_MESSAGES=", "SHELL=/bin/sh", "IFS=\n\10", "PWD=/root", "LC_ALL=", "MFLAGS="]) = 0
2183  clone(child_stack=NULL, flags=CLONE_CHILD_CLEARTID|CLONE_CHILD_SETTID|SIGCHLD, child_tidptr=0x7afea4eb2b10) = 2184
2184  execve("/usr/bin/dpkg", ["/usr/bin/dpkg", "--print-foreign-architectures"], ["USER=_apt", "APT_KEY_DONT_WARN_ON_DANGEROUS_USAGE=1", "HOSTNAME=8f857aee2402", "SHLVL=1", "OLDPWD=/", "HOME=/nonexistent", "APT_CONFIG=/tmp/apt.conf.lZHOYD", "APT_KEY_NO_LEGACY_KEYRING=1", "MAKEFLAGS=", "LOGNAME=_apt", "_=/usr/bin/pvs-studio-analyzer", "TERM=xterm", "USERNAME=_apt", "PATH=/usr/sbin:/usr/bin:/sbin:/bin", "MAKELEVEL=1", "LANG=", "LC_MESSAGES=", "SHELL=/bin/sh", "IFS=\n\10", "PWD=/root", "LC_ALL=", "MFLAGS="]) = 0
2184  +++ exited with 0 +++
2183  --- SIGCHLD {si_signo=SIGCHLD, si_code=CLD_EXITED, si_pid=2184, si_uid=42, si_status=0, si_utime=0, si_stime=0} ---
2183  +++ exited with 0 +++
2177  --- SIGCHLD {si_signo=SIGCHLD, si_code=CLD_EXITED, si_pid=2183, si_uid=42, si_status=0, si_utime=0, si_stime=0} ---
2177  clone(child_stack=NULL, flags=CLONE_CHILD_CLEARTID|CLONE_CHILD_SETTID|SIGCHLD, child_tidptr=0x7c3a3aa0ba10) = 2185
2185  execve("/usr/bin/apt-config", ["apt-config", "shell", "ARCHIVE_KEYRING_URI", "APT::Key::ArchiveKeyringURI"], ["USER=_apt", "APT_KEY_DONT_WARN_ON_DANGEROUS_USAGE=1", "HOSTNAME=8f857aee2402", "SHLVL=1", "OLDPWD=/", "HOME=/nonexistent", "APT_CONFIG=/tmp/apt.conf.lZHOYD", "APT_KEY_NO_LEGACY_KEYRING=1", "MAKEFLAGS=", "LOGNAME=_apt", "_=/usr/bin/pvs-studio-analyzer", "TERM=xterm", "USERNAME=_apt", "PATH=/usr/local/sbin:/usr/local/bin:/usr/sbin:/usr/bin:/sbin:/bin", "MAKELEVEL=1", "LANG=", "LC_MESSAGES=", "SHELL=/bin/sh", "IFS=\n\10", "PWD=/root", "LC_ALL=", "MFLAGS="]) = 0
2185  clone(child_stack=NULL, flags=CLONE_CHILD_CLEARTID|CLONE_CHILD_SETTID|SIGCHLD, child_tidptr=0x79b0324ddb10) = 2186
2186  execve("/usr/bin/dpkg", ["/usr/bin/dpkg", "--print-foreign-architectures"], ["USER=_apt", "APT_KEY_DONT_WARN_ON_DANGEROUS_USAGE=1", "HOSTNAME=8f857aee2402", "SHLVL=1", "OLDPWD=/", "HOME=/nonexistent", "APT_CONFIG=/tmp/apt.conf.lZHOYD", "APT_KEY_NO_LEGACY_KEYRING=1", "MAKEFLAGS=", "LOGNAME=_apt", "_=/usr/bin/pvs-studio-analyzer", "TERM=xterm", "USERNAME=_apt", "PATH=/usr/sbin:/usr/bin:/sbin:/bin", "MAKELEVEL=1", "LANG=", "LC_MESSAGES=", "SHELL=/bin/sh", "IFS=\n\10", "PWD=/root", "LC_ALL=", "MFLAGS="]) = 0
2186  +++ exited with 0 +++
2185  --- SIGCHLD {si_signo=SIGCHLD, si_code=CLD_EXITED, si_pid=2186, si_uid=42, si_status=0, si_utime=0, si_stime=0} ---
2185  +++ exited with 0 +++
2177  --- SIGCHLD {si_signo=SIGCHLD, si_code=CLD_EXITED, si_pid=2185, si_uid=42, si_status=0, si_utime=0, si_stime=0} ---
2177  clone(child_stack=NULL, flags=CLONE_CHILD_CLEARTID|CLONE_CHILD_SETTID|SIGCHLD, child_tidptr=0x7c3a3aa0ba10) = 2187
2187  +++ exited with 0 +++
2177  --- SIGCHLD {si_signo=SIGCHLD, si_code=CLD_EXITED, si_pid=2187, si_uid=42, si_status=0, si_utime=0, si_stime=0} ---
2177  clone(child_stack=NULL, flags=CLONE_CHILD_CLEARTID|CLONE_CHILD_SETTID|SIGCHLD, child_tidptr=0x7c3a3aa0ba10) = 2188
2188  execve("/usr/bin/apt-config", ["apt-config", "shell", "GPGV", "Apt::Key::gpgvcommand"], ["USER=_apt", "APT_KEY_DONT_WARN_ON_DANGEROUS_USAGE=1", "HOSTNAME=8f857aee2402", "SHLVL=1", "OLDPWD=/", "HOME=/nonexistent", "APT_CONFIG=/tmp/apt.conf.lZHOYD", "APT_KEY_NO_LEGACY_KEYRING=1", "MAKEFLAGS=", "LOGNAME=_apt", "_=/usr/bin/pvs-studio-analyzer", "TERM=xterm", "USERNAME=_apt", "PATH=/usr/local/sbin:/usr/local/bin:/usr/sbin:/usr/bin:/sbin:/bin", "MAKELEVEL=1", "LANG=", "LC_MESSAGES=", "SHELL=/bin/sh", "IFS=\n\10", "PWD=/root", "LC_ALL=", "MFLAGS="]) = 0
2188  clone(child_stack=NULL, flags=CLONE_CHILD_CLEARTID|CLONE_CHILD_SETTID|SIGCHLD, child_tidptr=0x7b33bf0dcb10) = 2189
2189  execve("/usr/bin/dpkg", ["/usr/bin/dpkg", "--print-foreign-architectures"], ["USER=_apt", "APT_KEY_DONT_WARN_ON_DANGEROUS_USAGE=1", "HOSTNAME=8f857aee2402", "SHLVL=1", "OLDPWD=/", "HOME=/nonexistent", "APT_CONFIG=/tmp/apt.conf.lZHOYD", "APT_KEY_NO_LEGACY_KEYRING=1", "MAKEFLAGS=", "LOGNAME=_apt", "_=/usr/bin/pvs-studio-analyzer", "TERM=xterm", "USERNAME=_apt", "PATH=/usr/sbin:/usr/bin:/sbin:/bin", "MAKELEVEL=1", "LANG=", "LC_MESSAGES=", "SHELL=/bin/sh", "IFS=\n\10", "PWD=/root", "LC_ALL=", "MFLAGS="]) = 0
2189  +++ exited with 0 +++
2188  --- SIGCHLD {si_signo=SIGCHLD, si_code=CLD_EXITED, si_pid=2189, si_uid=42, si_status=0, si_utime=0, si_stime=0} ---
2188  +++ exited with 0 +++
2177  --- SIGCHLD {si_signo=SIGCHLD, si_code=CLD_EXITED, si_pid=2188, si_uid=42, si_status=0, si_utime=0, si_stime=1 /* 0.01 s */} ---
2177  clone(child_stack=NULL, flags=CLONE_CHILD_CLEARTID|CLONE_CHILD_SETTID|SIGCHLD, child_tidptr=0x7c3a3aa0ba10) = 2190
2190  execve("/usr/bin/mktemp", ["mktemp", "--directory", "--tmpdir", "apt-key-gpghome.XXXXXXXXXX"], ["USER=_apt", "APT_KEY_DONT_WARN_ON_DANGEROUS_USAGE=1", "HOSTNAME=8f857aee2402", "SHLVL=1", "OLDPWD=/", "HOME=/nonexistent", "APT_CONFIG=/tmp/apt.conf.lZHOYD", "APT_KEY_NO_LEGACY_KEYRING=1", "MAKEFLAGS=", "LOGNAME=_apt", "_=/usr/bin/pvs-studio-analyzer", "TERM=xterm", "USERNAME=_apt", "PATH=/usr/local/sbin:/usr/local/bin:/usr/sbin:/usr/bin:/sbin:/bin", "MAKELEVEL=1", "LANG=", "LC_MESSAGES=", "SHELL=/bin/sh", "IFS=\n\10", "PWD=/root", "LC_ALL=", "MFLAGS="]) = 0
2190  +++ exited with 0 +++
2177  --- SIGCHLD {si_signo=SIGCHLD, si_code=CLD_EXITED, si_pid=2190, si_uid=42, si_status=0, si_utime=0, si_stime=0} ---
2177  vfork( <unfinished ...>
2191  execve("/usr/bin/chmod", ["chmod", "700", "/tmp/apt-key-gpghome.POvqPa6S11"], ["USER=_apt", "APT_KEY_DONT_WARN_ON_DANGEROUS_USAGE=1", "HOSTNAME=8f857aee2402", "SHLVL=1", "OLDPWD=/", "HOME=/nonexistent", "APT_CONFIG=/tmp/apt.conf.lZHOYD", "APT_KEY_NO_LEGACY_KEYRING=1", "MAKEFLAGS=", "LOGNAME=_apt", "_=/usr/bin/pvs-studio-analyzer", "TERM=xterm", "USERNAME=_apt", "PATH=/usr/local/sbin:/usr/local/bin:/usr/sbin:/usr/bin:/sbin:/bin", "MAKELEVEL=1", "LANG=", "LC_MESSAGES=", "SHELL=/bin/sh", "IFS=\n\10", "PWD=/root", "LC_ALL=", "MFLAGS="] <unfinished ...>
2177  <... vfork resumed>)              = 2191
2191  <... execve resumed>)             = 0
2191  +++ exited with 0 +++
2177  --- SIGCHLD {si_signo=SIGCHLD, si_code=CLD_EXITED, si_pid=2191, si_uid=42, si_status=0, si_utime=0, si_stime=0} ---
2177  clone(child_stack=NULL, flags=CLONE_CHILD_CLEARTID|CLONE_CHILD_SETTID|SIGCHLD, child_tidptr=0x7c3a3aa0ba10) = 2192
2192  +++ exited with 0 +++
2177  --- SIGCHLD {si_signo=SIGCHLD, si_code=CLD_EXITED, si_pid=2192, si_uid=42, si_status=0, si_utime=0, si_stime=0} ---
2177  clone(child_stack=NULL, flags=CLONE_CHILD_CLEARTID|CLONE_CHILD_SETTID|SIGCHLD, child_tidptr=0x7c3a3aa0ba10) = 2193
2193  clone(child_stack=NULL, flags=CLONE_CHILD_CLEARTID|CLONE_CHILD_SETTID|SIGCHLD, child_tidptr=0x7c3a3aa0ba10) = 2194
2193  clone(child_stack=NULL, flags=CLONE_CHILD_CLEARTID|CLONE_CHILD_SETTID|SIGCHLD <unfinished ...>
2194  +++ exited with 0 +++
2193  <... clone resumed>, child_tidptr=0x7c3a3aa0ba10) = 2195
2193  --- SIGCHLD {si_signo=SIGCHLD, si_code=CLD_EXITED, si_pid=2194, si_uid=42, si_status=0, si_utime=0, si_stime=0} ---
2195  execve("/usr/bin/sed", ["sed", "-e", "s#'#'\"'\"'#g"], ["USER=_apt", "APT_KEY_DONT_WARN_ON_DANGEROUS_USAGE=1", "HOSTNAME=8f857aee2402", "SHLVL=1", "OLDPWD=/", "HOME=/nonexistent", "APT_CONFIG=/tmp/apt.conf.lZHOYD", "APT_KEY_NO_LEGACY_KEYRING=1", "MAKEFLAGS=", "LOGNAME=_apt", "_=/usr/bin/pvs-studio-analyzer", "TERM=xterm", "USERNAME=_apt", "PATH=/usr/local/sbin:/usr/local/bin:/usr/sbin:/usr/bin:/sbin:/bin", "MAKELEVEL=1", "LANG=", "LC_MESSAGES=", "SHELL=/bin/sh", "IFS=\n\10", "PWD=/root", "LC_ALL=", "MFLAGS="]) = 0
2195  +++ exited with 0 +++
2193  --- SIGCHLD {si_signo=SIGCHLD, si_code=CLD_EXITED, si_pid=2195, si_uid=42, si_status=0, si_utime=0, si_stime=0} ---
2193  +++ exited with 0 +++
2177  --- SIGCHLD {si_signo=SIGCHLD, si_code=CLD_EXITED, si_pid=2193, si_uid=42, si_status=0, si_utime=0, si_stime=0} ---
2177  clone(child_stack=NULL, flags=CLONE_CHILD_CLEARTID|CLONE_CHILD_SETTID|SIGCHLD, child_tidptr=0x7c3a3aa0ba10) = 2196
2196  clone(child_stack=NULL, flags=CLONE_CHILD_CLEARTID|CLONE_CHILD_SETTID|SIGCHLD, child_tidptr=0x7c3a3aa0ba10) = 2197
2196  clone(child_stack=NULL, flags=CLONE_CHILD_CLEARTID|CLONE_CHILD_SETTID|SIGCHLD <unfinished ...>
2197  +++ exited with 0 +++
2196  <... clone resumed>, child_tidptr=0x7c3a3aa0ba10) = 2198
2196  --- SIGCHLD {si_signo=SIGCHLD, si_code=CLD_EXITED, si_pid=2197, si_uid=42, si_status=0, si_utime=0, si_stime=0} ---
2198  execve("/usr/bin/sed", ["sed", "-e", "s#'#'\"'\"'#g"], ["USER=_apt", "APT_KEY_DONT_WARN_ON_DANGEROUS_USAGE=1", "HOSTNAME=8f857aee2402", "SHLVL=1", "OLDPWD=/", "HOME=/nonexistent", "APT_CONFIG=/tmp/apt.conf.lZHOYD", "APT_KEY_NO_LEGACY_KEYRING=1", "MAKEFLAGS=", "LOGNAME=_apt", "_=/usr/bin/pvs-studio-analyzer", "TERM=xterm", "USERNAME=_apt", "PATH=/usr/local/sbin:/usr/local/bin:/usr/sbin:/usr/bin:/sbin:/bin", "MAKELEVEL=1", "LANG=", "LC_MESSAGES=", "SHELL=/bin/sh", "IFS=\n\10", "PWD=/root", "LC_ALL=", "MFLAGS="]) = 0
2198  +++ exited with 0 +++
2196  --- SIGCHLD {si_signo=SIGCHLD, si_code=CLD_EXITED, si_pid=2198, si_uid=42, si_status=0, si_utime=0, si_stime=0} ---
2196  +++ exited with 0 +++
2177  --- SIGCHLD {si_signo=SIGCHLD, si_code=CLD_EXITED, si_pid=2196, si_uid=42, si_status=0, si_utime=0, si_stime=0} ---
2177  clone(child_stack=NULL, flags=CLONE_CHILD_CLEARTID|CLONE_CHILD_SETTID|SIGCHLD, child_tidptr=0x7c3a3aa0ba10) = 2199
2199  +++ exited with 0 +++
2177  --- SIGCHLD {si_signo=SIGCHLD, si_code=CLD_EXITED, si_pid=2199, si_uid=42, si_status=0, si_utime=0, si_stime=0} ---
2177  vfork( <unfinished ...>
2200  execve("/usr/bin/gpgv", ["gpgv", "--homedir", "/tmp/apt-key-gpghome.POvqPa6S11", "--keyring", "/usr/share/keyrings/debian-archive-keyring.gpg", "--ignore-time-conflict", "--status-fd", "3", "/tmp/apt.sig.tZaPEK", "/tmp/apt.data.lModNZ"], ["USER=_apt", "APT_KEY_DONT_WARN_ON_DANGEROUS_USAGE=1", "HOSTNAME=8f857aee2402", "SHLVL=1", "OLDPWD=/", "HOME=/nonexistent", "APT_CONFIG=/tmp/apt.conf.lZHOYD", "APT_KEY_NO_LEGACY_KEYRING=1", "MAKEFLAGS=", "LOGNAME=_apt", "_=/usr/bin/pvs-studio-analyzer", "TERM=xterm", "USERNAME=_apt", "PATH=/usr/local/sbin:/usr/local/bin:/usr/sbin:/usr/bin:/sbin:/bin", "MAKELEVEL=1", "LANG=", "LC_MESSAGES=", "SHELL=/bin/sh", "IFS=\n\10", "PWD=/root", "LC_ALL=", "MFLAGS="] <unfinished ...>
2177  <... vfork resumed>)              = 2200
2200  <... execve resumed>)             = 0
2200  +++ exited with 2 +++
2177  --- SIGCHLD {si_signo=SIGCHLD, si_code=CLD_EXITED, si_pid=2200, si_uid=42, si_status=2, si_utime=0, si_stime=1 /* 0.01 s */} ---
2177  vfork( <unfinished ...>
2201  execve("/usr/bin/rm", ["rm", "-rf", "/tmp/apt-key-gpghome.POvqPa6S11"], ["USER=_apt", "APT_KEY_DONT_WARN_ON_DANGEROUS_USAGE=1", "HOSTNAME=8f857aee2402", "SHLVL=1", "OLDPWD=/", "HOME=/nonexistent", "APT_CONFIG=/tmp/apt.conf.lZHOYD", "APT_KEY_NO_LEGACY_KEYRING=1", "MAKEFLAGS=", "LOGNAME=_apt", "_=/usr/bin/pvs-studio-analyzer", "TERM=xterm", "USERNAME=_apt", "PATH=/usr/local/sbin:/usr/local/bin:/usr/sbin:/usr/bin:/sbin:/bin", "MAKELEVEL=1", "LANG=", "LC_MESSAGES=", "SHELL=/bin/sh", "IFS=\n\10", "PWD=/root", "LC_ALL=", "MFLAGS="] <unfinished ...>
2177  <... vfork resumed>)              = 2201
2201  <... execve resumed>)             = 0
2201  +++ exited with 0 +++
2177  --- SIGCHLD {si_signo=SIGCHLD, si_code=CLD_EXITED, si_pid=2201, si_uid=42, si_status=0, si_utime=0, si_stime=0} ---
2177  +++ exited with 2 +++
2176  --- SIGCHLD {si_signo=SIGCHLD, si_code=CLD_EXITED, si_pid=2177, si_uid=42, si_status=2, si_utime=0, si_stime=2 /* 0.02 s */} ---
2176  +++ exited with 2 +++
2175  --- SIGCHLD {si_signo=SIGCHLD, si_code=CLD_EXITED, si_pid=2176, si_uid=42, si_status=2, si_utime=0, si_stime=11 /* 0.11 s */} ---
2175  clone(child_stack=NULL, flags=CLONE_CHILD_CLEARTID|CLONE_CHILD_SETTID|SIGCHLD, child_tidptr=0x734d97112b10) = 2202
2202  clone(child_stack=NULL, flags=CLONE_CHILD_CLEARTID|CLONE_CHILD_SETTID|SIGCHLD, child_tidptr=0x734d97112b10) = 2203
2203  execve("/usr/bin/apt-key", ["/usr/bin/apt-key", "--quiet", "--readonly", "--keyring", "/usr/share/keyrings/debian-archive-keyring.gpg", "verify", "--status-fd", "3", "/tmp/apt.sig.LMFoei", "/tmp/apt.data.iRrfme"], ["HOSTNAME=8f857aee2402", "SHLVL=1", "OLDPWD=/", "HOME=/nonexistent", "MAKEFLAGS=", "_=/usr/bin/pvs-studio-analyzer", "TERM=xterm", "PATH=/usr/local/sbin:/usr/local/bin:/usr/sbin:/usr/bin:/sbin:/bin", "MAKELEVEL=1", "PWD=/root", "MFLAGS=", "USER=_apt", "USERNAME=_apt", "LOGNAME=_apt", "SHELL=/bin/sh", "APT_KEY_NO_LEGACY_KEYRING=1", "APT_CONFIG=/tmp/apt.conf.OB42ET", "APT_KEY_DONT_WARN_ON_DANGEROUS_USAGE=1", "LANG=", "LC_ALL=", "LC_MESSAGES="]) = 0
2203  clone(child_stack=NULL, flags=CLONE_CHILD_CLEARTID|CLONE_CHILD_SETTID|SIGCHLD, child_tidptr=0x7add9fa16a10) = 2204
2204  +++ exited with 0 +++
2203  --- SIGCHLD {si_signo=SIGCHLD, si_code=CLD_EXITED, si_pid=2204, si_uid=42, si_status=0, si_utime=0, si_stime=0} ---
2203  clone(child_stack=NULL, flags=CLONE_CHILD_CLEARTID|CLONE_CHILD_SETTID|SIGCHLD, child_tidptr=0x7add9fa16a10) = 2205
2205  execve("/usr/bin/apt-config", ["apt-config", "shell", "MASTER_KEYRING", "APT::Key::MasterKeyring"], ["USER=_apt", "APT_KEY_DONT_WARN_ON_DANGEROUS_USAGE=1", "HOSTNAME=8f857aee2402", "SHLVL=1", "OLDPWD=/", "HOME=/nonexistent", "APT_CONFIG=/tmp/apt.conf.OB42ET", "APT_KEY_NO_LEGACY_KEYRING=1", "MAKEFLAGS=", "LOGNAME=_apt", "_=/usr/bin/pvs-studio-analyzer", "TERM=xterm", "USERNAME=_apt", "PATH=/usr/local/sbin:/usr/local/bin:/usr/sbin:/usr/bin:/sbin:/bin", "MAKELEVEL=1", "LANG=", "LC_MESSAGES=", "SHELL=/bin/sh", "IFS=\n\10", "PWD=/root", "LC_ALL=", "MFLAGS="]) = 0
2205  clone(child_stack=NULL, flags=CLONE_CHILD_CLEARTID|CLONE_CHILD_SETTID|SIGCHLD, child_tidptr=0x7ad6cbcb2b10) = 2206
2206  execve("/usr/bin/dpkg", ["/usr/bin/dpkg", "--print-foreign-architectures"], ["USER=_apt", "APT_KEY_DONT_WARN_ON_DANGEROUS_USAGE=1", "HOSTNAME=8f857aee2402", "SHLVL=1", "OLDPWD=/", "HOME=/nonexistent", "APT_CONFIG=/tmp/apt.conf.OB42ET", "APT_KEY_NO_LEGACY_KEYRING=1", "MAKEFLAGS=", "LOGNAME=_apt", "_=/usr/bin/pvs-studio-analyzer", "TERM=xterm", "USERNAME=_apt", "PATH=/usr/sbin:/usr/bin:/sbin:/bin", "MAKELEVEL=1", "LANG=", "LC_MESSAGES=", "SHELL=/bin/sh", "IFS=\n\10", "PWD=/root", "LC_ALL=", "MFLAGS="]) = 0
2206  +++ exited with 0 +++
2205  --- SIGCHLD {si_signo=SIGCHLD, si_code=CLD_EXITED, si_pid=2206, si_uid=42, si_status=0, si_utime=0, si_stime=0} ---
2205  +++ exited with 0 +++
2203  --- SIGCHLD {si_signo=SIGCHLD, si_code=CLD_EXITED, si_pid=2205, si_uid=42, si_status=0, si_utime=0, si_stime=1 /* 0.01 s */} ---
2203  clone(child_stack=NULL, flags=CLONE_CHILD_CLEARTID|CLONE_CHILD_SETTID|SIGCHLD, child_tidptr=0x7add9fa16a10) = 2207
2207  execve("/usr/bin/apt-config", ["apt-config", "shell", "ARCHIVE_KEYRING", "APT::Key::ArchiveKeyring"], ["USER=_apt", "APT_KEY_DONT_WARN_ON_DANGEROUS_USAGE=1", "HOSTNAME=8f857aee2402", "SHLVL=1", "OLDPWD=/", "HOME=/nonexistent", "APT_CONFIG=/tmp/apt.conf.OB42ET", "APT_KEY_NO_LEGACY_KEYRING=1", "MAKEFLAGS=", "LOGNAME=_apt", "_=/usr/bin/pvs-studio-analyzer", "TERM=xterm", "USERNAME=_apt", "PATH=/usr/local/sbin:/usr/local/bin:/usr/sbin:/usr/bin:/sbin:/bin", "MAKELEVEL=1", "LANG=", "LC_MESSAGES=", "SHELL=/bin/sh", "IFS=\n\10", "PWD=/root", "LC_ALL=", "MFLAGS="]) = 0
2207  clone(child_stack=NULL, flags=CLONE_CHILD_CLEARTID|CLONE_CHILD_SETTID|SIGCHLD, child_tidptr=0x764ae2b28b10) = 2208
2208  execve("/usr/bin/dpkg", ["/usr/bin/dpkg", "--print-foreign-architectures"], ["USER=_apt", "APT_KEY_DONT_WARN_ON_DANGEROUS_USAGE=1", "HOSTNAME=8f857aee2402", "SHLVL=1", "OLDPWD=/", "HOME=/nonexistent", "APT_CONFIG=/tmp/apt.conf.OB42ET", "APT_KEY_NO_LEGACY_KEYRING=1", "MAKEFLAGS=", "LOGNAME=_apt", "_=/usr/bin/pvs-studio-analyzer", "TERM=xterm", "USERNAME=_apt", "PATH=/usr/sbin:/usr/bin:/sbin:/bin", "MAKELEVEL=1", "LANG=", "LC_MESSAGES=", "SHELL=/bin/sh", "IFS=\n\10", "PWD=/root", "LC_ALL=", "MFLAGS="]) = 0
2208  +++ exited with 0 +++
2207  --- SIGCHLD {si_signo=SIGCHLD, si_code=CLD_EXITED, si_pid=2208, si_uid=42, si_status=0, si_utime=0, si_stime=1 /* 0.01 s */} ---
2207  +++ exited with 0 +++
2203  --- SIGCHLD {si_signo=SIGCHLD, si_code=CLD_EXITED, si_pid=2207, si_uid=42, si_status=0, si_utime=0, si_stime=2 /* 0.02 s */} ---
2203  clone(child_stack=NULL, flags=CLONE_CHILD_CLEARTID|CLONE_CHILD_SETTID|SIGCHLD, child_tidptr=0x7add9fa16a10) = 2209
2209  execve("/usr/bin/apt-config", ["apt-config", "shell", "REMOVED_KEYS", "APT::Key::RemovedKeys"], ["USER=_apt", "APT_KEY_DONT_WARN_ON_DANGEROUS_USAGE=1", "HOSTNAME=8f857aee2402", "SHLVL=1", "OLDPWD=/", "HOME=/nonexistent", "APT_CONFIG=/tmp/apt.conf.OB42ET", "APT_KEY_NO_LEGACY_KEYRING=1", "MAKEFLAGS=", "LOGNAME=_apt", "_=/usr/bin/pvs-studio-analyzer", "TERM=xterm", "USERNAME=_apt", "PATH=/usr/local/sbin:/usr/local/bin:/usr/sbin:/usr/bin:/sbin:/bin", "MAKELEVEL=1", "LANG=", "LC_MESSAGES=", "SHELL=/bin/sh", "IFS=\n\10", "PWD=/root", "LC_ALL=", "MFLAGS="]) = 0
2209  clone(child_stack=NULL, flags=CLONE_CHILD_CLEARTID|CLONE_CHILD_SETTID|SIGCHLD, child_tidptr=0x74468c12fb10) = 2210
2210  execve("/usr/bin/dpkg", ["/usr/bin/dpkg", "--print-foreign-architectures"], ["USER=_apt", "APT_KEY_DONT_WARN_ON_DANGEROUS_USAGE=1", "HOSTNAME=8f857aee2402", "SHLVL=1", "OLDPWD=/", "HOME=/nonexistent", "APT_CONFIG=/tmp/apt.conf.OB42ET", "APT_KEY_NO_LEGACY_KEYRING=1", "MAKEFLAGS=", "LOGNAME=_apt", "_=/usr/bin/pvs-studio-analyzer", "TERM=xterm", "USERNAME=_apt", "PATH=/usr/sbin:/usr/bin:/sbin:/bin", "MAKELEVEL=1", "LANG=", "LC_MESSAGES=", "SHELL=/bin/sh", "IFS=\n\10", "PWD=/root", "LC_ALL=", "MFLAGS="]) = 0
2210  +++ exited with 0 +++
2209  --- SIGCHLD {si_signo=SIGCHLD, si_code=CLD_EXITED, si_pid=2210, si_uid=42, si_status=0, si_utime=0, si_stime=0} ---
2209  +++ exited with 0 +++
2203  --- SIGCHLD {si_signo=SIGCHLD, si_code=CLD_EXITED, si_pid=2209, si_uid=42, si_status=0, si_utime=0, si_stime=0} ---
2203  clone(child_stack=NULL, flags=CLONE_CHILD_CLEARTID|CLONE_CHILD_SETTID|SIGCHLD, child_tidptr=0x7add9fa16a10) = 2211
2211  execve("/usr/bin/apt-config", ["apt-config", "shell", "ARCHIVE_KEYRING_URI", "APT::Key::ArchiveKeyringURI"], ["USER=_apt", "APT_KEY_DONT_WARN_ON_DANGEROUS_USAGE=1", "HOSTNAME=8f857aee2402", "SHLVL=1", "OLDPWD=/", "HOME=/nonexistent", "APT_CONFIG=/tmp/apt.conf.OB42ET", "APT_KEY_NO_LEGACY_KEYRING=1", "MAKEFLAGS=", "LOGNAME=_apt", "_=/usr/bin/pvs-studio-analyzer", "TERM=xterm", "USERNAME=_apt", "PATH=/usr/local/sbin:/usr/local/bin:/usr/sbin:/usr/bin:/sbin:/bin", "MAKELEVEL=1", "LANG=", "LC_MESSAGES=", "SHELL=/bin/sh", "IFS=\n\10", "PWD=/root", "LC_ALL=", "MFLAGS="]) = 0
2211  clone(child_stack=NULL, flags=CLONE_CHILD_CLEARTID|CLONE_CHILD_SETTID|SIGCHLD, child_tidptr=0x7010d8c07b10) = 2212
2212  execve("/usr/bin/dpkg", ["/usr/bin/dpkg", "--print-foreign-architectures"], ["USER=_apt", "APT_KEY_DONT_WARN_ON_DANGEROUS_USAGE=1", "HOSTNAME=8f857aee2402", "SHLVL=1", "OLDPWD=/", "HOME=/nonexistent", "APT_CONFIG=/tmp/apt.conf.OB42ET", "APT_KEY_NO_LEGACY_KEYRING=1", "MAKEFLAGS=", "LOGNAME=_apt", "_=/usr/bin/pvs-studio-analyzer", "TERM=xterm", "USERNAME=_apt", "PATH=/usr/sbin:/usr/bin:/sbin:/bin", "MAKELEVEL=1", "LANG=", "LC_MESSAGES=", "SHELL=/bin/sh", "IFS=\n\10", "PWD=/root", "LC_ALL=", "MFLAGS="]) = 0
2212  +++ exited with 0 +++
2211  --- SIGCHLD {si_signo=SIGCHLD, si_code=CLD_EXITED, si_pid=2212, si_uid=42, si_status=0, si_utime=0, si_stime=0} ---
2211  +++ exited with 0 +++
2203  --- SIGCHLD {si_signo=SIGCHLD, si_code=CLD_EXITED, si_pid=2211, si_uid=42, si_status=0, si_utime=0, si_stime=0} ---
2203  clone(child_stack=NULL, flags=CLONE_CHILD_CLEARTID|CLONE_CHILD_SETTID|SIGCHLD, child_tidptr=0x7add9fa16a10) = 2213
2213  +++ exited with 0 +++
2203  --- SIGCHLD {si_signo=SIGCHLD, si_code=CLD_EXITED, si_pid=2213, si_uid=42, si_status=0, si_utime=0, si_stime=0} ---
2203  clone(child_stack=NULL, flags=CLONE_CHILD_CLEARTID|CLONE_CHILD_SETTID|SIGCHLD, child_tidptr=0x7add9fa16a10) = 2214
2214  execve("/usr/bin/apt-config", ["apt-config", "shell", "GPGV", "Apt::Key::gpgvcommand"], ["USER=_apt", "APT_KEY_DONT_WARN_ON_DANGEROUS_USAGE=1", "HOSTNAME=8f857aee2402", "SHLVL=1", "OLDPWD=/", "HOME=/nonexistent", "APT_CONFIG=/tmp/apt.conf.OB42ET", "APT_KEY_NO_LEGACY_KEYRING=1", "MAKEFLAGS=", "LOGNAME=_apt", "_=/usr/bin/pvs-studio-analyzer", "TERM=xterm", "USERNAME=_apt", "PATH=/usr/local/sbin:/usr/local/bin:/usr/sbin:/usr/bin:/sbin:/bin", "MAKELEVEL=1", "LANG=", "LC_MESSAGES=", "SHELL=/bin/sh", "IFS=\n\10", "PWD=/root", "LC_ALL=", "MFLAGS="]) = 0
2214  clone(child_stack=NULL, flags=CLONE_CHILD_CLEARTID|CLONE_CHILD_SETTID|SIGCHLD, child_tidptr=0x7d279a58ab10) = 2215
2215  execve("/usr/bin/dpkg", ["/usr/bin/dpkg", "--print-foreign-architectures"], ["USER=_apt", "APT_KEY_DONT_WARN_ON_DANGEROUS_USAGE=1", "HOSTNAME=8f857aee2402", "SHLVL=1", "OLDPWD=/", "HOME=/nonexistent", "APT_CONFIG=/tmp/apt.conf.OB42ET", "APT_KEY_NO_LEGACY_KEYRING=1", "MAKEFLAGS=", "LOGNAME=_apt", "_=/usr/bin/pvs-studio-analyzer", "TERM=xterm", "USERNAME=_apt", "PATH=/usr/sbin:/usr/bin:/sbin:/bin", "MAKELEVEL=1", "LANG=", "LC_MESSAGES=", "SHELL=/bin/sh", "IFS=\n\10", "PWD=/root", "LC_ALL=", "MFLAGS="]) = 0
2215  +++ exited with 0 +++
2214  --- SIGCHLD {si_signo=SIGCHLD, si_code=CLD_EXITED, si_pid=2215, si_uid=42, si_status=0, si_utime=0, si_stime=0} ---
2214  +++ exited with 0 +++
2203  --- SIGCHLD {si_signo=SIGCHLD, si_code=CLD_EXITED, si_pid=2214, si_uid=42, si_status=0, si_utime=0, si_stime=1 /* 0.01 s */} ---
2203  clone(child_stack=NULL, flags=CLONE_CHILD_CLEARTID|CLONE_CHILD_SETTID|SIGCHLD, child_tidptr=0x7add9fa16a10) = 2216
2216  execve("/usr/bin/mktemp", ["mktemp", "--directory", "--tmpdir", "apt-key-gpghome.XXXXXXXXXX"], ["USER=_apt", "APT_KEY_DONT_WARN_ON_DANGEROUS_USAGE=1", "HOSTNAME=8f857aee2402", "SHLVL=1", "OLDPWD=/", "HOME=/nonexistent", "APT_CONFIG=/tmp/apt.conf.OB42ET", "APT_KEY_NO_LEGACY_KEYRING=1", "MAKEFLAGS=", "LOGNAME=_apt", "_=/usr/bin/pvs-studio-analyzer", "TERM=xterm", "USERNAME=_apt", "PATH=/usr/local/sbin:/usr/local/bin:/usr/sbin:/usr/bin:/sbin:/bin", "MAKELEVEL=1", "LANG=", "LC_MESSAGES=", "SHELL=/bin/sh", "IFS=\n\10", "PWD=/root", "LC_ALL=", "MFLAGS="]) = 0
2216  +++ exited with 0 +++
2203  --- SIGCHLD {si_signo=SIGCHLD, si_code=CLD_EXITED, si_pid=2216, si_uid=42, si_status=0, si_utime=0, si_stime=0} ---
2203  vfork( <unfinished ...>
2217  execve("/usr/bin/chmod", ["chmod", "700", "/tmp/apt-key-gpghome.ob49g1cmzp"], ["USER=_apt", "APT_KEY_DONT_WARN_ON_DANGEROUS_USAGE=1", "HOSTNAME=8f857aee2402", "SHLVL=1", "OLDPWD=/", "HOME=/nonexistent", "APT_CONFIG=/tmp/apt.conf.OB42ET", "APT_KEY_NO_LEGACY_KEYRING=1", "MAKEFLAGS=", "LOGNAME=_apt", "_=/usr/bin/pvs-studio-analyzer", "TERM=xterm", "USERNAME=_apt", "PATH=/usr/local/sbin:/usr/local/bin:/usr/sbin:/usr/bin:/sbin:/bin", "MAKELEVEL=1", "LANG=", "LC_MESSAGES=", "SHELL=/bin/sh", "IFS=\n\10", "PWD=/root", "LC_ALL=", "MFLAGS="] <unfinished ...>
2203  <... vfork resumed>)              = 2217
2217  <... execve resumed>)             = 0
2217  +++ exited with 0 +++
2203  --- SIGCHLD {si_signo=SIGCHLD, si_code=CLD_EXITED, si_pid=2217, si_uid=42, si_status=0, si_utime=0, si_stime=0} ---
2203  clone(child_stack=NULL, flags=CLONE_CHILD_CLEARTID|CLONE_CHILD_SETTID|SIGCHLD, child_tidptr=0x7add9fa16a10) = 2218
2218  +++ exited with 0 +++
2203  --- SIGCHLD {si_signo=SIGCHLD, si_code=CLD_EXITED, si_pid=2218, si_uid=42, si_status=0, si_utime=0, si_stime=0} ---
2203  clone(child_stack=NULL, flags=CLONE_CHILD_CLEARTID|CLONE_CHILD_SETTID|SIGCHLD, child_tidptr=0x7add9fa16a10) = 2219
2219  clone(child_stack=NULL, flags=CLONE_CHILD_CLEARTID|CLONE_CHILD_SETTID|SIGCHLD, child_tidptr=0x7add9fa16a10) = 2220
2219  clone(child_stack=NULL, flags=CLONE_CHILD_CLEARTID|CLONE_CHILD_SETTID|SIGCHLD <unfinished ...>
2220  +++ exited with 0 +++
2219  <... clone resumed>, child_tidptr=0x7add9fa16a10) = ? ERESTARTNOINTR (To be restarted)
2219  --- SIGCHLD {si_signo=SIGCHLD, si_code=CLD_EXITED, si_pid=2220, si_uid=42, si_status=0, si_utime=0, si_stime=0} ---
2219  clone(child_stack=NULL, flags=CLONE_CHILD_CLEARTID|CLONE_CHILD_SETTID|SIGCHLD, child_tidptr=0x7add9fa16a10) = 2221
2221  execve("/usr/bin/sed", ["sed", "-e", "s#'#'\"'\"'#g"], ["USER=_apt", "APT_KEY_DONT_WARN_ON_DANGEROUS_USAGE=1", "HOSTNAME=8f857aee2402", "SHLVL=1", "OLDPWD=/", "HOME=/nonexistent", "APT_CONFIG=/tmp/apt.conf.OB42ET", "APT_KEY_NO_LEGACY_KEYRING=1", "MAKEFLAGS=", "LOGNAME=_apt", "_=/usr/bin/pvs-studio-analyzer", "TERM=xterm", "USERNAME=_apt", "PATH=/usr/local/sbin:/usr/local/bin:/usr/sbin:/usr/bin:/sbin:/bin", "MAKELEVEL=1", "LANG=", "LC_MESSAGES=", "SHELL=/bin/sh", "IFS=\n\10", "PWD=/root", "LC_ALL=", "MFLAGS="]) = 0
2221  +++ exited with 0 +++
2219  --- SIGCHLD {si_signo=SIGCHLD, si_code=CLD_EXITED, si_pid=2221, si_uid=42, si_status=0, si_utime=0, si_stime=0} ---
2219  +++ exited with 0 +++
2203  --- SIGCHLD {si_signo=SIGCHLD, si_code=CLD_EXITED, si_pid=2219, si_uid=42, si_status=0, si_utime=0, si_stime=0} ---
2203  clone(child_stack=NULL, flags=CLONE_CHILD_CLEARTID|CLONE_CHILD_SETTID|SIGCHLD, child_tidptr=0x7add9fa16a10) = 2222
2222  clone(child_stack=NULL, flags=CLONE_CHILD_CLEARTID|CLONE_CHILD_SETTID|SIGCHLD, child_tidptr=0x7add9fa16a10) = 2223
2223  +++ exited with 0 +++
2222  clone(child_stack=NULL, flags=CLONE_CHILD_CLEARTID|CLONE_CHILD_SETTID|SIGCHLD, child_tidptr=0x7add9fa16a10) = ? ERESTARTNOINTR (To be restarted)
2222  --- SIGCHLD {si_signo=SIGCHLD, si_code=CLD_EXITED, si_pid=2223, si_uid=42, si_status=0, si_utime=0, si_stime=0} ---
2222  clone(child_stack=NULL, flags=CLONE_CHILD_CLEARTID|CLONE_CHILD_SETTID|SIGCHLD, child_tidptr=0x7add9fa16a10) = 2224
2224  execve("/usr/bin/sed", ["sed", "-e", "s#'#'\"'\"'#g"], ["USER=_apt", "APT_KEY_DONT_WARN_ON_DANGEROUS_USAGE=1", "HOSTNAME=8f857aee2402", "SHLVL=1", "OLDPWD=/", "HOME=/nonexistent", "APT_CONFIG=/tmp/apt.conf.OB42ET", "APT_KEY_NO_LEGACY_KEYRING=1", "MAKEFLAGS=", "LOGNAME=_apt", "_=/usr/bin/pvs-studio-analyzer", "TERM=xterm", "USERNAME=_apt", "PATH=/usr/local/sbin:/usr/local/bin:/usr/sbin:/usr/bin:/sbin:/bin", "MAKELEVEL=1", "LANG=", "LC_MESSAGES=", "SHELL=/bin/sh", "IFS=\n\10", "PWD=/root", "LC_ALL=", "MFLAGS="]) = 0
2224  +++ exited with 0 +++
2222  --- SIGCHLD {si_signo=SIGCHLD, si_code=CLD_EXITED, si_pid=2224, si_uid=42, si_status=0, si_utime=0, si_stime=0} ---
2222  +++ exited with 0 +++
2203  --- SIGCHLD {si_signo=SIGCHLD, si_code=CLD_EXITED, si_pid=2222, si_uid=42, si_status=0, si_utime=0, si_stime=0} ---
2203  clone(child_stack=NULL, flags=CLONE_CHILD_CLEARTID|CLONE_CHILD_SETTID|SIGCHLD, child_tidptr=0x7add9fa16a10) = 2225
2225  +++ exited with 0 +++
2203  --- SIGCHLD {si_signo=SIGCHLD, si_code=CLD_EXITED, si_pid=2225, si_uid=42, si_status=0, si_utime=0, si_stime=0} ---
2203  vfork( <unfinished ...>
2226  execve("/usr/bin/gpgv", ["gpgv", "--homedir", "/tmp/apt-key-gpghome.ob49g1cmzp", "--keyring", "/usr/share/keyrings/debian-archive-keyring.gpg", "--ignore-time-conflict", "--status-fd", "3", "/tmp/apt.sig.LMFoei", "/tmp/apt.data.iRrfme"], ["USER=_apt", "APT_KEY_DONT_WARN_ON_DANGEROUS_USAGE=1", "HOSTNAME=8f857aee2402", "SHLVL=1", "OLDPWD=/", "HOME=/nonexistent", "APT_CONFIG=/tmp/apt.conf.OB42ET", "APT_KEY_NO_LEGACY_KEYRING=1", "MAKEFLAGS=", "LOGNAME=_apt", "_=/usr/bin/pvs-studio-analyzer", "TERM=xterm", "USERNAME=_apt", "PATH=/usr/local/sbin:/usr/local/bin:/usr/sbin:/usr/bin:/sbin:/bin", "MAKELEVEL=1", "LANG=", "LC_MESSAGES=", "SHELL=/bin/sh", "IFS=\n\10", "PWD=/root", "LC_ALL=", "MFLAGS="] <unfinished ...>
2203  <... vfork resumed>)              = 2226
2226  <... execve resumed>)             = 0
2226  +++ exited with 2 +++
2203  --- SIGCHLD {si_signo=SIGCHLD, si_code=CLD_EXITED, si_pid=2226, si_uid=42, si_status=2, si_utime=0, si_stime=0} ---
2203  vfork( <unfinished ...>
2227  execve("/usr/bin/rm", ["rm", "-rf", "/tmp/apt-key-gpghome.ob49g1cmzp"], ["USER=_apt", "APT_KEY_DONT_WARN_ON_DANGEROUS_USAGE=1", "HOSTNAME=8f857aee2402", "SHLVL=1", "OLDPWD=/", "HOME=/nonexistent", "APT_CONFIG=/tmp/apt.conf.OB42ET", "APT_KEY_NO_LEGACY_KEYRING=1", "MAKEFLAGS=", "LOGNAME=_apt", "_=/usr/bin/pvs-studio-analyzer", "TERM=xterm", "USERNAME=_apt", "PATH=/usr/local/sbin:/usr/local/bin:/usr/sbin:/usr/bin:/sbin:/bin", "MAKELEVEL=1", "LANG=", "LC_MESSAGES=", "SHELL=/bin/sh", "IFS=\n\10", "PWD=/root", "LC_ALL=", "MFLAGS="] <unfinished ...>
2203  <... vfork resumed>)              = 2227
2227  <... execve resumed>)             = 0
2227  +++ exited with 0 +++
2203  --- SIGCHLD {si_signo=SIGCHLD, si_code=CLD_EXITED, si_pid=2227, si_uid=42, si_status=0, si_utime=0, si_stime=0} ---
2203  +++ exited with 2 +++
2202  --- SIGCHLD {si_signo=SIGCHLD, si_code=CLD_EXITED, si_pid=2203, si_uid=42, si_status=2, si_utime=0, si_stime=2 /* 0.02 s */} ---
2202  +++ exited with 2 +++
2175  --- SIGCHLD {si_signo=SIGCHLD, si_code=CLD_EXITED, si_pid=2202, si_uid=42, si_status=2, si_utime=0, si_stime=3 /* 0.03 s */} ---
2175  clone(child_stack=NULL, flags=CLONE_CHILD_CLEARTID|CLONE_CHILD_SETTID|SIGCHLD, child_tidptr=0x734d97112b10) = 2228
2228  clone(child_stack=NULL, flags=CLONE_CHILD_CLEARTID|CLONE_CHILD_SETTID|SIGCHLD, child_tidptr=0x734d97112b10) = 2229
2229  execve("/usr/bin/apt-key", ["/usr/bin/apt-key", "--quiet", "--readonly", "--keyring", "/usr/share/keyrings/debian-archive-keyring.gpg", "verify", "--status-fd", "3", "/tmp/apt.sig.mRq7Zy", "/tmp/apt.data.b89BfK"], ["HOSTNAME=8f857aee2402", "SHLVL=1", "OLDPWD=/", "HOME=/nonexistent", "MAKEFLAGS=", "_=/usr/bin/pvs-studio-analyzer", "TERM=xterm", "PATH=/usr/local/sbin:/usr/local/bin:/usr/sbin:/usr/bin:/sbin:/bin", "MAKELEVEL=1", "PWD=/root", "MFLAGS=", "USER=_apt", "USERNAME=_apt", "LOGNAME=_apt", "SHELL=/bin/sh", "APT_KEY_NO_LEGACY_KEYRING=1", "APT_CONFIG=/tmp/apt.conf.hT1i2S", "APT_KEY_DONT_WARN_ON_DANGEROUS_USAGE=1", "LANG=", "LC_ALL=", "LC_MESSAGES="]) = 0
2229  clone(child_stack=NULL, flags=CLONE_CHILD_CLEARTID|CLONE_CHILD_SETTID|SIGCHLD, child_tidptr=0x76b7647eea10) = 2230
2230  +++ exited with 0 +++
2229  --- SIGCHLD {si_signo=SIGCHLD, si_code=CLD_EXITED, si_pid=2230, si_uid=42, si_status=0, si_utime=0, si_stime=0} ---
2229  clone(child_stack=NULL, flags=CLONE_CHILD_CLEARTID|CLONE_CHILD_SETTID|SIGCHLD, child_tidptr=0x76b7647eea10) = 2231
2231  execve("/usr/bin/apt-config", ["apt-config", "shell", "MASTER_KEYRING", "APT::Key::MasterKeyring"], ["USER=_apt", "APT_KEY_DONT_WARN_ON_DANGEROUS_USAGE=1", "HOSTNAME=8f857aee2402", "SHLVL=1", "OLDPWD=/", "HOME=/nonexistent", "APT_CONFIG=/tmp/apt.conf.hT1i2S", "APT_KEY_NO_LEGACY_KEYRING=1", "MAKEFLAGS=", "LOGNAME=_apt", "_=/usr/bin/pvs-studio-analyzer", "TERM=xterm", "USERNAME=_apt", "PATH=/usr/local/sbin:/usr/local/bin:/usr/sbin:/usr/bin:/sbin:/bin", "MAKELEVEL=1", "LANG=", "LC_MESSAGES=", "SHELL=/bin/sh", "IFS=\n\10", "PWD=/root", "LC_ALL=", "MFLAGS="]) = 0
2231  clone(child_stack=NULL, flags=CLONE_CHILD_CLEARTID|CLONE_CHILD_SETTID|SIGCHLD, child_tidptr=0x7ad092e20b10) = 2232
2232  execve("/usr/bin/dpkg", ["/usr/bin/dpkg", "--print-foreign-architectures"], ["USER=_apt", "APT_KEY_DONT_WARN_ON_DANGEROUS_USAGE=1", "HOSTNAME=8f857aee2402", "SHLVL=1", "OLDPWD=/", "HOME=/nonexistent", "APT_CONFIG=/tmp/apt.conf.hT1i2S", "APT_KEY_NO_LEGACY_KEYRING=1", "MAKEFLAGS=", "LOGNAME=_apt", "_=/usr/bin/pvs-studio-analyzer", "TERM=xterm", "USERNAME=_apt", "PATH=/usr/sbin:/usr/bin:/sbin:/bin", "MAKELEVEL=1", "LANG=", "LC_MESSAGES=", "SHELL=/bin/sh", "IFS=\n\10", "PWD=/root", "LC_ALL=", "MFLAGS="]) = 0
2232  +++ exited with 0 +++
2231  --- SIGCHLD {si_signo=SIGCHLD, si_code=CLD_EXITED, si_pid=2232, si_uid=42, si_status=0, si_utime=0, si_stime=0} ---
2231  +++ exited with 0 +++
2229  --- SIGCHLD {si_signo=SIGCHLD, si_code=CLD_EXITED, si_pid=2231, si_uid=42, si_status=0, si_utime=0, si_stime=0} ---
2229  clone(child_stack=NULL, flags=CLONE_CHILD_CLEARTID|CLONE_CHILD_SETTID|SIGCHLD, child_tidptr=0x76b7647eea10) = 2233
2233  execve("/usr/bin/apt-config", ["apt-config", "shell", "ARCHIVE_KEYRING", "APT::Key::ArchiveKeyring"], ["USER=_apt", "APT_KEY_DONT_WARN_ON_DANGEROUS_USAGE=1", "HOSTNAME=8f857aee2402", "SHLVL=1", "OLDPWD=/", "HOME=/nonexistent", "APT_CONFIG=/tmp/apt.conf.hT1i2S", "APT_KEY_NO_LEGACY_KEYRING=1", "MAKEFLAGS=", "LOGNAME=_apt", "_=/usr/bin/pvs-studio-analyzer", "TERM=xterm", "USERNAME=_apt", "PATH=/usr/local/sbin:/usr/local/bin:/usr/sbin:/usr/bin:/sbin:/bin", "MAKELEVEL=1", "LANG=", "LC_MESSAGES=", "SHELL=/bin/sh", "IFS=\n\10", "PWD=/root", "LC_ALL=", "MFLAGS="]) = 0
2233  clone(child_stack=NULL, flags=CLONE_CHILD_CLEARTID|CLONE_CHILD_SETTID|SIGCHLD, child_tidptr=0x76b81a72bb10) = 2234
2234  execve("/usr/bin/dpkg", ["/usr/bin/dpkg", "--print-foreign-architectures"], ["USER=_apt", "APT_KEY_DONT_WARN_ON_DANGEROUS_USAGE=1", "HOSTNAME=8f857aee2402", "SHLVL=1", "OLDPWD=/", "HOME=/nonexistent", "APT_CONFIG=/tmp/apt.conf.hT1i2S", "APT_KEY_NO_LEGACY_KEYRING=1", "MAKEFLAGS=", "LOGNAME=_apt", "_=/usr/bin/pvs-studio-analyzer", "TERM=xterm", "USERNAME=_apt", "PATH=/usr/sbin:/usr/bin:/sbin:/bin", "MAKELEVEL=1", "LANG=", "LC_MESSAGES=", "SHELL=/bin/sh", "IFS=\n\10", "PWD=/root", "LC_ALL=", "MFLAGS="]) = 0
2234  +++ exited with 0 +++
2233  --- SIGCHLD {si_signo=SIGCHLD, si_code=CLD_EXITED, si_pid=2234, si_uid=42, si_status=0, si_utime=0, si_stime=0} ---
2233  +++ exited with 0 +++
2229  --- SIGCHLD {si_signo=SIGCHLD, si_code=CLD_EXITED, si_pid=2233, si_uid=42, si_status=0, si_utime=0, si_stime=0} ---
2229  clone(child_stack=NULL, flags=CLONE_CHILD_CLEARTID|CLONE_CHILD_SETTID|SIGCHLD, child_tidptr=0x76b7647eea10) = 2235
2235  execve("/usr/bin/apt-config", ["apt-config", "shell", "REMOVED_KEYS", "APT::Key::RemovedKeys"], ["USER=_apt", "APT_KEY_DONT_WARN_ON_DANGEROUS_USAGE=1", "HOSTNAME=8f857aee2402", "SHLVL=1", "OLDPWD=/", "HOME=/nonexistent", "APT_CONFIG=/tmp/apt.conf.hT1i2S", "APT_KEY_NO_LEGACY_KEYRING=1", "MAKEFLAGS=", "LOGNAME=_apt", "_=/usr/bin/pvs-studio-analyzer", "TERM=xterm", "USERNAME=_apt", "PATH=/usr/local/sbin:/usr/local/bin:/usr/sbin:/usr/bin:/sbin:/bin", "MAKELEVEL=1", "LANG=", "LC_MESSAGES=", "SHELL=/bin/sh", "IFS=\n\10", "PWD=/root", "LC_ALL=", "MFLAGS="]) = 0
2235  clone(child_stack=NULL, flags=CLONE_CHILD_CLEARTID|CLONE_CHILD_SETTID|SIGCHLD, child_tidptr=0x79bb6c2fbb10) = 2236
2236  execve("/usr/bin/dpkg", ["/usr/bin/dpkg", "--print-foreign-architectures"], ["USER=_apt", "APT_KEY_DONT_WARN_ON_DANGEROUS_USAGE=1", "HOSTNAME=8f857aee2402", "SHLVL=1", "OLDPWD=/", "HOME=/nonexistent", "APT_CONFIG=/tmp/apt.conf.hT1i2S", "APT_KEY_NO_LEGACY_KEYRING=1", "MAKEFLAGS=", "LOGNAME=_apt", "_=/usr/bin/pvs-studio-analyzer", "TERM=xterm", "USERNAME=_apt", "PATH=/usr/sbin:/usr/bin:/sbin:/bin", "MAKELEVEL=1", "LANG=", "LC_MESSAGES=", "SHELL=/bin/sh", "IFS=\n\10", "PWD=/root", "LC_ALL=", "MFLAGS="]) = 0
2236  +++ exited with 0 +++
2235  --- SIGCHLD {si_signo=SIGCHLD, si_code=CLD_EXITED, si_pid=2236, si_uid=42, si_status=0, si_utime=0, si_stime=0} ---
2235  +++ exited with 0 +++
2229  --- SIGCHLD {si_signo=SIGCHLD, si_code=CLD_EXITED, si_pid=2235, si_uid=42, si_status=0, si_utime=0, si_stime=1 /* 0.01 s */} ---
2229  clone(child_stack=NULL, flags=CLONE_CHILD_CLEARTID|CLONE_CHILD_SETTID|SIGCHLD, child_tidptr=0x76b7647eea10) = 2237
2237  execve("/usr/bin/apt-config", ["apt-config", "shell", "ARCHIVE_KEYRING_URI", "APT::Key::ArchiveKeyringURI"], ["USER=_apt", "APT_KEY_DONT_WARN_ON_DANGEROUS_USAGE=1", "HOSTNAME=8f857aee2402", "SHLVL=1", "OLDPWD=/", "HOME=/nonexistent", "APT_CONFIG=/tmp/apt.conf.hT1i2S", "APT_KEY_NO_LEGACY_KEYRING=1", "MAKEFLAGS=", "LOGNAME=_apt", "_=/usr/bin/pvs-studio-analyzer", "TERM=xterm", "USERNAME=_apt", "PATH=/usr/local/sbin:/usr/local/bin:/usr/sbin:/usr/bin:/sbin:/bin", "MAKELEVEL=1", "LANG=", "LC_MESSAGES=", "SHELL=/bin/sh", "IFS=\n\10", "PWD=/root", "LC_ALL=", "MFLAGS="]) = 0
2237  clone(child_stack=NULL, flags=CLONE_CHILD_CLEARTID|CLONE_CHILD_SETTID|SIGCHLD, child_tidptr=0x768377787b10) = 2238
2238  execve("/usr/bin/dpkg", ["/usr/bin/dpkg", "--print-foreign-architectures"], ["USER=_apt", "APT_KEY_DONT_WARN_ON_DANGEROUS_USAGE=1", "HOSTNAME=8f857aee2402", "SHLVL=1", "OLDPWD=/", "HOME=/nonexistent", "APT_CONFIG=/tmp/apt.conf.hT1i2S", "APT_KEY_NO_LEGACY_KEYRING=1", "MAKEFLAGS=", "LOGNAME=_apt", "_=/usr/bin/pvs-studio-analyzer", "TERM=xterm", "USERNAME=_apt", "PATH=/usr/sbin:/usr/bin:/sbin:/bin", "MAKELEVEL=1", "LANG=", "LC_MESSAGES=", "SHELL=/bin/sh", "IFS=\n\10", "PWD=/root", "LC_ALL=", "MFLAGS="]) = 0
2238  +++ exited with 0 +++
2237  --- SIGCHLD {si_signo=SIGCHLD, si_code=CLD_EXITED, si_pid=2238, si_uid=42, si_status=0, si_utime=0, si_stime=0} ---
2237  +++ exited with 0 +++
2229  --- SIGCHLD {si_signo=SIGCHLD, si_code=CLD_EXITED, si_pid=2237, si_uid=42, si_status=0, si_utime=0, si_stime=1 /* 0.01 s */} ---
2229  clone(child_stack=NULL, flags=CLONE_CHILD_CLEARTID|CLONE_CHILD_SETTID|SIGCHLD, child_tidptr=0x76b7647eea10) = 2239
2239  +++ exited with 0 +++
2229  --- SIGCHLD {si_signo=SIGCHLD, si_code=CLD_EXITED, si_pid=2239, si_uid=42, si_status=0, si_utime=0, si_stime=0} ---
2229  clone(child_stack=NULL, flags=CLONE_CHILD_CLEARTID|CLONE_CHILD_SETTID|SIGCHLD, child_tidptr=0x76b7647eea10) = 2240
2240  execve("/usr/bin/apt-config", ["apt-config", "shell", "GPGV", "Apt::Key::gpgvcommand"], ["USER=_apt", "APT_KEY_DONT_WARN_ON_DANGEROUS_USAGE=1", "HOSTNAME=8f857aee2402", "SHLVL=1", "OLDPWD=/", "HOME=/nonexistent", "APT_CONFIG=/tmp/apt.conf.hT1i2S", "APT_KEY_NO_LEGACY_KEYRING=1", "MAKEFLAGS=", "LOGNAME=_apt", "_=/usr/bin/pvs-studio-analyzer", "TERM=xterm", "USERNAME=_apt", "PATH=/usr/local/sbin:/usr/local/bin:/usr/sbin:/usr/bin:/sbin:/bin", "MAKELEVEL=1", "LANG=", "LC_MESSAGES=", "SHELL=/bin/sh", "IFS=\n\10", "PWD=/root", "LC_ALL=", "MFLAGS="]) = 0
2240  clone(child_stack=NULL, flags=CLONE_CHILD_CLEARTID|CLONE_CHILD_SETTID|SIGCHLD, child_tidptr=0x7a0a38e2ab10) = 2241
2241  execve("/usr/bin/dpkg", ["/usr/bin/dpkg", "--print-foreign-architectures"], ["USER=_apt", "APT_KEY_DONT_WARN_ON_DANGEROUS_USAGE=1", "HOSTNAME=8f857aee2402", "SHLVL=1", "OLDPWD=/", "HOME=/nonexistent", "APT_CONFIG=/tmp/apt.conf.hT1i2S", "APT_KEY_NO_LEGACY_KEYRING=1", "MAKEFLAGS=", "LOGNAME=_apt", "_=/usr/bin/pvs-studio-analyzer", "TERM=xterm", "USERNAME=_apt", "PATH=/usr/sbin:/usr/bin:/sbin:/bin", "MAKELEVEL=1", "LANG=", "LC_MESSAGES=", "SHELL=/bin/sh", "IFS=\n\10", "PWD=/root", "LC_ALL=", "MFLAGS="]) = 0
2241  +++ exited with 0 +++
2240  --- SIGCHLD {si_signo=SIGCHLD, si_code=CLD_EXITED, si_pid=2241, si_uid=42, si_status=0, si_utime=0, si_stime=0} ---
2240  +++ exited with 0 +++
2229  --- SIGCHLD {si_signo=SIGCHLD, si_code=CLD_EXITED, si_pid=2240, si_uid=42, si_status=0, si_utime=0, si_stime=0} ---
2229  clone(child_stack=NULL, flags=CLONE_CHILD_CLEARTID|CLONE_CHILD_SETTID|SIGCHLD, child_tidptr=0x76b7647eea10) = 2242
