834   execve("/usr/bin/make", ["make"], ["_=/usr/bin/pvs-studio-analyzer", "SHLVL=1", "PWD=/root", "TERM=xterm", "PATH=/usr/local/sbin:/usr/local/bin:/usr/sbin:/usr/bin:/sbin:/bin", "OLDPWD=/", "HOSTNAME=8f857aee2402", "HOME=/root"]) = 0
834   clone3({flags=CLONE_VM|CLONE_VFORK, exit_signal=SIGCHLD, stack=0x7e7b9ae00000, stack_size=0x9000}, 88 <unfinished ...>
835   execve("/bin/sh", ["/bin/sh", "-c", "echo \"Checking for ncurses library...\""], ["PWD=/root", "HOSTNAME=8f857aee2402", "OLDPWD=/", "MAKEFLAGS=", "MFLAGS=", "SHLVL=1", "PATH=/usr/local/sbin:/usr/local/bin:/usr/sbin:/usr/bin:/sbin:/bin", "_=/usr/bin/pvs-studio-analyzer", "HOME=/root", "TERM=xterm", "MAKELEVEL=1"] <unfinished ...>
834   <... clone3 resumed>)             = 835
835   <... execve resumed>)             = 0
835   +++ exited with 0 +++
834   clone3({flags=CLONE_VM|CLONE_VFORK, exit_signal=SIGCHLD, stack=0x7e7b9ae00000, stack_size=0x9000}, 88 <unfinished ...>
836   execve("/bin/sh", ["/bin/sh", "-c", "if ! pkg-config --exists ncurses 2>/dev/null; then \\\n\techo \"ncurses not found. Installing...\"; \\\n\tif command -v apt-get >/dev/null 2>&1; then \\\n\t\tapt-get update && apt-get install -y libncurses5-dev libncursesw5-dev; \\\n\telif command -v brew >/dev/null 2>&1; then \\\n\t\tbrew install ncurses; \\\n\telse \\\n\t\techo \"Error: Package manager not found. Please install ncurses manually:\"; \\\n\t\techo \"  Ubuntu/Debian: apt-get install libncurses5-dev libncursesw5-dev\"; \\\n\t\techo \"  macOS: brew install ncurses\"; \\\n\t\texit 1; \\\n\tfi; \\\nelse \\\n\techo \"ncurses library found.\"; \\\nfi"], ["PWD=/root", "HOSTNAME=8f857aee2402", "OLDPWD=/", "MAKEFLAGS=", "MFLAGS=", "SHLVL=1", "PATH=/usr/local/sbin:/usr/local/bin:/usr/sbin:/usr/bin:/sbin:/bin", "_=/usr/bin/pvs-studio-analyzer", "HOME=/root", "TERM=xterm", "MAKELEVEL=1"] <unfinished ...>
834   <... clone3 resumed>)             = 836
836   <... execve resumed>)             = 0
836   vfork( <unfinished ...>
837   execve("/usr/bin/apt-get", ["apt-get", "update"], ["HOSTNAME=8f857aee2402", "SHLVL=1", "OLDPWD=/", "HOME=/root", "MAKEFLAGS=", "_=/usr/bin/pvs-studio-analyzer", "TERM=xterm", "PATH=/usr/local/sbin:/usr/local/bin:/usr/sbin:/usr/bin:/sbin:/bin", "MAKELEVEL=1", "PWD=/root", "MFLAGS="] <unfinished ...>
836   <... vfork resumed>)              = 837
837   <... execve resumed>)             = 0
837   clone(child_stack=NULL, flags=CLONE_CHILD_CLEARTID|CLONE_CHILD_SETTID|SIGCHLD, child_tidptr=0x713847b44b10) = 838
838   execve("/usr/bin/dpkg", ["/usr/bin/dpkg", "--print-foreign-architectures"], ["HOSTNAME=8f857aee2402", "SHLVL=1", "OLDPWD=/", "HOME=/root", "MAKEFLAGS=", "_=/usr/bin/pvs-studio-analyzer", "TERM=xterm", "PATH=/usr/sbin:/usr/bin:/sbin:/bin", "MAKELEVEL=1", "PWD=/root", "MFLAGS="]) = 0
838   +++ exited with 0 +++
837   --- SIGCHLD {si_signo=SIGCHLD, si_code=CLD_EXITED, si_pid=838, si_uid=0, si_status=0, si_utime=0, si_stime=0} ---
837   clone(child_stack=NULL, flags=CLONE_CHILD_CLEARTID|CLONE_CHILD_SETTID|SIGCHLD, child_tidptr=0x713847b44b10) = 839
839   execve("/usr/lib/apt/methods/http", ["/usr/lib/apt/methods/http"], ["HOSTNAME=8f857aee2402", "SHLVL=1", "OLDPWD=/", "HOME=/root", "MAKEFLAGS=", "_=/usr/bin/pvs-studio-analyzer", "TERM=xterm", "PATH=/usr/local/sbin:/usr/local/bin:/usr/sbin:/usr/bin:/sbin:/bin", "MAKELEVEL=1", "PWD=/root", "MFLAGS="]) = 0
839   --- SIGINT {si_signo=SIGINT, si_code=SI_USER, si_pid=837, si_uid=0} ---
839   +++ exited with 100 +++
837   --- SIGCHLD {si_signo=SIGCHLD, si_code=CLD_EXITED, si_pid=839, si_uid=0, si_status=100, si_utime=0, si_stime=2 /* 0.02 s */} ---
837   clone(child_stack=NULL, flags=CLONE_CHILD_CLEARTID|CLONE_CHILD_SETTID|SIGCHLD, child_tidptr=0x713847b44b10) = 840
840   execve("/usr/lib/apt/methods/https", ["/usr/lib/apt/methods/https"], ["HOSTNAME=8f857aee2402", "SHLVL=1", "OLDPWD=/", "HOME=/root", "MAKEFLAGS=", "_=/usr/bin/pvs-studio-analyzer", "TERM=xterm", "PATH=/usr/local/sbin:/usr/local/bin:/usr/sbin:/usr/bin:/sbin:/bin", "MAKELEVEL=1", "PWD=/root", "MFLAGS="]) = 0
840   --- SIGINT {si_signo=SIGINT, si_code=SI_USER, si_pid=837, si_uid=0} ---
840   +++ exited with 100 +++
837   --- SIGCHLD {si_signo=SIGCHLD, si_code=CLD_EXITED, si_pid=840, si_uid=0, si_status=100, si_utime=0, si_stime=1 /* 0.01 s */} ---
837   clone(child_stack=NULL, flags=CLONE_CHILD_CLEARTID|CLONE_CHILD_SETTID|SIGCHLD, child_tidptr=0x713847b44b10) = 841
841   execve("/usr/lib/apt/methods/https", ["/usr/lib/apt/methods/https"], ["HOSTNAME=8f857aee2402", "SHLVL=1", "OLDPWD=/", "HOME=/root", "MAKEFLAGS=", "_=/usr/bin/pvs-studio-analyzer", "TERM=xterm", "PATH=/usr/local/sbin:/usr/local/bin:/usr/sbin:/usr/bin:/sbin:/bin", "MAKELEVEL=1", "PWD=/root", "MFLAGS="]) = 0
837   clone(child_stack=NULL, flags=CLONE_CHILD_CLEARTID|CLONE_CHILD_SETTID|SIGCHLD, child_tidptr=0x713847b44b10) = 842
842   execve("/usr/lib/apt/methods/http", ["/usr/lib/apt/methods/http"], ["HOSTNAME=8f857aee2402", "SHLVL=1", "OLDPWD=/", "HOME=/root", "MAKEFLAGS=", "_=/usr/bin/pvs-studio-analyzer", "TERM=xterm", "PATH=/usr/local/sbin:/usr/local/bin:/usr/sbin:/usr/bin:/sbin:/bin", "MAKELEVEL=1", "PWD=/root", "MFLAGS="]) = 0
837   clone(child_stack=NULL, flags=CLONE_CHILD_CLEARTID|CLONE_CHILD_SETTID|SIGCHLD, child_tidptr=0x713847b44b10) = 843
843   execve("/usr/lib/apt/methods/gpgv", ["/usr/lib/apt/methods/gpgv"], ["HOSTNAME=8f857aee2402", "SHLVL=1", "OLDPWD=/", "HOME=/root", "MAKEFLAGS=", "_=/usr/bin/pvs-studio-analyzer", "TERM=xterm", "PATH=/usr/local/sbin:/usr/local/bin:/usr/sbin:/usr/bin:/sbin:/bin", "MAKELEVEL=1", "PWD=/root", "MFLAGS="]) = 0
843   --- SIGINT {si_signo=SIGINT, si_code=SI_USER, si_pid=837, si_uid=0} ---
843   +++ killed by SIGINT +++
837   --- SIGCHLD {si_signo=SIGCHLD, si_code=CLD_KILLED, si_pid=843, si_uid=0, si_status=SIGINT, si_utime=0, si_stime=0} ---
837   clone(child_stack=NULL, flags=CLONE_CHILD_CLEARTID|CLONE_CHILD_SETTID|SIGCHLD, child_tidptr=0x713847b44b10) = 844
844   execve("/usr/lib/apt/methods/gpgv", ["/usr/lib/apt/methods/gpgv"], ["HOSTNAME=8f857aee2402", "SHLVL=1", "OLDPWD=/", "HOME=/root", "MAKEFLAGS=", "_=/usr/bin/pvs-studio-analyzer", "TERM=xterm", "PATH=/usr/local/sbin:/usr/local/bin:/usr/sbin:/usr/bin:/sbin:/bin", "MAKELEVEL=1", "PWD=/root", "MFLAGS="]) = 0
844   clone(child_stack=NULL, flags=CLONE_CHILD_CLEARTID|CLONE_CHILD_SETTID|SIGCHLD, child_tidptr=0x725fd8af3b10) = 845
845   clone(child_stack=NULL, flags=CLONE_CHILD_CLEARTID|CLONE_CHILD_SETTID|SIGCHLD, child_tidptr=0x725fd8af3b10) = 846
846   execve("/usr/bin/apt-key", ["/usr/bin/apt-key", "--quiet", "--readonly", "--keyring", "/usr/share/keyrings/debian-archive-keyring.gpg", "verify", "--status-fd", "3", "/tmp/apt.sig.mSC9m8", "/tmp/apt.data.8Y17S5"], ["HOSTNAME=8f857aee2402", "SHLVL=1", "OLDPWD=/", "HOME=/nonexistent", "MAKEFLAGS=", "_=/usr/bin/pvs-studio-analyzer", "TERM=xterm", "PATH=/usr/local/sbin:/usr/local/bin:/usr/sbin:/usr/bin:/sbin:/bin", "MAKELEVEL=1", "PWD=/root", "MFLAGS=", "USER=_apt", "USERNAME=_apt", "LOGNAME=_apt", "SHELL=/bin/sh", "APT_KEY_NO_LEGACY_KEYRING=1", "APT_CONFIG=/tmp/apt.conf.gAbJXx", "APT_KEY_DONT_WARN_ON_DANGEROUS_USAGE=1", "LANG=", "LC_ALL=", "LC_MESSAGES="]) = 0
846   clone(child_stack=NULL, flags=CLONE_CHILD_CLEARTID|CLONE_CHILD_SETTID|SIGCHLD, child_tidptr=0x75ad920c1a10) = 847
847   +++ exited with 0 +++
846   --- SIGCHLD {si_signo=SIGCHLD, si_code=CLD_EXITED, si_pid=847, si_uid=42, si_status=0, si_utime=0, si_stime=0} ---
846   clone(child_stack=NULL, flags=CLONE_CHILD_CLEARTID|CLONE_CHILD_SETTID|SIGCHLD, child_tidptr=0x75ad920c1a10) = 848
848   execve("/usr/bin/apt-config", ["apt-config", "shell", "MASTER_KEYRING", "APT::Key::MasterKeyring"], ["USER=_apt", "APT_KEY_DONT_WARN_ON_DANGEROUS_USAGE=1", "HOSTNAME=8f857aee2402", "SHLVL=1", "OLDPWD=/", "HOME=/nonexistent", "APT_CONFIG=/tmp/apt.conf.gAbJXx", "APT_KEY_NO_LEGACY_KEYRING=1", "MAKEFLAGS=", "LOGNAME=_apt", "_=/usr/bin/pvs-studio-analyzer", "TERM=xterm", "USERNAME=_apt", "PATH=/usr/local/sbin:/usr/local/bin:/usr/sbin:/usr/bin:/sbin:/bin", "MAKELEVEL=1", "LANG=", "LC_MESSAGES=", "SHELL=/bin/sh", "IFS=\n\10", "PWD=/root", "LC_ALL=", "MFLAGS="]) = 0
848   clone(child_stack=NULL, flags=CLONE_CHILD_CLEARTID|CLONE_CHILD_SETTID|SIGCHLD, child_tidptr=0x7b4a252afb10) = 849
849   execve("/usr/bin/dpkg", ["/usr/bin/dpkg", "--print-foreign-architectures"], ["USER=_apt", "APT_KEY_DONT_WARN_ON_DANGEROUS_USAGE=1", "HOSTNAME=8f857aee2402", "SHLVL=1", "OLDPWD=/", "HOME=/nonexistent", "APT_CONFIG=/tmp/apt.conf.gAbJXx", "APT_KEY_NO_LEGACY_KEYRING=1", "MAKEFLAGS=", "LOGNAME=_apt", "_=/usr/bin/pvs-studio-analyzer", "TERM=xterm", "USERNAME=_apt", "PATH=/usr/sbin:/usr/bin:/sbin:/bin", "MAKELEVEL=1", "LANG=", "LC_MESSAGES=", "SHELL=/bin/sh", "IFS=\n\10", "PWD=/root", "LC_ALL=", "MFLAGS="]) = 0
849   +++ exited with 0 +++
848   --- SIGCHLD {si_signo=SIGCHLD, si_code=CLD_EXITED, si_pid=849, si_uid=42, si_status=0, si_utime=0, si_stime=0} ---
848   +++ exited with 0 +++
846   --- SIGCHLD {si_signo=SIGCHLD, si_code=CLD_EXITED, si_pid=848, si_uid=42, si_status=0, si_utime=0, si_stime=1 /* 0.01 s */} ---
846   clone(child_stack=NULL, flags=CLONE_CHILD_CLEARTID|CLONE_CHILD_SETTID|SIGCHLD, child_tidptr=0x75ad920c1a10) = 850
850   execve("/usr/bin/apt-config", ["apt-config", "shell", "ARCHIVE_KEYRING", "APT::Key::ArchiveKeyring"], ["USER=_apt", "APT_KEY_DONT_WARN_ON_DANGEROUS_USAGE=1", "HOSTNAME=8f857aee2402", "SHLVL=1", "OLDPWD=/", "HOME=/nonexistent", "APT_CONFIG=/tmp/apt.conf.gAbJXx", "APT_KEY_NO_LEGACY_KEYRING=1", "MAKEFLAGS=", "LOGNAME=_apt", "_=/usr/bin/pvs-studio-analyzer", "TERM=xterm", "USERNAME=_apt", "PATH=/usr/local/sbin:/usr/local/bin:/usr/sbin:/usr/bin:/sbin:/bin", "MAKELEVEL=1", "LANG=", "LC_MESSAGES=", "SHELL=/bin/sh", "IFS=\n\10", "PWD=/root", "LC_ALL=", "MFLAGS="]) = 0
850   clone(child_stack=NULL, flags=CLONE_CHILD_CLEARTID|CLONE_CHILD_SETTID|SIGCHLD, child_tidptr=0x7ad899eb6b10) = 851
851   execve("/usr/bin/dpkg", ["/usr/bin/dpkg", "--print-foreign-architectures"], ["USER=_apt", "APT_KEY_DONT_WARN_ON_DANGEROUS_USAGE=1", "HOSTNAME=8f857aee2402", "SHLVL=1", "OLDPWD=/", "HOME=/nonexistent", "APT_CONFIG=/tmp/apt.conf.gAbJXx", "APT_KEY_NO_LEGACY_KEYRING=1", "MAKEFLAGS=", "LOGNAME=_apt", "_=/usr/bin/pvs-studio-analyzer", "TERM=xterm", "USERNAME=_apt", "PATH=/usr/sbin:/usr/bin:/sbin:/bin", "MAKELEVEL=1", "LANG=", "LC_MESSAGES=", "SHELL=/bin/sh", "IFS=\n\10", "PWD=/root", "LC_ALL=", "MFLAGS="]) = 0
851   +++ exited with 0 +++
850   --- SIGCHLD {si_signo=SIGCHLD, si_code=CLD_EXITED, si_pid=851, si_uid=42, si_status=0, si_utime=0, si_stime=0} ---
850   +++ exited with 0 +++
846   --- SIGCHLD {si_signo=SIGCHLD, si_code=CLD_EXITED, si_pid=850, si_uid=42, si_status=0, si_utime=0, si_stime=1 /* 0.01 s */} ---
846   clone(child_stack=NULL, flags=CLONE_CHILD_CLEARTID|CLONE_CHILD_SETTID|SIGCHLD, child_tidptr=0x75ad920c1a10) = 852
852   execve("/usr/bin/apt-config", ["apt-config", "shell", "REMOVED_KEYS", "APT::Key::RemovedKeys"], ["USER=_apt", "APT_KEY_DONT_WARN_ON_DANGEROUS_USAGE=1", "HOSTNAME=8f857aee2402", "SHLVL=1", "OLDPWD=/", "HOME=/nonexistent", "APT_CONFIG=/tmp/apt.conf.gAbJXx", "APT_KEY_NO_LEGACY_KEYRING=1", "MAKEFLAGS=", "LOGNAME=_apt", "_=/usr/bin/pvs-studio-analyzer", "TERM=xterm", "USERNAME=_apt", "PATH=/usr/local/sbin:/usr/local/bin:/usr/sbin:/usr/bin:/sbin:/bin", "MAKELEVEL=1", "LANG=", "LC_MESSAGES=", "SHELL=/bin/sh", "IFS=\n\10", "PWD=/root", "LC_ALL=", "MFLAGS="]) = 0
852   clone(child_stack=NULL, flags=CLONE_CHILD_CLEARTID|CLONE_CHILD_SETTID|SIGCHLD, child_tidptr=0x72b244cd8b10) = 853
853   execve("/usr/bin/dpkg", ["/usr/bin/dpkg", "--print-foreign-architectures"], ["USER=_apt", "APT_KEY_DONT_WARN_ON_DANGEROUS_USAGE=1", "HOSTNAME=8f857aee2402", "SHLVL=1", "OLDPWD=/", "HOME=/nonexistent", "APT_CONFIG=/tmp/apt.conf.gAbJXx", "APT_KEY_NO_LEGACY_KEYRING=1", "MAKEFLAGS=", "LOGNAME=_apt", "_=/usr/bin/pvs-studio-analyzer", "TERM=xterm", "USERNAME=_apt", "PATH=/usr/sbin:/usr/bin:/sbin:/bin", "MAKELEVEL=1", "LANG=", "LC_MESSAGES=", "SHELL=/bin/sh", "IFS=\n\10", "PWD=/root", "LC_ALL=", "MFLAGS="]) = 0
853   +++ exited with 0 +++
852   --- SIGCHLD {si_signo=SIGCHLD, si_code=CLD_EXITED, si_pid=853, si_uid=42, si_status=0, si_utime=0, si_stime=0} ---
852   +++ exited with 0 +++
846   --- SIGCHLD {si_signo=SIGCHLD, si_code=CLD_EXITED, si_pid=852, si_uid=42, si_status=0, si_utime=0, si_stime=0} ---
846   clone(child_stack=NULL, flags=CLONE_CHILD_CLEARTID|CLONE_CHILD_SETTID|SIGCHLD, child_tidptr=0x75ad920c1a10) = 854
854   execve("/usr/bin/apt-config", ["apt-config", "shell", "ARCHIVE_KEYRING_URI", "APT::Key::ArchiveKeyringURI"], ["USER=_apt", "APT_KEY_DONT_WARN_ON_DANGEROUS_USAGE=1", "HOSTNAME=8f857aee2402", "SHLVL=1", "OLDPWD=/", "HOME=/nonexistent", "APT_CONFIG=/tmp/apt.conf.gAbJXx", "APT_KEY_NO_LEGACY_KEYRING=1", "MAKEFLAGS=", "LOGNAME=_apt", "_=/usr/bin/pvs-studio-analyzer", "TERM=xterm", "USERNAME=_apt", "PATH=/usr/local/sbin:/usr/local/bin:/usr/sbin:/usr/bin:/sbin:/bin", "MAKELEVEL=1", "LANG=", "LC_MESSAGES=", "SHELL=/bin/sh", "IFS=\n\10", "PWD=/root", "LC_ALL=", "MFLAGS="]) = 0
854   clone(child_stack=NULL, flags=CLONE_CHILD_CLEARTID|CLONE_CHILD_SETTID|SIGCHLD, child_tidptr=0x74d8e5154b10) = 855
855   execve("/usr/bin/dpkg", ["/usr/bin/dpkg", "--print-foreign-architectures"], ["USER=_apt", "APT_KEY_DONT_WARN_ON_DANGEROUS_USAGE=1", "HOSTNAME=8f857aee2402", "SHLVL=1", "OLDPWD=/", "HOME=/nonexistent", "APT_CONFIG=/tmp/apt.conf.gAbJXx", "APT_KEY_NO_LEGACY_KEYRING=1", "MAKEFLAGS=", "LOGNAME=_apt", "_=/usr/bin/pvs-studio-analyzer", "TERM=xterm", "USERNAME=_apt", "PATH=/usr/sbin:/usr/bin:/sbin:/bin", "MAKELEVEL=1", "LANG=", "LC_MESSAGES=", "SHELL=/bin/sh", "IFS=\n\10", "PWD=/root", "LC_ALL=", "MFLAGS="]) = 0
855   +++ exited with 0 +++
854   --- SIGCHLD {si_signo=SIGCHLD, si_code=CLD_EXITED, si_pid=855, si_uid=42, si_status=0, si_utime=0, si_stime=0} ---
854   +++ exited with 0 +++
846   --- SIGCHLD {si_signo=SIGCHLD, si_code=CLD_EXITED, si_pid=854, si_uid=42, si_status=0, si_utime=0, si_stime=1 /* 0.01 s */} ---
846   clone(child_stack=NULL, flags=CLONE_CHILD_CLEARTID|CLONE_CHILD_SETTID|SIGCHLD, child_tidptr=0x75ad920c1a10) = 856
856   +++ exited with 0 +++
846   --- SIGCHLD {si_signo=SIGCHLD, si_code=CLD_EXITED, si_pid=856, si_uid=42, si_status=0, si_utime=0, si_stime=0} ---
846   clone(child_stack=NULL, flags=CLONE_CHILD_CLEARTID|CLONE_CHILD_SETTID|SIGCHLD, child_tidptr=0x75ad920c1a10) = 857
857   execve("/usr/bin/apt-config", ["apt-config", "shell", "GPGV", "Apt::Key::gpgvcommand"], ["USER=_apt", "APT_KEY_DONT_WARN_ON_DANGEROUS_USAGE=1", "HOSTNAME=8f857aee2402", "SHLVL=1", "OLDPWD=/", "HOME=/nonexistent", "APT_CONFIG=/tmp/apt.conf.gAbJXx", "APT_KEY_NO_LEGACY_KEYRING=1", "MAKEFLAGS=", "LOGNAME=_apt", "_=/usr/bin/pvs-studio-analyzer", "TERM=xterm", "USERNAME=_apt", "PATH=/usr/local/sbin:/usr/local/bin:/usr/sbin:/usr/bin:/sbin:/bin", "MAKELEVEL=1", "LANG=", "LC_MESSAGES=", "SHELL=/bin/sh", "IFS=\n\10", "PWD=/root", "LC_ALL=", "MFLAGS="]) = 0
857   clone(child_stack=NULL, flags=CLONE_CHILD_CLEARTID|CLONE_CHILD_SETTID|SIGCHLD, child_tidptr=0x7f7b9d2fdb10) = 858
858   execve("/usr/bin/dpkg", ["/usr/bin/dpkg", "--print-foreign-architectures"], ["USER=_apt", "APT_KEY_DONT_WARN_ON_DANGEROUS_USAGE=1", "HOSTNAME=8f857aee2402", "SHLVL=1", "OLDPWD=/", "HOME=/nonexistent", "APT_CONFIG=/tmp/apt.conf.gAbJXx", "APT_KEY_NO_LEGACY_KEYRING=1", "MAKEFLAGS=", "LOGNAME=_apt", "_=/usr/bin/pvs-studio-analyzer", "TERM=xterm", "USERNAME=_apt", "PATH=/usr/sbin:/usr/bin:/sbin:/bin", "MAKELEVEL=1", "LANG=", "LC_MESSAGES=", "SHELL=/bin/sh", "IFS=\n\10", "PWD=/root", "LC_ALL=", "MFLAGS="]) = 0
858   +++ exited with 0 +++
857   --- SIGCHLD {si_signo=SIGCHLD, si_code=CLD_EXITED, si_pid=858, si_uid=42, si_status=0, si_utime=0, si_stime=0} ---
857   +++ exited with 0 +++
846   --- SIGCHLD {si_signo=SIGCHLD, si_code=CLD_EXITED, si_pid=857, si_uid=42, si_status=0, si_utime=0, si_stime=1 /* 0.01 s */} ---
846   clone(child_stack=NULL, flags=CLONE_CHILD_CLEARTID|CLONE_CHILD_SETTID|SIGCHLD, child_tidptr=0x75ad920c1a10) = 859
859   execve("/usr/bin/mktemp", ["mktemp", "--directory", "--tmpdir", "apt-key-gpghome.XXXXXXXXXX"], ["USER=_apt", "APT_KEY_DONT_WARN_ON_DANGEROUS_USAGE=1", "HOSTNAME=8f857aee2402", "SHLVL=1", "OLDPWD=/", "HOME=/nonexistent", "APT_CONFIG=/tmp/apt.conf.gAbJXx", "APT_KEY_NO_LEGACY_KEYRING=1", "MAKEFLAGS=", "LOGNAME=_apt", "_=/usr/bin/pvs-studio-analyzer", "TERM=xterm", "USERNAME=_apt", "PATH=/usr/local/sbin:/usr/local/bin:/usr/sbin:/usr/bin:/sbin:/bin", "MAKELEVEL=1", "LANG=", "LC_MESSAGES=", "SHELL=/bin/sh", "IFS=\n\10", "PWD=/root", "LC_ALL=", "MFLAGS="]) = 0
859   +++ exited with 0 +++
846   --- SIGCHLD {si_signo=SIGCHLD, si_code=CLD_EXITED, si_pid=859, si_uid=42, si_status=0, si_utime=0, si_stime=0} ---
846   vfork( <unfinished ...>
860   execve("/usr/bin/chmod", ["chmod", "700", "/tmp/apt-key-gpghome.jbG6pkUult"], ["USER=_apt", "APT_KEY_DONT_WARN_ON_DANGEROUS_USAGE=1", "HOSTNAME=8f857aee2402", "SHLVL=1", "OLDPWD=/", "HOME=/nonexistent", "APT_CONFIG=/tmp/apt.conf.gAbJXx", "APT_KEY_NO_LEGACY_KEYRING=1", "MAKEFLAGS=", "LOGNAME=_apt", "_=/usr/bin/pvs-studio-analyzer", "TERM=xterm", "USERNAME=_apt", "PATH=/usr/local/sbin:/usr/local/bin:/usr/sbin:/usr/bin:/sbin:/bin", "MAKELEVEL=1", "LANG=", "LC_MESSAGES=", "SHELL=/bin/sh", "IFS=\n\10", "PWD=/root", "LC_ALL=", "MFLAGS="] <unfinished ...>
846   <... vfork resumed>)              = 860
860   <... execve resumed>)             = 0
860   +++ exited with 0 +++
846   --- SIGCHLD {si_signo=SIGCHLD, si_code=CLD_EXITED, si_pid=860, si_uid=42, si_status=0, si_utime=0, si_stime=0} ---
846   clone(child_stack=NULL, flags=CLONE_CHILD_CLEARTID|CLONE_CHILD_SETTID|SIGCHLD, child_tidptr=0x75ad920c1a10) = 861
861   +++ exited with 0 +++
846   --- SIGCHLD {si_signo=SIGCHLD, si_code=CLD_EXITED, si_pid=861, si_uid=42, si_status=0, si_utime=0, si_stime=0} ---
846   clone(child_stack=NULL, flags=CLONE_CHILD_CLEARTID|CLONE_CHILD_SETTID|SIGCHLD, child_tidptr=0x75ad920c1a10) = 862
862   clone(child_stack=NULL, flags=CLONE_CHILD_CLEARTID|CLONE_CHILD_SETTID|SIGCHLD, child_tidptr=0x75ad920c1a10) = 863
863   +++ exited with 0 +++
862   clone(child_stack=NULL, flags=CLONE_CHILD_CLEARTID|CLONE_CHILD_SETTID|SIGCHLD, child_tidptr=0x75ad920c1a10) = ? ERESTARTNOINTR (To be restarted)
862   --- SIGCHLD {si_signo=SIGCHLD, si_code=CLD_EXITED, si_pid=863, si_uid=42, si_status=0, si_utime=0, si_stime=0} ---
862   clone(child_stack=NULL, flags=CLONE_CHILD_CLEARTID|CLONE_CHILD_SETTID|SIGCHLD, child_tidptr=0x75ad920c1a10) = 864
864   execve("/usr/bin/sed", ["sed", "-e", "s#'#'\"'\"'#g"], ["USER=_apt", "APT_KEY_DONT_WARN_ON_DANGEROUS_USAGE=1", "HOSTNAME=8f857aee2402", "SHLVL=1", "OLDPWD=/", "HOME=/nonexistent", "APT_CONFIG=/tmp/apt.conf.gAbJXx", "APT_KEY_NO_LEGACY_KEYRING=1", "MAKEFLAGS=", "LOGNAME=_apt", "_=/usr/bin/pvs-studio-analyzer", "TERM=xterm", "USERNAME=_apt", "PATH=/usr/local/sbin:/usr/local/bin:/usr/sbin:/usr/bin:/sbin:/bin", "MAKELEVEL=1", "LANG=", "LC_MESSAGES=", "SHELL=/bin/sh", "IFS=\n\10", "PWD=/root", "LC_ALL=", "MFLAGS="]) = 0
864   +++ exited with 0 +++
862   --- SIGCHLD {si_signo=SIGCHLD, si_code=CLD_EXITED, si_pid=864, si_uid=42, si_status=0, si_utime=0, si_stime=0} ---
862   +++ exited with 0 +++
846   --- SIGCHLD {si_signo=SIGCHLD, si_code=CLD_EXITED, si_pid=862, si_uid=42, si_status=0, si_utime=0, si_stime=0} ---
846   clone(child_stack=NULL, flags=CLONE_CHILD_CLEARTID|CLONE_CHILD_SETTID|SIGCHLD, child_tidptr=0x75ad920c1a10) = 865
865   clone(child_stack=NULL, flags=CLONE_CHILD_CLEARTID|CLONE_CHILD_SETTID|SIGCHLD, child_tidptr=0x75ad920c1a10) = 866
865   clone(child_stack=NULL, flags=CLONE_CHILD_CLEARTID|CLONE_CHILD_SETTID|SIGCHLD <unfinished ...>
866   +++ exited with 0 +++
865   <... clone resumed>, child_tidptr=0x75ad920c1a10) = 867
865   --- SIGCHLD {si_signo=SIGCHLD, si_code=CLD_EXITED, si_pid=866, si_uid=42, si_status=0, si_utime=0, si_stime=0} ---
867   execve("/usr/bin/sed", ["sed", "-e", "s#'#'\"'\"'#g"], ["USER=_apt", "APT_KEY_DONT_WARN_ON_DANGEROUS_USAGE=1", "HOSTNAME=8f857aee2402", "SHLVL=1", "OLDPWD=/", "HOME=/nonexistent", "APT_CONFIG=/tmp/apt.conf.gAbJXx", "APT_KEY_NO_LEGACY_KEYRING=1", "MAKEFLAGS=", "LOGNAME=_apt", "_=/usr/bin/pvs-studio-analyzer", "TERM=xterm", "USERNAME=_apt", "PATH=/usr/local/sbin:/usr/local/bin:/usr/sbin:/usr/bin:/sbin:/bin", "MAKELEVEL=1", "LANG=", "LC_MESSAGES=", "SHELL=/bin/sh", "IFS=\n\10", "PWD=/root", "LC_ALL=", "MFLAGS="]) = 0
867   +++ exited with 0 +++
865   --- SIGCHLD {si_signo=SIGCHLD, si_code=CLD_EXITED, si_pid=867, si_uid=42, si_status=0, si_utime=0, si_stime=0} ---
865   +++ exited with 0 +++
846   --- SIGCHLD {si_signo=SIGCHLD, si_code=CLD_EXITED, si_pid=865, si_uid=42, si_status=0, si_utime=0, si_stime=0} ---
846   clone(child_stack=NULL, flags=CLONE_CHILD_CLEARTID|CLONE_CHILD_SETTID|SIGCHLD, child_tidptr=0x75ad920c1a10) = 868
868   +++ exited with 0 +++
846   --- SIGCHLD {si_signo=SIGCHLD, si_code=CLD_EXITED, si_pid=868, si_uid=42, si_status=0, si_utime=0, si_stime=0} ---
846   vfork( <unfinished ...>
869   execve("/usr/bin/gpgv", ["gpgv", "--homedir", "/tmp/apt-key-gpghome.jbG6pkUult", "--keyring", "/usr/share/keyrings/debian-archive-keyring.gpg", "--ignore-time-conflict", "--status-fd", "3", "/tmp/apt.sig.mSC9m8", "/tmp/apt.data.8Y17S5"], ["USER=_apt", "APT_KEY_DONT_WARN_ON_DANGEROUS_USAGE=1", "HOSTNAME=8f857aee2402", "SHLVL=1", "OLDPWD=/", "HOME=/nonexistent", "APT_CONFIG=/tmp/apt.conf.gAbJXx", "APT_KEY_NO_LEGACY_KEYRING=1", "MAKEFLAGS=", "LOGNAME=_apt", "_=/usr/bin/pvs-studio-analyzer", "TERM=xterm", "USERNAME=_apt", "PATH=/usr/local/sbin:/usr/local/bin:/usr/sbin:/usr/bin:/sbin:/bin", "MAKELEVEL=1", "LANG=", "LC_MESSAGES=", "SHELL=/bin/sh", "IFS=\n\10", "PWD=/root", "LC_ALL=", "MFLAGS="] <unfinished ...>
846   <... vfork resumed>)              = 869
869   <... execve resumed>)             = 0
869   +++ exited with 2 +++
846   --- SIGCHLD {si_signo=SIGCHLD, si_code=CLD_EXITED, si_pid=869, si_uid=42, si_status=2, si_utime=1 /* 0.01 s */, si_stime=1 /* 0.01 s */} ---
846   vfork( <unfinished ...>
870   execve("/usr/bin/rm", ["rm", "-rf", "/tmp/apt-key-gpghome.jbG6pkUult"], ["USER=_apt", "APT_KEY_DONT_WARN_ON_DANGEROUS_USAGE=1", "HOSTNAME=8f857aee2402", "SHLVL=1", "OLDPWD=/", "HOME=/nonexistent", "APT_CONFIG=/tmp/apt.conf.gAbJXx", "APT_KEY_NO_LEGACY_KEYRING=1", "MAKEFLAGS=", "LOGNAME=_apt", "_=/usr/bin/pvs-studio-analyzer", "TERM=xterm", "USERNAME=_apt", "PATH=/usr/local/sbin:/usr/local/bin:/usr/sbin:/usr/bin:/sbin:/bin", "MAKELEVEL=1", "LANG=", "LC_MESSAGES=", "SHELL=/bin/sh", "IFS=\n\10", "PWD=/root", "LC_ALL=", "MFLAGS="] <unfinished ...>
846   <... vfork resumed>)              = 870
870   <... execve resumed>)             = 0
870   +++ exited with 0 +++
846   --- SIGCHLD {si_signo=SIGCHLD, si_code=CLD_EXITED, si_pid=870, si_uid=42, si_status=0, si_utime=0, si_stime=0} ---
846   +++ exited with 2 +++
845   --- SIGCHLD {si_signo=SIGCHLD, si_code=CLD_EXITED, si_pid=846, si_uid=42, si_status=2, si_utime=0, si_stime=1 /* 0.01 s */} ---
845   +++ exited with 2 +++
844   --- SIGCHLD {si_signo=SIGCHLD, si_code=CLD_EXITED, si_pid=845, si_uid=42, si_status=2, si_utime=0, si_stime=12 /* 0.12 s */} ---
844   clone(child_stack=NULL, flags=CLONE_CHILD_CLEARTID|CLONE_CHILD_SETTID|SIGCHLD, child_tidptr=0x725fd8af3b10) = 871
871   clone(child_stack=NULL, flags=CLONE_CHILD_CLEARTID|CLONE_CHILD_SETTID|SIGCHLD, child_tidptr=0x725fd8af3b10) = 872
872   execve("/usr/bin/apt-key", ["/usr/bin/apt-key", "--quiet", "--readonly", "--keyring", "/usr/share/keyrings/debian-archive-keyring.gpg", "verify", "--status-fd", "3", "/tmp/apt.sig.p9cPgZ", "/tmp/apt.data.CGj7Fj"], ["HOSTNAME=8f857aee2402", "SHLVL=1", "OLDPWD=/", "HOME=/nonexistent", "MAKEFLAGS=", "_=/usr/bin/pvs-studio-analyzer", "TERM=xterm", "PATH=/usr/local/sbin:/usr/local/bin:/usr/sbin:/usr/bin:/sbin:/bin", "MAKELEVEL=1", "PWD=/root", "MFLAGS=", "USER=_apt", "USERNAME=_apt", "LOGNAME=_apt", "SHELL=/bin/sh", "APT_KEY_NO_LEGACY_KEYRING=1", "APT_CONFIG=/tmp/apt.conf.EzYuDP", "APT_KEY_DONT_WARN_ON_DANGEROUS_USAGE=1", "LANG=", "LC_ALL=", "LC_MESSAGES="]) = 0
872   clone(child_stack=NULL, flags=CLONE_CHILD_CLEARTID|CLONE_CHILD_SETTID|SIGCHLD, child_tidptr=0x7e1d697c4a10) = 873
873   +++ exited with 0 +++
872   --- SIGCHLD {si_signo=SIGCHLD, si_code=CLD_EXITED, si_pid=873, si_uid=42, si_status=0, si_utime=0, si_stime=0} ---
872   clone(child_stack=NULL, flags=CLONE_CHILD_CLEARTID|CLONE_CHILD_SETTID|SIGCHLD, child_tidptr=0x7e1d697c4a10) = 874
874   execve("/usr/bin/apt-config", ["apt-config", "shell", "MASTER_KEYRING", "APT::Key::MasterKeyring"], ["USER=_apt", "APT_KEY_DONT_WARN_ON_DANGEROUS_USAGE=1", "HOSTNAME=8f857aee2402", "SHLVL=1", "OLDPWD=/", "HOME=/nonexistent", "APT_CONFIG=/tmp/apt.conf.EzYuDP", "APT_KEY_NO_LEGACY_KEYRING=1", "MAKEFLAGS=", "LOGNAME=_apt", "_=/usr/bin/pvs-studio-analyzer", "TERM=xterm", "USERNAME=_apt", "PATH=/usr/local/sbin:/usr/local/bin:/usr/sbin:/usr/bin:/sbin:/bin", "MAKELEVEL=1", "LANG=", "LC_MESSAGES=", "SHELL=/bin/sh", "IFS=\n\10", "PWD=/root", "LC_ALL=", "MFLAGS="]) = 0
874   clone(child_stack=NULL, flags=CLONE_CHILD_CLEARTID|CLONE_CHILD_SETTID|SIGCHLD, child_tidptr=0x7d62c86bdb10) = 875
875   execve("/usr/bin/dpkg", ["/usr/bin/dpkg", "--print-foreign-architectures"], ["USER=_apt", "APT_KEY_DONT_WARN_ON_DANGEROUS_USAGE=1", "HOSTNAME=8f857aee2402", "SHLVL=1", "OLDPWD=/", "HOME=/nonexistent", "APT_CONFIG=/tmp/apt.conf.EzYuDP", "APT_KEY_NO_LEGACY_KEYRING=1", "MAKEFLAGS=", "LOGNAME=_apt", "_=/usr/bin/pvs-studio-analyzer", "TERM=xterm", "USERNAME=_apt", "PATH=/usr/sbin:/usr/bin:/sbin:/bin", "MAKELEVEL=1", "LANG=", "LC_MESSAGES=", "SHELL=/bin/sh", "IFS=\n\10", "PWD=/root", "LC_ALL=", "MFLAGS="]) = 0
875   +++ exited with 0 +++
874   --- SIGCHLD {si_signo=SIGCHLD, si_code=CLD_EXITED, si_pid=875, si_uid=42, si_status=0, si_utime=0, si_stime=0} ---
874   +++ exited with 0 +++
872   --- SIGCHLD {si_signo=SIGCHLD, si_code=CLD_EXITED, si_pid=874, si_uid=42, si_status=0, si_utime=0, si_stime=0} ---
872   clone(child_stack=NULL, flags=CLONE_CHILD_CLEARTID|CLONE_CHILD_SETTID|SIGCHLD, child_tidptr=0x7e1d697c4a10) = 876
876   execve("/usr/bin/apt-config", ["apt-config", "shell", "ARCHIVE_KEYRING", "APT::Key::ArchiveKeyring"], ["USER=_apt", "APT_KEY_DONT_WARN_ON_DANGEROUS_USAGE=1", "HOSTNAME=8f857aee2402", "SHLVL=1", "OLDPWD=/", "HOME=/nonexistent", "APT_CONFIG=/tmp/apt.conf.EzYuDP", "APT_KEY_NO_LEGACY_KEYRING=1", "MAKEFLAGS=", "LOGNAME=_apt", "_=/usr/bin/pvs-studio-analyzer", "TERM=xterm", "USERNAME=_apt", "PATH=/usr/local/sbin:/usr/local/bin:/usr/sbin:/usr/bin:/sbin:/bin", "MAKELEVEL=1", "LANG=", "LC_MESSAGES=", "SHELL=/bin/sh", "IFS=\n\10", "PWD=/root", "LC_ALL=", "MFLAGS="]) = 0
876   clone(child_stack=NULL, flags=CLONE_CHILD_CLEARTID|CLONE_CHILD_SETTID|SIGCHLD, child_tidptr=0x72c1ef5d9b10) = 877
877   execve("/usr/bin/dpkg", ["/usr/bin/dpkg", "--print-foreign-architectures"], ["USER=_apt", "APT_KEY_DONT_WARN_ON_DANGEROUS_USAGE=1", "HOSTNAME=8f857aee2402", "SHLVL=1", "OLDPWD=/", "HOME=/nonexistent", "APT_CONFIG=/tmp/apt.conf.EzYuDP", "APT_KEY_NO_LEGACY_KEYRING=1", "MAKEFLAGS=", "LOGNAME=_apt", "_=/usr/bin/pvs-studio-analyzer", "TERM=xterm", "USERNAME=_apt", "PATH=/usr/sbin:/usr/bin:/sbin:/bin", "MAKELEVEL=1", "LANG=", "LC_MESSAGES=", "SHELL=/bin/sh", "IFS=\n\10", "PWD=/root", "LC_ALL=", "MFLAGS="]) = 0
877   +++ exited with 0 +++
876   --- SIGCHLD {si_signo=SIGCHLD, si_code=CLD_EXITED, si_pid=877, si_uid=42, si_status=0, si_utime=0, si_stime=0} ---
876   +++ exited with 0 +++
872   --- SIGCHLD {si_signo=SIGCHLD, si_code=CLD_EXITED, si_pid=876, si_uid=42, si_status=0, si_utime=0, si_stime=0} ---
872   clone(child_stack=NULL, flags=CLONE_CHILD_CLEARTID|CLONE_CHILD_SETTID|SIGCHLD, child_tidptr=0x7e1d697c4a10) = 878
878   execve("/usr/bin/apt-config", ["apt-config", "shell", "REMOVED_KEYS", "APT::Key::RemovedKeys"], ["USER=_apt", "APT_KEY_DONT_WARN_ON_DANGEROUS_USAGE=1", "HOSTNAME=8f857aee2402", "SHLVL=1", "OLDPWD=/", "HOME=/nonexistent", "APT_CONFIG=/tmp/apt.conf.EzYuDP", "APT_KEY_NO_LEGACY_KEYRING=1", "MAKEFLAGS=", "LOGNAME=_apt", "_=/usr/bin/pvs-studio-analyzer", "TERM=xterm", "USERNAME=_apt", "PATH=/usr/local/sbin:/usr/local/bin:/usr/sbin:/usr/bin:/sbin:/bin", "MAKELEVEL=1", "LANG=", "LC_MESSAGES=", "SHELL=/bin/sh", "IFS=\n\10", "PWD=/root", "LC_ALL=", "MFLAGS="]) = 0
878   clone(child_stack=NULL, flags=CLONE_CHILD_CLEARTID|CLONE_CHILD_SETTID|SIGCHLD, child_tidptr=0x761c86129b10) = 879
879   execve("/usr/bin/dpkg", ["/usr/bin/dpkg", "--print-foreign-architectures"], ["USER=_apt", "APT_KEY_DONT_WARN_ON_DANGEROUS_USAGE=1", "HOSTNAME=8f857aee2402", "SHLVL=1", "OLDPWD=/", "HOME=/nonexistent", "APT_CONFIG=/tmp/apt.conf.EzYuDP", "APT_KEY_NO_LEGACY_KEYRING=1", "MAKEFLAGS=", "LOGNAME=_apt", "_=/usr/bin/pvs-studio-analyzer", "TERM=xterm", "USERNAME=_apt", "PATH=/usr/sbin:/usr/bin:/sbin:/bin", "MAKELEVEL=1", "LANG=", "LC_MESSAGES=", "SHELL=/bin/sh", "IFS=\n\10", "PWD=/root", "LC_ALL=", "MFLAGS="]) = 0
879   +++ exited with 0 +++
878   --- SIGCHLD {si_signo=SIGCHLD, si_code=CLD_EXITED, si_pid=879, si_uid=42, si_status=0, si_utime=0, si_stime=0} ---
878   +++ exited with 0 +++
872   --- SIGCHLD {si_signo=SIGCHLD, si_code=CLD_EXITED, si_pid=878, si_uid=42, si_status=0, si_utime=0, si_stime=0} ---
872   clone(child_stack=NULL, flags=CLONE_CHILD_CLEARTID|CLONE_CHILD_SETTID|SIGCHLD, child_tidptr=0x7e1d697c4a10) = 880
880   execve("/usr/bin/apt-config", ["apt-config", "shell", "ARCHIVE_KEYRING_URI", "APT::Key::ArchiveKeyringURI"], ["USER=_apt", "APT_KEY_DONT_WARN_ON_DANGEROUS_USAGE=1", "HOSTNAME=8f857aee2402", "SHLVL=1", "OLDPWD=/", "HOME=/nonexistent", "APT_CONFIG=/tmp/apt.conf.EzYuDP", "APT_KEY_NO_LEGACY_KEYRING=1", "MAKEFLAGS=", "LOGNAME=_apt", "_=/usr/bin/pvs-studio-analyzer", "TERM=xterm", "USERNAME=_apt", "PATH=/usr/local/sbin:/usr/local/bin:/usr/sbin:/usr/bin:/sbin:/bin", "MAKELEVEL=1", "LANG=", "LC_MESSAGES=", "SHELL=/bin/sh", "IFS=\n\10", "PWD=/root", "LC_ALL=", "MFLAGS="]) = 0
880   clone(child_stack=NULL, flags=CLONE_CHILD_CLEARTID|CLONE_CHILD_SETTID|SIGCHLD, child_tidptr=0x7773da9f5b10) = 881
881   execve("/usr/bin/dpkg", ["/usr/bin/dpkg", "--print-foreign-architectures"], ["USER=_apt", "APT_KEY_DONT_WARN_ON_DANGEROUS_USAGE=1", "HOSTNAME=8f857aee2402", "SHLVL=1", "OLDPWD=/", "HOME=/nonexistent", "APT_CONFIG=/tmp/apt.conf.EzYuDP", "APT_KEY_NO_LEGACY_KEYRING=1", "MAKEFLAGS=", "LOGNAME=_apt", "_=/usr/bin/pvs-studio-analyzer", "TERM=xterm", "USERNAME=_apt", "PATH=/usr/sbin:/usr/bin:/sbin:/bin", "MAKELEVEL=1", "LANG=", "LC_MESSAGES=", "SHELL=/bin/sh", "IFS=\n\10", "PWD=/root", "LC_ALL=", "MFLAGS="]) = 0
881   +++ exited with 0 +++
880   --- SIGCHLD {si_signo=SIGCHLD, si_code=CLD_EXITED, si_pid=881, si_uid=42, si_status=0, si_utime=0, si_stime=0} ---
880   +++ exited with 0 +++
872   --- SIGCHLD {si_signo=SIGCHLD, si_code=CLD_EXITED, si_pid=880, si_uid=42, si_status=0, si_utime=0, si_stime=0} ---
872   clone(child_stack=NULL, flags=CLONE_CHILD_CLEARTID|CLONE_CHILD_SETTID|SIGCHLD, child_tidptr=0x7e1d697c4a10) = 882
882   +++ exited with 0 +++
872   --- SIGCHLD {si_signo=SIGCHLD, si_code=CLD_EXITED, si_pid=882, si_uid=42, si_status=0, si_utime=0, si_stime=0} ---
872   clone(child_stack=NULL, flags=CLONE_CHILD_CLEARTID|CLONE_CHILD_SETTID|SIGCHLD, child_tidptr=0x7e1d697c4a10) = 883
883   execve("/usr/bin/apt-config", ["apt-config", "shell", "GPGV", "Apt::Key::gpgvcommand"], ["USER=_apt", "APT_KEY_DONT_WARN_ON_DANGEROUS_USAGE=1", "HOSTNAME=8f857aee2402", "SHLVL=1", "OLDPWD=/", "HOME=/nonexistent", "APT_CONFIG=/tmp/apt.conf.EzYuDP", "APT_KEY_NO_LEGACY_KEYRING=1", "MAKEFLAGS=", "LOGNAME=_apt", "_=/usr/bin/pvs-studio-analyzer", "TERM=xterm", "USERNAME=_apt", "PATH=/usr/local/sbin:/usr/local/bin:/usr/sbin:/usr/bin:/sbin:/bin", "MAKELEVEL=1", "LANG=", "LC_MESSAGES=", "SHELL=/bin/sh", "IFS=\n\10", "PWD=/root", "LC_ALL=", "MFLAGS="]) = 0
883   clone(child_stack=NULL, flags=CLONE_CHILD_CLEARTID|CLONE_CHILD_SETTID|SIGCHLD, child_tidptr=0x7fee543d3b10) = 884
884   execve("/usr/bin/dpkg", ["/usr/bin/dpkg", "--print-foreign-architectures"], ["USER=_apt", "APT_KEY_DONT_WARN_ON_DANGEROUS_USAGE=1", "HOSTNAME=8f857aee2402", "SHLVL=1", "OLDPWD=/", "HOME=/nonexistent", "APT_CONFIG=/tmp/apt.conf.EzYuDP", "APT_KEY_NO_LEGACY_KEYRING=1", "MAKEFLAGS=", "LOGNAME=_apt", "_=/usr/bin/pvs-studio-analyzer", "TERM=xterm", "USERNAME=_apt", "PATH=/usr/sbin:/usr/bin:/sbin:/bin", "MAKELEVEL=1", "LANG=", "LC_MESSAGES=", "SHELL=/bin/sh", "IFS=\n\10", "PWD=/root", "LC_ALL=", "MFLAGS="]) = 0
884   +++ exited with 0 +++
883   --- SIGCHLD {si_signo=SIGCHLD, si_code=CLD_EXITED, si_pid=884, si_uid=42, si_status=0, si_utime=0, si_stime=0} ---
883   +++ exited with 0 +++
872   --- SIGCHLD {si_signo=SIGCHLD, si_code=CLD_EXITED, si_pid=883, si_uid=42, si_status=0, si_utime=0, si_stime=2 /* 0.02 s */} ---
872   clone(child_stack=NULL, flags=CLONE_CHILD_CLEARTID|CLONE_CHILD_SETTID|SIGCHLD, child_tidptr=0x7e1d697c4a10) = 885
885   execve("/usr/bin/mktemp", ["mktemp", "--directory", "--tmpdir", "apt-key-gpghome.XXXXXXXXXX"], ["USER=_apt", "APT_KEY_DONT_WARN_ON_DANGEROUS_USAGE=1", "HOSTNAME=8f857aee2402", "SHLVL=1", "OLDPWD=/", "HOME=/nonexistent", "APT_CONFIG=/tmp/apt.conf.EzYuDP", "APT_KEY_NO_LEGACY_KEYRING=1", "MAKEFLAGS=", "LOGNAME=_apt", "_=/usr/bin/pvs-studio-analyzer", "TERM=xterm", "USERNAME=_apt", "PATH=/usr/local/sbin:/usr/local/bin:/usr/sbin:/usr/bin:/sbin:/bin", "MAKELEVEL=1", "LANG=", "LC_MESSAGES=", "SHELL=/bin/sh", "IFS=\n\10", "PWD=/root", "LC_ALL=", "MFLAGS="]) = 0
885   +++ exited with 0 +++
872   --- SIGCHLD {si_signo=SIGCHLD, si_code=CLD_EXITED, si_pid=885, si_uid=42, si_status=0, si_utime=0, si_stime=0} ---
872   vfork( <unfinished ...>
886   execve("/usr/bin/chmod", ["chmod", "700", "/tmp/apt-key-gpghome.Y8tdi0Ha63"], ["USER=_apt", "APT_KEY_DONT_WARN_ON_DANGEROUS_USAGE=1", "HOSTNAME=8f857aee2402", "SHLVL=1", "OLDPWD=/", "HOME=/nonexistent", "APT_CONFIG=/tmp/apt.conf.EzYuDP", "APT_KEY_NO_LEGACY_KEYRING=1", "MAKEFLAGS=", "LOGNAME=_apt", "_=/usr/bin/pvs-studio-analyzer", "TERM=xterm", "USERNAME=_apt", "PATH=/usr/local/sbin:/usr/local/bin:/usr/sbin:/usr/bin:/sbin:/bin", "MAKELEVEL=1", "LANG=", "LC_MESSAGES=", "SHELL=/bin/sh", "IFS=\n\10", "PWD=/root", "LC_ALL=", "MFLAGS="] <unfinished ...>
872   <... vfork resumed>)              = 886
886   <... execve resumed>)             = 0
886   +++ exited with 0 +++
872   --- SIGCHLD {si_signo=SIGCHLD, si_code=CLD_EXITED, si_pid=886, si_uid=42, si_status=0, si_utime=0, si_stime=0} ---
872   clone(child_stack=NULL, flags=CLONE_CHILD_CLEARTID|CLONE_CHILD_SETTID|SIGCHLD, child_tidptr=0x7e1d697c4a10) = 887
887   +++ exited with 0 +++
872   --- SIGCHLD {si_signo=SIGCHLD, si_code=CLD_EXITED, si_pid=887, si_uid=42, si_status=0, si_utime=0, si_stime=0} ---
872   clone(child_stack=NULL, flags=CLONE_CHILD_CLEARTID|CLONE_CHILD_SETTID|SIGCHLD, child_tidptr=0x7e1d697c4a10) = 888
888   clone(child_stack=NULL, flags=CLONE_CHILD_CLEARTID|CLONE_CHILD_SETTID|SIGCHLD, child_tidptr=0x7e1d697c4a10) = 889
889   +++ exited with 0 +++
888   clone(child_stack=NULL, flags=CLONE_CHILD_CLEARTID|CLONE_CHILD_SETTID|SIGCHLD, child_tidptr=0x7e1d697c4a10) = ? ERESTARTNOINTR (To be restarted)
888   --- SIGCHLD {si_signo=SIGCHLD, si_code=CLD_EXITED, si_pid=889, si_uid=42, si_status=0, si_utime=0, si_stime=0} ---
888   clone(child_stack=NULL, flags=CLONE_CHILD_CLEARTID|CLONE_CHILD_SETTID|SIGCHLD, child_tidptr=0x7e1d697c4a10) = 890
890   execve("/usr/bin/sed", ["sed", "-e", "s#'#'\"'\"'#g"], ["USER=_apt", "APT_KEY_DONT_WARN_ON_DANGEROUS_USAGE=1", "HOSTNAME=8f857aee2402", "SHLVL=1", "OLDPWD=/", "HOME=/nonexistent", "APT_CONFIG=/tmp/apt.conf.EzYuDP", "APT_KEY_NO_LEGACY_KEYRING=1", "MAKEFLAGS=", "LOGNAME=_apt", "_=/usr/bin/pvs-studio-analyzer", "TERM=xterm", "USERNAME=_apt", "PATH=/usr/local/sbin:/usr/local/bin:/usr/sbin:/usr/bin:/sbin:/bin", "MAKELEVEL=1", "LANG=", "LC_MESSAGES=", "SHELL=/bin/sh", "IFS=\n\10", "PWD=/root", "LC_ALL=", "MFLAGS="]) = 0
890   +++ exited with 0 +++
888   --- SIGCHLD {si_signo=SIGCHLD, si_code=CLD_EXITED, si_pid=890, si_uid=42, si_status=0, si_utime=0, si_stime=0} ---
888   +++ exited with 0 +++
872   --- SIGCHLD {si_signo=SIGCHLD, si_code=CLD_EXITED, si_pid=888, si_uid=42, si_status=0, si_utime=0, si_stime=0} ---
872   clone(child_stack=NULL, flags=CLONE_CHILD_CLEARTID|CLONE_CHILD_SETTID|SIGCHLD, child_tidptr=0x7e1d697c4a10) = 891
891   clone(child_stack=NULL, flags=CLONE_CHILD_CLEARTID|CLONE_CHILD_SETTID|SIGCHLD, child_tidptr=0x7e1d697c4a10) = 892
891   clone(child_stack=NULL, flags=CLONE_CHILD_CLEARTID|CLONE_CHILD_SETTID|SIGCHLD <unfinished ...>
892   +++ exited with 0 +++
891   <... clone resumed>, child_tidptr=0x7e1d697c4a10) = 893
891   --- SIGCHLD {si_signo=SIGCHLD, si_code=CLD_EXITED, si_pid=892, si_uid=42, si_status=0, si_utime=0, si_stime=0} ---
893   execve("/usr/bin/sed", ["sed", "-e", "s#'#'\"'\"'#g"], ["USER=_apt", "APT_KEY_DONT_WARN_ON_DANGEROUS_USAGE=1", "HOSTNAME=8f857aee2402", "SHLVL=1", "OLDPWD=/", "HOME=/nonexistent", "APT_CONFIG=/tmp/apt.conf.EzYuDP", "APT_KEY_NO_LEGACY_KEYRING=1", "MAKEFLAGS=", "LOGNAME=_apt", "_=/usr/bin/pvs-studio-analyzer", "TERM=xterm", "USERNAME=_apt", "PATH=/usr/local/sbin:/usr/local/bin:/usr/sbin:/usr/bin:/sbin:/bin", "MAKELEVEL=1", "LANG=", "LC_MESSAGES=", "SHELL=/bin/sh", "IFS=\n\10", "PWD=/root", "LC_ALL=", "MFLAGS="]) = 0
893   +++ exited with 0 +++
891   --- SIGCHLD {si_signo=SIGCHLD, si_code=CLD_EXITED, si_pid=893, si_uid=42, si_status=0, si_utime=0, si_stime=0} ---
891   +++ exited with 0 +++
872   --- SIGCHLD {si_signo=SIGCHLD, si_code=CLD_EXITED, si_pid=891, si_uid=42, si_status=0, si_utime=0, si_stime=0} ---
872   clone(child_stack=NULL, flags=CLONE_CHILD_CLEARTID|CLONE_CHILD_SETTID|SIGCHLD, child_tidptr=0x7e1d697c4a10) = 894
894   +++ exited with 0 +++
872   --- SIGCHLD {si_signo=SIGCHLD, si_code=CLD_EXITED, si_pid=894, si_uid=42, si_status=0, si_utime=0, si_stime=0} ---
872   vfork( <unfinished ...>
895   execve("/usr/bin/gpgv", ["gpgv", "--homedir", "/tmp/apt-key-gpghome.Y8tdi0Ha63", "--keyring", "/usr/share/keyrings/debian-archive-keyring.gpg", "--ignore-time-conflict", "--status-fd", "3", "/tmp/apt.sig.p9cPgZ", "/tmp/apt.data.CGj7Fj"], ["USER=_apt", "APT_KEY_DONT_WARN_ON_DANGEROUS_USAGE=1", "HOSTNAME=8f857aee2402", "SHLVL=1", "OLDPWD=/", "HOME=/nonexistent", "APT_CONFIG=/tmp/apt.conf.EzYuDP", "APT_KEY_NO_LEGACY_KEYRING=1", "MAKEFLAGS=", "LOGNAME=_apt", "_=/usr/bin/pvs-studio-analyzer", "TERM=xterm", "USERNAME=_apt", "PATH=/usr/local/sbin:/usr/local/bin:/usr/sbin:/usr/bin:/sbin:/bin", "MAKELEVEL=1", "LANG=", "LC_MESSAGES=", "SHELL=/bin/sh", "IFS=\n\10", "PWD=/root", "LC_ALL=", "MFLAGS="] <unfinished ...>
872   <... vfork resumed>)              = 895
895   <... execve resumed>)             = 0
895   +++ exited with 2 +++
872   --- SIGCHLD {si_signo=SIGCHLD, si_code=CLD_EXITED, si_pid=895, si_uid=42, si_status=2, si_utime=0, si_stime=0} ---
872   vfork( <unfinished ...>
896   execve("/usr/bin/rm", ["rm", "-rf", "/tmp/apt-key-gpghome.Y8tdi0Ha63"], ["USER=_apt", "APT_KEY_DONT_WARN_ON_DANGEROUS_USAGE=1", "HOSTNAME=8f857aee2402", "SHLVL=1", "OLDPWD=/", "HOME=/nonexistent", "APT_CONFIG=/tmp/apt.conf.EzYuDP", "APT_KEY_NO_LEGACY_KEYRING=1", "MAKEFLAGS=", "LOGNAME=_apt", "_=/usr/bin/pvs-studio-analyzer", "TERM=xterm", "USERNAME=_apt", "PATH=/usr/local/sbin:/usr/local/bin:/usr/sbin:/usr/bin:/sbin:/bin", "MAKELEVEL=1", "LANG=", "LC_MESSAGES=", "SHELL=/bin/sh", "IFS=\n\10", "PWD=/root", "LC_ALL=", "MFLAGS="] <unfinished ...>
872   <... vfork resumed>)              = 896
896   <... execve resumed>)             = 0
896   +++ exited with 0 +++
872   --- SIGCHLD {si_signo=SIGCHLD, si_code=CLD_EXITED, si_pid=896, si_uid=42, si_status=0, si_utime=0, si_stime=0} ---
872   +++ exited with 2 +++
871   --- SIGCHLD {si_signo=SIGCHLD, si_code=CLD_EXITED, si_pid=872, si_uid=42, si_status=2, si_utime=0, si_stime=1 /* 0.01 s */} ---
871   +++ exited with 2 +++
844   --- SIGCHLD {si_signo=SIGCHLD, si_code=CLD_EXITED, si_pid=871, si_uid=42, si_status=2, si_utime=0, si_stime=4 /* 0.04 s */} ---
844   clone(child_stack=NULL, flags=CLONE_CHILD_CLEARTID|CLONE_CHILD_SETTID|SIGCHLD, child_tidptr=0x725fd8af3b10) = 897
897   clone(child_stack=NULL, flags=CLONE_CHILD_CLEARTID|CLONE_CHILD_SETTID|SIGCHLD, child_tidptr=0x725fd8af3b10) = 898
898   execve("/usr/bin/apt-key", ["/usr/bin/apt-key", "--quiet", "--readonly", "--keyring", "/usr/share/keyrings/debian-archive-keyring.gpg", "verify", "--status-fd", "3", "/tmp/apt.sig.klaF3Y", "/tmp/apt.data.EqUkyp"], ["HOSTNAME=8f857aee2402", "SHLVL=1", "OLDPWD=/", "HOME=/nonexistent", "MAKEFLAGS=", "_=/usr/bin/pvs-studio-analyzer", "TERM=xterm", "PATH=/usr/local/sbin:/usr/local/bin:/usr/sbin:/usr/bin:/sbin:/bin", "MAKELEVEL=1", "PWD=/root", "MFLAGS=", "USER=_apt", "USERNAME=_apt", "LOGNAME=_apt", "SHELL=/bin/sh", "APT_KEY_NO_LEGACY_KEYRING=1", "APT_CONFIG=/tmp/apt.conf.792r3w", "APT_KEY_DONT_WARN_ON_DANGEROUS_USAGE=1", "LANG=", "LC_ALL=", "LC_MESSAGES="]) = 0
898   clone(child_stack=NULL, flags=CLONE_CHILD_CLEARTID|CLONE_CHILD_SETTID|SIGCHLD, child_tidptr=0x7c49555d6a10) = 899
899   +++ exited with 0 +++
898   --- SIGCHLD {si_signo=SIGCHLD, si_code=CLD_EXITED, si_pid=899, si_uid=42, si_status=0, si_utime=0, si_stime=0} ---
898   clone(child_stack=NULL, flags=CLONE_CHILD_CLEARTID|CLONE_CHILD_SETTID|SIGCHLD, child_tidptr=0x7c49555d6a10) = 900
900   execve("/usr/bin/apt-config", ["apt-config", "shell", "MASTER_KEYRING", "APT::Key::MasterKeyring"], ["USER=_apt", "APT_KEY_DONT_WARN_ON_DANGEROUS_USAGE=1", "HOSTNAME=8f857aee2402", "SHLVL=1", "OLDPWD=/", "HOME=/nonexistent", "APT_CONFIG=/tmp/apt.conf.792r3w", "APT_KEY_NO_LEGACY_KEYRING=1", "MAKEFLAGS=", "LOGNAME=_apt", "_=/usr/bin/pvs-studio-analyzer", "TERM=xterm", "USERNAME=_apt", "PATH=/usr/local/sbin:/usr/local/bin:/usr/sbin:/usr/bin:/sbin:/bin", "MAKELEVEL=1", "LANG=", "LC_MESSAGES=", "SHELL=/bin/sh", "IFS=\n\10", "PWD=/root", "LC_ALL=", "MFLAGS="]) = 0
900   clone(child_stack=NULL, flags=CLONE_CHILD_CLEARTID|CLONE_CHILD_SETTID|SIGCHLD, child_tidptr=0x7ec7f0193b10) = 901
901   execve("/usr/bin/dpkg", ["/usr/bin/dpkg", "--print-foreign-architectures"], ["USER=_apt", "APT_KEY_DONT_WARN_ON_DANGEROUS_USAGE=1", "HOSTNAME=8f857aee2402", "SHLVL=1", "OLDPWD=/", "HOME=/nonexistent", "APT_CONFIG=/tmp/apt.conf.792r3w", "APT_KEY_NO_LEGACY_KEYRING=1", "MAKEFLAGS=", "LOGNAME=_apt", "_=/usr/bin/pvs-studio-analyzer", "TERM=xterm", "USERNAME=_apt", "PATH=/usr/sbin:/usr/bin:/sbin:/bin", "MAKELEVEL=1", "LANG=", "LC_MESSAGES=", "SHELL=/bin/sh", "IFS=\n\10", "PWD=/root", "LC_ALL=", "MFLAGS="]) = 0
901   +++ exited with 0 +++
900   --- SIGCHLD {si_signo=SIGCHLD, si_code=CLD_EXITED, si_pid=901, si_uid=42, si_status=0, si_utime=0, si_stime=0} ---
900   +++ exited with 0 +++
898   --- SIGCHLD {si_signo=SIGCHLD, si_code=CLD_EXITED, si_pid=900, si_uid=42, si_status=0, si_utime=0, si_stime=0} ---
898   clone(child_stack=NULL, flags=CLONE_CHILD_CLEARTID|CLONE_CHILD_SETTID|SIGCHLD, child_tidptr=0x7c49555d6a10) = 902
902   execve("/usr/bin/apt-config", ["apt-config", "shell", "ARCHIVE_KEYRING", "APT::Key::ArchiveKeyring"], ["USER=_apt", "APT_KEY_DONT_WARN_ON_DANGEROUS_USAGE=1", "HOSTNAME=8f857aee2402", "SHLVL=1", "OLDPWD=/", "HOME=/nonexistent", "APT_CONFIG=/tmp/apt.conf.792r3w", "APT_KEY_NO_LEGACY_KEYRING=1", "MAKEFLAGS=", "LOGNAME=_apt", "_=/usr/bin/pvs-studio-analyzer", "TERM=xterm", "USERNAME=_apt", "PATH=/usr/local/sbin:/usr/local/bin:/usr/sbin:/usr/bin:/sbin:/bin", "MAKELEVEL=1", "LANG=", "LC_MESSAGES=", "SHELL=/bin/sh", "IFS=\n\10", "PWD=/root", "LC_ALL=", "MFLAGS="]) = 0
902   clone(child_stack=NULL, flags=CLONE_CHILD_CLEARTID|CLONE_CHILD_SETTID|SIGCHLD, child_tidptr=0x7c92c4dfcb10) = 903
903   execve("/usr/bin/dpkg", ["/usr/bin/dpkg", "--print-foreign-architectures"], ["USER=_apt", "APT_KEY_DONT_WARN_ON_DANGEROUS_USAGE=1", "HOSTNAME=8f857aee2402", "SHLVL=1", "OLDPWD=/", "HOME=/nonexistent", "APT_CONFIG=/tmp/apt.conf.792r3w", "APT_KEY_NO_LEGACY_KEYRING=1", "MAKEFLAGS=", "LOGNAME=_apt", "_=/usr/bin/pvs-studio-analyzer", "TERM=xterm", "USERNAME=_apt", "PATH=/usr/sbin:/usr/bin:/sbin:/bin", "MAKELEVEL=1", "LANG=", "LC_MESSAGES=", "SHELL=/bin/sh", "IFS=\n\10", "PWD=/root", "LC_ALL=", "MFLAGS="]) = 0
903   +++ exited with 0 +++
902   --- SIGCHLD {si_signo=SIGCHLD, si_code=CLD_EXITED, si_pid=903, si_uid=42, si_status=0, si_utime=0, si_stime=0} ---
902   +++ exited with 0 +++
898   --- SIGCHLD {si_signo=SIGCHLD, si_code=CLD_EXITED, si_pid=902, si_uid=42, si_status=0, si_utime=0, si_stime=2 /* 0.02 s */} ---
898   clone(child_stack=NULL, flags=CLONE_CHILD_CLEARTID|CLONE_CHILD_SETTID|SIGCHLD, child_tidptr=0x7c49555d6a10) = 904
904   execve("/usr/bin/apt-config", ["apt-config", "shell", "REMOVED_KEYS", "APT::Key::RemovedKeys"], ["USER=_apt", "APT_KEY_DONT_WARN_ON_DANGEROUS_USAGE=1", "HOSTNAME=8f857aee2402", "SHLVL=1", "OLDPWD=/", "HOME=/nonexistent", "APT_CONFIG=/tmp/apt.conf.792r3w", "APT_KEY_NO_LEGACY_KEYRING=1", "MAKEFLAGS=", "LOGNAME=_apt", "_=/usr/bin/pvs-studio-analyzer", "TERM=xterm", "USERNAME=_apt", "PATH=/usr/local/sbin:/usr/local/bin:/usr/sbin:/usr/bin:/sbin:/bin", "MAKELEVEL=1", "LANG=", "LC_MESSAGES=", "SHELL=/bin/sh", "IFS=\n\10", "PWD=/root", "LC_ALL=", "MFLAGS="]) = 0
904   clone(child_stack=NULL, flags=CLONE_CHILD_CLEARTID|CLONE_CHILD_SETTID|SIGCHLD, child_tidptr=0x701a1d9c7b10) = 905
905   execve("/usr/bin/dpkg", ["/usr/bin/dpkg", "--print-foreign-architectures"], ["USER=_apt", "APT_KEY_DONT_WARN_ON_DANGEROUS_USAGE=1", "HOSTNAME=8f857aee2402", "SHLVL=1", "OLDPWD=/", "HOME=/nonexistent", "APT_CONFIG=/tmp/apt.conf.792r3w", "APT_KEY_NO_LEGACY_KEYRING=1", "MAKEFLAGS=", "LOGNAME=_apt", "_=/usr/bin/pvs-studio-analyzer", "TERM=xterm", "USERNAME=_apt", "PATH=/usr/sbin:/usr/bin:/sbin:/bin", "MAKELEVEL=1", "LANG=", "LC_MESSAGES=", "SHELL=/bin/sh", "IFS=\n\10", "PWD=/root", "LC_ALL=", "MFLAGS="]) = 0
905   +++ exited with 0 +++
904   --- SIGCHLD {si_signo=SIGCHLD, si_code=CLD_EXITED, si_pid=905, si_uid=42, si_status=0, si_utime=0, si_stime=0} ---
904   +++ exited with 0 +++
898   --- SIGCHLD {si_signo=SIGCHLD, si_code=CLD_EXITED, si_pid=904, si_uid=42, si_status=0, si_utime=0, si_stime=1 /* 0.01 s */} ---
898   clone(child_stack=NULL, flags=CLONE_CHILD_CLEARTID|CLONE_CHILD_SETTID|SIGCHLD, child_tidptr=0x7c49555d6a10) = 906
906   execve("/usr/bin/apt-config", ["apt-config", "shell", "ARCHIVE_KEYRING_URI", "APT::Key::ArchiveKeyringURI"], ["USER=_apt", "APT_KEY_DONT_WARN_ON_DANGEROUS_USAGE=1", "HOSTNAME=8f857aee2402", "SHLVL=1", "OLDPWD=/", "HOME=/nonexistent", "APT_CONFIG=/tmp/apt.conf.792r3w", "APT_KEY_NO_LEGACY_KEYRING=1", "MAKEFLAGS=", "LOGNAME=_apt", "_=/usr/bin/pvs-studio-analyzer", "TERM=xterm", "USERNAME=_apt", "PATH=/usr/local/sbin:/usr/local/bin:/usr/sbin:/usr/bin:/sbin:/bin", "MAKELEVEL=1", "LANG=", "LC_MESSAGES=", "SHELL=/bin/sh", "IFS=\n\10", "PWD=/root", "LC_ALL=", "MFLAGS="]) = 0
906   clone(child_stack=NULL, flags=CLONE_CHILD_CLEARTID|CLONE_CHILD_SETTID|SIGCHLD, child_tidptr=0x73c7ea402b10) = 907
907   execve("/usr/bin/dpkg", ["/usr/bin/dpkg", "--print-foreign-architectures"], ["USER=_apt", "APT_KEY_DONT_WARN_ON_DANGEROUS_USAGE=1", "HOSTNAME=8f857aee2402", "SHLVL=1", "OLDPWD=/", "HOME=/nonexistent", "APT_CONFIG=/tmp/apt.conf.792r3w", "APT_KEY_NO_LEGACY_KEYRING=1", "MAKEFLAGS=", "LOGNAME=_apt", "_=/usr/bin/pvs-studio-analyzer", "TERM=xterm", "USERNAME=_apt", "PATH=/usr/sbin:/usr/bin:/sbin:/bin", "MAKELEVEL=1", "LANG=", "LC_MESSAGES=", "SHELL=/bin/sh", "IFS=\n\10", "PWD=/root", "LC_ALL=", "MFLAGS="]) = 0
907   +++ exited with 0 +++
906   --- SIGCHLD {si_signo=SIGCHLD, si_code=CLD_EXITED, si_pid=907, si_uid=42, si_status=0, si_utime=0, si_stime=0} ---
906   +++ exited with 0 +++
898   --- SIGCHLD {si_signo=SIGCHLD, si_code=CLD_EXITED, si_pid=906, si_uid=42, si_status=0, si_utime=0, si_stime=1 /* 0.01 s */} ---
898   clone(child_stack=NULL, flags=CLONE_CHILD_CLEARTID|CLONE_CHILD_SETTID|SIGCHLD, child_tidptr=0x7c49555d6a10) = 908
908   +++ exited with 0 +++
898   --- SIGCHLD {si_signo=SIGCHLD, si_code=CLD_EXITED, si_pid=908, si_uid=42, si_status=0, si_utime=0, si_stime=0} ---
898   clone(child_stack=NULL, flags=CLONE_CHILD_CLEARTID|CLONE_CHILD_SETTID|SIGCHLD, child_tidptr=0x7c49555d6a10) = 909
909   execve("/usr/bin/apt-config", ["apt-config", "shell", "GPGV", "Apt::Key::gpgvcommand"], ["USER=_apt", "APT_KEY_DONT_WARN_ON_DANGEROUS_USAGE=1", "HOSTNAME=8f857aee2402", "SHLVL=1", "OLDPWD=/", "HOME=/nonexistent", "APT_CONFIG=/tmp/apt.conf.792r3w", "APT_KEY_NO_LEGACY_KEYRING=1", "MAKEFLAGS=", "LOGNAME=_apt", "_=/usr/bin/pvs-studio-analyzer", "TERM=xterm", "USERNAME=_apt", "PATH=/usr/local/sbin:/usr/local/bin:/usr/sbin:/usr/bin:/sbin:/bin", "MAKELEVEL=1", "LANG=", "LC_MESSAGES=", "SHELL=/bin/sh", "IFS=\n\10", "PWD=/root", "LC_ALL=", "MFLAGS="]) = 0
909   clone(child_stack=NULL, flags=CLONE_CHILD_CLEARTID|CLONE_CHILD_SETTID|SIGCHLD, child_tidptr=0x771d802e1b10) = 910
910   execve("/usr/bin/dpkg", ["/usr/bin/dpkg", "--print-foreign-architectures"], ["USER=_apt", "APT_KEY_DONT_WARN_ON_DANGEROUS_USAGE=1", "HOSTNAME=8f857aee2402", "SHLVL=1", "OLDPWD=/", "HOME=/nonexistent", "APT_CONFIG=/tmp/apt.conf.792r3w", "APT_KEY_NO_LEGACY_KEYRING=1", "MAKEFLAGS=", "LOGNAME=_apt", "_=/usr/bin/pvs-studio-analyzer", "TERM=xterm", "USERNAME=_apt", "PATH=/usr/sbin:/usr/bin:/sbin:/bin", "MAKELEVEL=1", "LANG=", "LC_MESSAGES=", "SHELL=/bin/sh", "IFS=\n\10", "PWD=/root", "LC_ALL=", "MFLAGS="]) = 0
910   +++ exited with 0 +++
909   --- SIGCHLD {si_signo=SIGCHLD, si_code=CLD_EXITED, si_pid=910, si_uid=42, si_status=0, si_utime=0, si_stime=0} ---
909   +++ exited with 0 +++
898   --- SIGCHLD {si_signo=SIGCHLD, si_code=CLD_EXITED, si_pid=909, si_uid=42, si_status=0, si_utime=0, si_stime=1 /* 0.01 s */} ---
898   clone(child_stack=NULL, flags=CLONE_CHILD_CLEARTID|CLONE_CHILD_SETTID|SIGCHLD, child_tidptr=0x7c49555d6a10) = 911
