1397  execve("/usr/bin/make", ["make"], ["_=/usr/bin/pvs-studio-analyzer", "SHLVL=1", "PWD=/root", "TERM=xterm", "PATH=/usr/local/sbin:/usr/local/bin:/usr/sbin:/usr/bin:/sbin:/bin", "OLDPWD=/", "HOSTNAME=8f857aee2402", "HOME=/root"]) = 0
1397  clone3({flags=CLONE_VM|CLONE_VFORK, exit_signal=SIGCHLD, stack=0x7f7949da2000, stack_size=0x9000}, 88 <unfinished ...>
1398  execve("/bin/sh", ["/bin/sh", "-c", "echo \"Checking for ncurses library...\""], ["PWD=/root", "HOSTNAME=8f857aee2402", "OLDPWD=/", "MAKEFLAGS=", "MFLAGS=", "SHLVL=1", "PATH=/usr/local/sbin:/usr/local/bin:/usr/sbin:/usr/bin:/sbin:/bin", "_=/usr/bin/pvs-studio-analyzer", "HOME=/root", "TERM=xterm", "MAKELEVEL=1"] <unfinished ...>
1397  <... clone3 resumed>)             = 1398
1398  <... execve resumed>)             = 0
1398  +++ exited with 0 +++
1397  clone3({flags=CLONE_VM|CLONE_VFORK, exit_signal=SIGCHLD, stack=0x7f7949da2000, stack_size=0x9000}, 88 <unfinished ...>
1399  execve("/bin/sh", ["/bin/sh", "-c", "if ! pkg-config --exists ncurses 2>/dev/null; then \\\n\techo \"ncurses not found. Installing...\"; \\\n\tif command -v apt-get >/dev/null 2>&1; then \\\n\t\tapt-get update && apt-get install -y libncurses5-dev libncursesw5-dev; \\\n\telif command -v brew >/dev/null 2>&1; then \\\n\t\tbrew install ncurses; \\\n\telse \\\n\t\techo \"Error: Package manager not found. Please install ncurses manually:\"; \\\n\t\techo \"  Ubuntu/Debian: apt-get install libncurses5-dev libncursesw5-dev\"; \\\n\t\techo \"  macOS: brew install ncurses\"; \\\n\t\texit 1; \\\n\tfi; \\\nelse \\\n\techo \"ncurses library found.\"; \\\nfi"], ["PWD=/root", "HOSTNAME=8f857aee2402", "OLDPWD=/", "MAKEFLAGS=", "MFLAGS=", "SHLVL=1", "PATH=/usr/local/sbin:/usr/local/bin:/usr/sbin:/usr/bin:/sbin:/bin", "_=/usr/bin/pvs-studio-analyzer", "HOME=/root", "TERM=xterm", "MAKELEVEL=1"] <unfinished ...>
1397  <... clone3 resumed>)             = 1399
1399  <... execve resumed>)             = 0
1399  vfork( <unfinished ...>
1400  execve("/usr/bin/apt-get", ["apt-get", "update"], ["HOSTNAME=8f857aee2402", "SHLVL=1", "OLDPWD=/", "HOME=/root", "MAKEFLAGS=", "_=/usr/bin/pvs-studio-analyzer", "TERM=xterm", "PATH=/usr/local/sbin:/usr/local/bin:/usr/sbin:/usr/bin:/sbin:/bin", "MAKELEVEL=1", "PWD=/root", "MFLAGS="] <unfinished ...>
1399  <... vfork resumed>)              = 1400
1400  <... execve resumed>)             = 0
1400  clone(child_stack=NULL, flags=CLONE_CHILD_CLEARTID|CLONE_CHILD_SETTID|SIGCHLD, child_tidptr=0x7406d6a38b10) = 1401
1401  execve("/usr/bin/dpkg", ["/usr/bin/dpkg", "--print-foreign-architectures"], ["HOSTNAME=8f857aee2402", "SHLVL=1", "OLDPWD=/", "HOME=/root", "MAKEFLAGS=", "_=/usr/bin/pvs-studio-analyzer", "TERM=xterm", "PATH=/usr/sbin:/usr/bin:/sbin:/bin", "MAKELEVEL=1", "PWD=/root", "MFLAGS="]) = 0
1401  +++ exited with 0 +++
1400  --- SIGCHLD {si_signo=SIGCHLD, si_code=CLD_EXITED, si_pid=1401, si_uid=0, si_status=0, si_utime=0, si_stime=0} ---
1400  clone(child_stack=NULL, flags=CLONE_CHILD_CLEARTID|CLONE_CHILD_SETTID|SIGCHLD, child_tidptr=0x7406d6a38b10) = 1402
1402  execve("/usr/lib/apt/methods/http", ["/usr/lib/apt/methods/http"], ["HOSTNAME=8f857aee2402", "SHLVL=1", "OLDPWD=/", "HOME=/root", "MAKEFLAGS=", "_=/usr/bin/pvs-studio-analyzer", "TERM=xterm", "PATH=/usr/local/sbin:/usr/local/bin:/usr/sbin:/usr/bin:/sbin:/bin", "MAKELEVEL=1", "PWD=/root", "MFLAGS="]) = 0
1402  --- SIGINT {si_signo=SIGINT, si_code=SI_USER, si_pid=1400, si_uid=0} ---
1402  +++ exited with 100 +++
1400  --- SIGCHLD {si_signo=SIGCHLD, si_code=CLD_EXITED, si_pid=1402, si_uid=0, si_status=100, si_utime=0, si_stime=1 /* 0.01 s */} ---
1400  clone(child_stack=NULL, flags=CLONE_CHILD_CLEARTID|CLONE_CHILD_SETTID|SIGCHLD, child_tidptr=0x7406d6a38b10) = 1403
1403  execve("/usr/lib/apt/methods/https", ["/usr/lib/apt/methods/https"], ["HOSTNAME=8f857aee2402", "SHLVL=1", "OLDPWD=/", "HOME=/root", "MAKEFLAGS=", "_=/usr/bin/pvs-studio-analyzer", "TERM=xterm", "PATH=/usr/local/sbin:/usr/local/bin:/usr/sbin:/usr/bin:/sbin:/bin", "MAKELEVEL=1", "PWD=/root", "MFLAGS="]) = 0
1403  --- SIGINT {si_signo=SIGINT, si_code=SI_USER, si_pid=1400, si_uid=0} ---
1403  +++ exited with 100 +++
1400  --- SIGCHLD {si_signo=SIGCHLD, si_code=CLD_EXITED, si_pid=1403, si_uid=0, si_status=100, si_utime=0, si_stime=1 /* 0.01 s */} ---
1400  clone(child_stack=NULL, flags=CLONE_CHILD_CLEARTID|CLONE_CHILD_SETTID|SIGCHLD, child_tidptr=0x7406d6a38b10) = 1404
1404  execve("/usr/lib/apt/methods/https", ["/usr/lib/apt/methods/https"], ["HOSTNAME=8f857aee2402", "SHLVL=1", "OLDPWD=/", "HOME=/root", "MAKEFLAGS=", "_=/usr/bin/pvs-studio-analyzer", "TERM=xterm", "PATH=/usr/local/sbin:/usr/local/bin:/usr/sbin:/usr/bin:/sbin:/bin", "MAKELEVEL=1", "PWD=/root", "MFLAGS="]) = 0
1400  clone(child_stack=NULL, flags=CLONE_CHILD_CLEARTID|CLONE_CHILD_SETTID|SIGCHLD, child_tidptr=0x7406d6a38b10) = 1405
1405  execve("/usr/lib/apt/methods/http", ["/usr/lib/apt/methods/http"], ["HOSTNAME=8f857aee2402", "SHLVL=1", "OLDPWD=/", "HOME=/root", "MAKEFLAGS=", "_=/usr/bin/pvs-studio-analyzer", "TERM=xterm", "PATH=/usr/local/sbin:/usr/local/bin:/usr/sbin:/usr/bin:/sbin:/bin", "MAKELEVEL=1", "PWD=/root", "MFLAGS="]) = 0
1400  clone(child_stack=NULL, flags=CLONE_CHILD_CLEARTID|CLONE_CHILD_SETTID|SIGCHLD, child_tidptr=0x7406d6a38b10) = 1406
1406  execve("/usr/lib/apt/methods/gpgv", ["/usr/lib/apt/methods/gpgv"], ["HOSTNAME=8f857aee2402", "SHLVL=1", "OLDPWD=/", "HOME=/root", "MAKEFLAGS=", "_=/usr/bin/pvs-studio-analyzer", "TERM=xterm", "PATH=/usr/local/sbin:/usr/local/bin:/usr/sbin:/usr/bin:/sbin:/bin", "MAKELEVEL=1", "PWD=/root", "MFLAGS="]) = 0
1406  --- SIGINT {si_signo=SIGINT, si_code=SI_USER, si_pid=1400, si_uid=0} ---
1406  +++ killed by SIGINT +++
1400  --- SIGCHLD {si_signo=SIGCHLD, si_code=CLD_KILLED, si_pid=1406, si_uid=0, si_status=SIGINT, si_utime=0, si_stime=2 /* 0.02 s */} ---
1400  clone(child_stack=NULL, flags=CLONE_CHILD_CLEARTID|CLONE_CHILD_SETTID|SIGCHLD, child_tidptr=0x7406d6a38b10) = 1407
1407  execve("/usr/lib/apt/methods/gpgv", ["/usr/lib/apt/methods/gpgv"], ["HOSTNAME=8f857aee2402", "SHLVL=1", "OLDPWD=/", "HOME=/root", "MAKEFLAGS=", "_=/usr/bin/pvs-studio-analyzer", "TERM=xterm", "PATH=/usr/local/sbin:/usr/local/bin:/usr/sbin:/usr/bin:/sbin:/bin", "MAKELEVEL=1", "PWD=/root", "MFLAGS="]) = 0
1407  clone(child_stack=NULL, flags=CLONE_CHILD_CLEARTID|CLONE_CHILD_SETTID|SIGCHLD, child_tidptr=0x76723731cb10) = 1408
1408  clone(child_stack=NULL, flags=CLONE_CHILD_CLEARTID|CLONE_CHILD_SETTID|SIGCHLD, child_tidptr=0x76723731cb10) = 1409
1409  execve("/usr/bin/apt-key", ["/usr/bin/apt-key", "--quiet", "--readonly", "--keyring", "/usr/share/keyrings/debian-archive-keyring.gpg", "verify", "--status-fd", "3", "/tmp/apt.sig.jrZb0L", "/tmp/apt.data.W8WCUn"], ["HOSTNAME=8f857aee2402", "SHLVL=1", "OLDPWD=/", "HOME=/nonexistent", "MAKEFLAGS=", "_=/usr/bin/pvs-studio-analyzer", "TERM=xterm", "PATH=/usr/local/sbin:/usr/local/bin:/usr/sbin:/usr/bin:/sbin:/bin", "MAKELEVEL=1", "PWD=/root", "MFLAGS=", "USER=_apt", "USERNAME=_apt", "LOGNAME=_apt", "SHELL=/bin/sh", "APT_KEY_NO_LEGACY_KEYRING=1", "APT_CONFIG=/tmp/apt.conf.ScoSv5", "APT_KEY_DONT_WARN_ON_DANGEROUS_USAGE=1", "LANG=", "LC_ALL=", "LC_MESSAGES="]) = 0
1409  clone(child_stack=NULL, flags=CLONE_CHILD_CLEARTID|CLONE_CHILD_SETTID|SIGCHLD, child_tidptr=0x7f172764ea10) = 1410
1410  +++ exited with 0 +++
1409  --- SIGCHLD {si_signo=SIGCHLD, si_code=CLD_EXITED, si_pid=1410, si_uid=42, si_status=0, si_utime=0, si_stime=0} ---
1409  clone(child_stack=NULL, flags=CLONE_CHILD_CLEARTID|CLONE_CHILD_SETTID|SIGCHLD, child_tidptr=0x7f172764ea10) = 1411
1411  execve("/usr/bin/apt-config", ["apt-config", "shell", "MASTER_KEYRING", "APT::Key::MasterKeyring"], ["USER=_apt", "APT_KEY_DONT_WARN_ON_DANGEROUS_USAGE=1", "HOSTNAME=8f857aee2402", "SHLVL=1", "OLDPWD=/", "HOME=/nonexistent", "APT_CONFIG=/tmp/apt.conf.ScoSv5", "APT_KEY_NO_LEGACY_KEYRING=1", "MAKEFLAGS=", "LOGNAME=_apt", "_=/usr/bin/pvs-studio-analyzer", "TERM=xterm", "USERNAME=_apt", "PATH=/usr/local/sbin:/usr/local/bin:/usr/sbin:/usr/bin:/sbin:/bin", "MAKELEVEL=1", "LANG=", "LC_MESSAGES=", "SHELL=/bin/sh", "IFS=\n\10", "PWD=/root", "LC_ALL=", "MFLAGS="]) = 0
1411  clone(child_stack=NULL, flags=CLONE_CHILD_CLEARTID|CLONE_CHILD_SETTID|SIGCHLD, child_tidptr=0x72f808c28b10) = 1412
1412  execve("/usr/bin/dpkg", ["/usr/bin/dpkg", "--print-foreign-architectures"], ["USER=_apt", "APT_KEY_DONT_WARN_ON_DANGEROUS_USAGE=1", "HOSTNAME=8f857aee2402", "SHLVL=1", "OLDPWD=/", "HOME=/nonexistent", "APT_CONFIG=/tmp/apt.conf.ScoSv5", "APT_KEY_NO_LEGACY_KEYRING=1", "MAKEFLAGS=", "LOGNAME=_apt", "_=/usr/bin/pvs-studio-analyzer", "TERM=xterm", "USERNAME=_apt", "PATH=/usr/sbin:/usr/bin:/sbin:/bin", "MAKELEVEL=1", "LANG=", "LC_MESSAGES=", "SHELL=/bin/sh", "IFS=\n\10", "PWD=/root", "LC_ALL=", "MFLAGS="]) = 0
1412  +++ exited with 0 +++
1411  --- SIGCHLD {si_signo=SIGCHLD, si_code=CLD_EXITED, si_pid=1412, si_uid=42, si_status=0, si_utime=0, si_stime=0} ---
1411  +++ exited with 0 +++
1409  --- SIGCHLD {si_signo=SIGCHLD, si_code=CLD_EXITED, si_pid=1411, si_uid=42, si_status=0, si_utime=0, si_stime=0} ---
1409  clone(child_stack=NULL, flags=CLONE_CHILD_CLEARTID|CLONE_CHILD_SETTID|SIGCHLD, child_tidptr=0x7f172764ea10) = 1413
1413  execve("/usr/bin/apt-config", ["apt-config", "shell", "ARCHIVE_KEYRING", "APT::Key::ArchiveKeyring"], ["USER=_apt", "APT_KEY_DONT_WARN_ON_DANGEROUS_USAGE=1", "HOSTNAME=8f857aee2402", "SHLVL=1", "OLDPWD=/", "HOME=/nonexistent", "APT_CONFIG=/tmp/apt.conf.ScoSv5", "APT_KEY_NO_LEGACY_KEYRING=1", "MAKEFLAGS=", "LOGNAME=_apt", "_=/usr/bin/pvs-studio-analyzer", "TERM=xterm", "USERNAME=_apt", "PATH=/usr/local/sbin:/usr/local/bin:/usr/sbin:/usr/bin:/sbin:/bin", "MAKELEVEL=1", "LANG=", "LC_MESSAGES=", "SHELL=/bin/sh", "IFS=\n\10", "PWD=/root", "LC_ALL=", "MFLAGS="]) = 0
1413  clone(child_stack=NULL, flags=CLONE_CHILD_CLEARTID|CLONE_CHILD_SETTID|SIGCHLD, child_tidptr=0x7c27079b0b10) = 1414
1414  execve("/usr/bin/dpkg", ["/usr/bin/dpkg", "--print-foreign-architectures"], ["USER=_apt", "APT_KEY_DONT_WARN_ON_DANGEROUS_USAGE=1", "HOSTNAME=8f857aee2402", "SHLVL=1", "OLDPWD=/", "HOME=/nonexistent", "APT_CONFIG=/tmp/apt.conf.ScoSv5", "APT_KEY_NO_LEGACY_KEYRING=1", "MAKEFLAGS=", "LOGNAME=_apt", "_=/usr/bin/pvs-studio-analyzer", "TERM=xterm", "USERNAME=_apt", "PATH=/usr/sbin:/usr/bin:/sbin:/bin", "MAKELEVEL=1", "LANG=", "LC_MESSAGES=", "SHELL=/bin/sh", "IFS=\n\10", "PWD=/root", "LC_ALL=", "MFLAGS="]) = 0
1414  +++ exited with 0 +++
1413  --- SIGCHLD {si_signo=SIGCHLD, si_code=CLD_EXITED, si_pid=1414, si_uid=42, si_status=0, si_utime=0, si_stime=0} ---
1413  +++ exited with 0 +++
1409  --- SIGCHLD {si_signo=SIGCHLD, si_code=CLD_EXITED, si_pid=1413, si_uid=42, si_status=0, si_utime=0, si_stime=1 /* 0.01 s */} ---
1409  clone(child_stack=NULL, flags=CLONE_CHILD_CLEARTID|CLONE_CHILD_SETTID|SIGCHLD, child_tidptr=0x7f172764ea10) = 1415
1415  execve("/usr/bin/apt-config", ["apt-config", "shell", "REMOVED_KEYS", "APT::Key::RemovedKeys"], ["USER=_apt", "APT_KEY_DONT_WARN_ON_DANGEROUS_USAGE=1", "HOSTNAME=8f857aee2402", "SHLVL=1", "OLDPWD=/", "HOME=/nonexistent", "APT_CONFIG=/tmp/apt.conf.ScoSv5", "APT_KEY_NO_LEGACY_KEYRING=1", "MAKEFLAGS=", "LOGNAME=_apt", "_=/usr/bin/pvs-studio-analyzer", "TERM=xterm", "USERNAME=_apt", "PATH=/usr/local/sbin:/usr/local/bin:/usr/sbin:/usr/bin:/sbin:/bin", "MAKELEVEL=1", "LANG=", "LC_MESSAGES=", "SHELL=/bin/sh", "IFS=\n\10", "PWD=/root", "LC_ALL=", "MFLAGS="]) = 0
1415  clone(child_stack=NULL, flags=CLONE_CHILD_CLEARTID|CLONE_CHILD_SETTID|SIGCHLD, child_tidptr=0x79fbf1e49b10) = 1416
1416  execve("/usr/bin/dpkg", ["/usr/bin/dpkg", "--print-foreign-architectures"], ["USER=_apt", "APT_KEY_DONT_WARN_ON_DANGEROUS_USAGE=1", "HOSTNAME=8f857aee2402", "SHLVL=1", "OLDPWD=/", "HOME=/nonexistent", "APT_CONFIG=/tmp/apt.conf.ScoSv5", "APT_KEY_NO_LEGACY_KEYRING=1", "MAKEFLAGS=", "LOGNAME=_apt", "_=/usr/bin/pvs-studio-analyzer", "TERM=xterm", "USERNAME=_apt", "PATH=/usr/sbin:/usr/bin:/sbin:/bin", "MAKELEVEL=1", "LANG=", "LC_MESSAGES=", "SHELL=/bin/sh", "IFS=\n\10", "PWD=/root", "LC_ALL=", "MFLAGS="]) = 0
1416  +++ exited with 0 +++
1415  --- SIGCHLD {si_signo=SIGCHLD, si_code=CLD_EXITED, si_pid=1416, si_uid=42, si_status=0, si_utime=0, si_stime=0} ---
1415  +++ exited with 0 +++
1409  --- SIGCHLD {si_signo=SIGCHLD, si_code=CLD_EXITED, si_pid=1415, si_uid=42, si_status=0, si_utime=0, si_stime=0} ---
1409  clone(child_stack=NULL, flags=CLONE_CHILD_CLEARTID|CLONE_CHILD_SETTID|SIGCHLD, child_tidptr=0x7f172764ea10) = 1417
1417  execve("/usr/bin/apt-config", ["apt-config", "shell", "ARCHIVE_KEYRING_URI", "APT::Key::ArchiveKeyringURI"], ["USER=_apt", "APT_KEY_DONT_WARN_ON_DANGEROUS_USAGE=1", "HOSTNAME=8f857aee2402", "SHLVL=1", "OLDPWD=/", "HOME=/nonexistent", "APT_CONFIG=/tmp/apt.conf.ScoSv5", "APT_KEY_NO_LEGACY_KEYRING=1", "MAKEFLAGS=", "LOGNAME=_apt", "_=/usr/bin/pvs-studio-analyzer", "TERM=xterm", "USERNAME=_apt", "PATH=/usr/local/sbin:/usr/local/bin:/usr/sbin:/usr/bin:/sbin:/bin", "MAKELEVEL=1", "LANG=", "LC_MESSAGES=", "SHELL=/bin/sh", "IFS=\n\10", "PWD=/root", "LC_ALL=", "MFLAGS="]) = 0
1417  clone(child_stack=NULL, flags=CLONE_CHILD_CLEARTID|CLONE_CHILD_SETTID|SIGCHLD, child_tidptr=0x79f433888b10) = 1418
1418  execve("/usr/bin/dpkg", ["/usr/bin/dpkg", "--print-foreign-architectures"], ["USER=_apt", "APT_KEY_DONT_WARN_ON_DANGEROUS_USAGE=1", "HOSTNAME=8f857aee2402", "SHLVL=1", "OLDPWD=/", "HOME=/nonexistent", "APT_CONFIG=/tmp/apt.conf.ScoSv5", "APT_KEY_NO_LEGACY_KEYRING=1", "MAKEFLAGS=", "LOGNAME=_apt", "_=/usr/bin/pvs-studio-analyzer", "TERM=xterm", "USERNAME=_apt", "PATH=/usr/sbin:/usr/bin:/sbin:/bin", "MAKELEVEL=1", "LANG=", "LC_MESSAGES=", "SHELL=/bin/sh", "IFS=\n\10", "PWD=/root", "LC_ALL=", "MFLAGS="]) = 0
1418  +++ exited with 0 +++
1417  --- SIGCHLD {si_signo=SIGCHLD, si_code=CLD_EXITED, si_pid=1418, si_uid=42, si_status=0, si_utime=0, si_stime=0} ---
1417  +++ exited with 0 +++
1409  --- SIGCHLD {si_signo=SIGCHLD, si_code=CLD_EXITED, si_pid=1417, si_uid=42, si_status=0, si_utime=0, si_stime=2 /* 0.02 s */} ---
1409  clone(child_stack=NULL, flags=CLONE_CHILD_CLEARTID|CLONE_CHILD_SETTID|SIGCHLD, child_tidptr=0x7f172764ea10) = 1419
1419  +++ exited with 0 +++
1409  --- SIGCHLD {si_signo=SIGCHLD, si_code=CLD_EXITED, si_pid=1419, si_uid=42, si_status=0, si_utime=0, si_stime=0} ---
1409  clone(child_stack=NULL, flags=CLONE_CHILD_CLEARTID|CLONE_CHILD_SETTID|SIGCHLD, child_tidptr=0x7f172764ea10) = 1420
1420  execve("/usr/bin/apt-config", ["apt-config", "shell", "GPGV", "Apt::Key::gpgvcommand"], ["USER=_apt", "APT_KEY_DONT_WARN_ON_DANGEROUS_USAGE=1", "HOSTNAME=8f857aee2402", "SHLVL=1", "OLDPWD=/", "HOME=/nonexistent", "APT_CONFIG=/tmp/apt.conf.ScoSv5", "APT_KEY_NO_LEGACY_KEYRING=1", "MAKEFLAGS=", "LOGNAME=_apt", "_=/usr/bin/pvs-studio-analyzer", "TERM=xterm", "USERNAME=_apt", "PATH=/usr/local/sbin:/usr/local/bin:/usr/sbin:/usr/bin:/sbin:/bin", "MAKELEVEL=1", "LANG=", "LC_MESSAGES=", "SHELL=/bin/sh", "IFS=\n\10", "PWD=/root", "LC_ALL=", "MFLAGS="]) = 0
1420  clone(child_stack=NULL, flags=CLONE_CHILD_CLEARTID|CLONE_CHILD_SETTID|SIGCHLD, child_tidptr=0x7a6f1e2edb10) = 1421
1421  execve("/usr/bin/dpkg", ["/usr/bin/dpkg", "--print-foreign-architectures"], ["USER=_apt", "APT_KEY_DONT_WARN_ON_DANGEROUS_USAGE=1", "HOSTNAME=8f857aee2402", "SHLVL=1", "OLDPWD=/", "HOME=/nonexistent", "APT_CONFIG=/tmp/apt.conf.ScoSv5", "APT_KEY_NO_LEGACY_KEYRING=1", "MAKEFLAGS=", "LOGNAME=_apt", "_=/usr/bin/pvs-studio-analyzer", "TERM=xterm", "USERNAME=_apt", "PATH=/usr/sbin:/usr/bin:/sbin:/bin", "MAKELEVEL=1", "LANG=", "LC_MESSAGES=", "SHELL=/bin/sh", "IFS=\n\10", "PWD=/root", "LC_ALL=", "MFLAGS="]) = 0
1421  +++ exited with 0 +++
1420  --- SIGCHLD {si_signo=SIGCHLD, si_code=CLD_EXITED, si_pid=1421, si_uid=42, si_status=0, si_utime=0, si_stime=0} ---
1420  +++ exited with 0 +++
1409  --- SIGCHLD {si_signo=SIGCHLD, si_code=CLD_EXITED, si_pid=1420, si_uid=42, si_status=0, si_utime=0, si_stime=2 /* 0.02 s */} ---
1409  clone(child_stack=NULL, flags=CLONE_CHILD_CLEARTID|CLONE_CHILD_SETTID|SIGCHLD, child_tidptr=0x7f172764ea10) = 1422
1422  execve("/usr/bin/mktemp", ["mktemp", "--directory", "--tmpdir", "apt-key-gpghome.XXXXXXXXXX"], ["USER=_apt", "APT_KEY_DONT_WARN_ON_DANGEROUS_USAGE=1", "HOSTNAME=8f857aee2402", "SHLVL=1", "OLDPWD=/", "HOME=/nonexistent", "APT_CONFIG=/tmp/apt.conf.ScoSv5", "APT_KEY_NO_LEGACY_KEYRING=1", "MAKEFLAGS=", "LOGNAME=_apt", "_=/usr/bin/pvs-studio-analyzer", "TERM=xterm", "USERNAME=_apt", "PATH=/usr/local/sbin:/usr/local/bin:/usr/sbin:/usr/bin:/sbin:/bin", "MAKELEVEL=1", "LANG=", "LC_MESSAGES=", "SHELL=/bin/sh", "IFS=\n\10", "PWD=/root", "LC_ALL=", "MFLAGS="]) = 0
1422  +++ exited with 0 +++
1409  --- SIGCHLD {si_signo=SIGCHLD, si_code=CLD_EXITED, si_pid=1422, si_uid=42, si_status=0, si_utime=0, si_stime=0} ---
1409  vfork( <unfinished ...>
1423  execve("/usr/bin/chmod", ["chmod", "700", "/tmp/apt-key-gpghome.vtIYvSUZYC"], ["USER=_apt", "APT_KEY_DONT_WARN_ON_DANGEROUS_USAGE=1", "HOSTNAME=8f857aee2402", "SHLVL=1", "OLDPWD=/", "HOME=/nonexistent", "APT_CONFIG=/tmp/apt.conf.ScoSv5", "APT_KEY_NO_LEGACY_KEYRING=1", "MAKEFLAGS=", "LOGNAME=_apt", "_=/usr/bin/pvs-studio-analyzer", "TERM=xterm", "USERNAME=_apt", "PATH=/usr/local/sbin:/usr/local/bin:/usr/sbin:/usr/bin:/sbin:/bin", "MAKELEVEL=1", "LANG=", "LC_MESSAGES=", "SHELL=/bin/sh", "IFS=\n\10", "PWD=/root", "LC_ALL=", "MFLAGS="] <unfinished ...>
1409  <... vfork resumed>)              = 1423
1423  <... execve resumed>)             = 0
1423  +++ exited with 0 +++
1409  --- SIGCHLD {si_signo=SIGCHLD, si_code=CLD_EXITED, si_pid=1423, si_uid=42, si_status=0, si_utime=0, si_stime=0} ---
1409  clone(child_stack=NULL, flags=CLONE_CHILD_CLEARTID|CLONE_CHILD_SETTID|SIGCHLD, child_tidptr=0x7f172764ea10) = 1424
1424  +++ exited with 0 +++
1409  --- SIGCHLD {si_signo=SIGCHLD, si_code=CLD_EXITED, si_pid=1424, si_uid=42, si_status=0, si_utime=0, si_stime=0} ---
1409  clone(child_stack=NULL, flags=CLONE_CHILD_CLEARTID|CLONE_CHILD_SETTID|SIGCHLD, child_tidptr=0x7f172764ea10) = 1425
1425  clone(child_stack=NULL, flags=CLONE_CHILD_CLEARTID|CLONE_CHILD_SETTID|SIGCHLD, child_tidptr=0x7f172764ea10) = 1426
1426  +++ exited with 0 +++
1425  --- SIGCHLD {si_signo=SIGCHLD, si_code=CLD_EXITED, si_pid=1426, si_uid=42, si_status=0, si_utime=0, si_stime=0} ---
1425  clone(child_stack=NULL, flags=CLONE_CHILD_CLEARTID|CLONE_CHILD_SETTID|SIGCHLD, child_tidptr=0x7f172764ea10) = 1427
1427  execve("/usr/bin/sed", ["sed", "-e", "s#'#'\"'\"'#g"], ["USER=_apt", "APT_KEY_DONT_WARN_ON_DANGEROUS_USAGE=1", "HOSTNAME=8f857aee2402", "SHLVL=1", "OLDPWD=/", "HOME=/nonexistent", "APT_CONFIG=/tmp/apt.conf.ScoSv5", "APT_KEY_NO_LEGACY_KEYRING=1", "MAKEFLAGS=", "LOGNAME=_apt", "_=/usr/bin/pvs-studio-analyzer", "TERM=xterm", "USERNAME=_apt", "PATH=/usr/local/sbin:/usr/local/bin:/usr/sbin:/usr/bin:/sbin:/bin", "MAKELEVEL=1", "LANG=", "LC_MESSAGES=", "SHELL=/bin/sh", "IFS=\n\10", "PWD=/root", "LC_ALL=", "MFLAGS="]) = 0
1427  +++ exited with 0 +++
1425  --- SIGCHLD {si_signo=SIGCHLD, si_code=CLD_EXITED, si_pid=1427, si_uid=42, si_status=0, si_utime=0, si_stime=0} ---
1425  +++ exited with 0 +++
1409  --- SIGCHLD {si_signo=SIGCHLD, si_code=CLD_EXITED, si_pid=1425, si_uid=42, si_status=0, si_utime=0, si_stime=0} ---
1409  clone(child_stack=NULL, flags=CLONE_CHILD_CLEARTID|CLONE_CHILD_SETTID|SIGCHLD, child_tidptr=0x7f172764ea10) = 1428
1428  clone(child_stack=NULL, flags=CLONE_CHILD_CLEARTID|CLONE_CHILD_SETTID|SIGCHLD, child_tidptr=0x7f172764ea10) = 1429
1429  +++ exited with 0 +++
1428  clone(child_stack=NULL, flags=CLONE_CHILD_CLEARTID|CLONE_CHILD_SETTID|SIGCHLD, child_tidptr=0x7f172764ea10) = ? ERESTARTNOINTR (To be restarted)
1428  --- SIGCHLD {si_signo=SIGCHLD, si_code=CLD_EXITED, si_pid=1429, si_uid=42, si_status=0, si_utime=0, si_stime=0} ---
1428  clone(child_stack=NULL, flags=CLONE_CHILD_CLEARTID|CLONE_CHILD_SETTID|SIGCHLD, child_tidptr=0x7f172764ea10) = 1430
1430  execve("/usr/bin/sed", ["sed", "-e", "s#'#'\"'\"'#g"], ["USER=_apt", "APT_KEY_DONT_WARN_ON_DANGEROUS_USAGE=1", "HOSTNAME=8f857aee2402", "SHLVL=1", "OLDPWD=/", "HOME=/nonexistent", "APT_CONFIG=/tmp/apt.conf.ScoSv5", "APT_KEY_NO_LEGACY_KEYRING=1", "MAKEFLAGS=", "LOGNAME=_apt", "_=/usr/bin/pvs-studio-analyzer", "TERM=xterm", "USERNAME=_apt", "PATH=/usr/local/sbin:/usr/local/bin:/usr/sbin:/usr/bin:/sbin:/bin", "MAKELEVEL=1", "LANG=", "LC_MESSAGES=", "SHELL=/bin/sh", "IFS=\n\10", "PWD=/root", "LC_ALL=", "MFLAGS="]) = 0
1430  +++ exited with 0 +++
1428  --- SIGCHLD {si_signo=SIGCHLD, si_code=CLD_EXITED, si_pid=1430, si_uid=42, si_status=0, si_utime=0, si_stime=0} ---
1428  +++ exited with 0 +++
1409  --- SIGCHLD {si_signo=SIGCHLD, si_code=CLD_EXITED, si_pid=1428, si_uid=42, si_status=0, si_utime=0, si_stime=0} ---
1409  clone(child_stack=NULL, flags=CLONE_CHILD_CLEARTID|CLONE_CHILD_SETTID|SIGCHLD, child_tidptr=0x7f172764ea10) = 1431
1431  +++ exited with 0 +++
1409  --- SIGCHLD {si_signo=SIGCHLD, si_code=CLD_EXITED, si_pid=1431, si_uid=42, si_status=0, si_utime=0, si_stime=0} ---
1409  vfork( <unfinished ...>
1432  execve("/usr/bin/gpgv", ["gpgv", "--homedir", "/tmp/apt-key-gpghome.vtIYvSUZYC", "--keyring", "/usr/share/keyrings/debian-archive-keyring.gpg", "--ignore-time-conflict", "--status-fd", "3", "/tmp/apt.sig.jrZb0L", "/tmp/apt.data.W8WCUn"], ["USER=_apt", "APT_KEY_DONT_WARN_ON_DANGEROUS_USAGE=1", "HOSTNAME=8f857aee2402", "SHLVL=1", "OLDPWD=/", "HOME=/nonexistent", "APT_CONFIG=/tmp/apt.conf.ScoSv5", "APT_KEY_NO_LEGACY_KEYRING=1", "MAKEFLAGS=", "LOGNAME=_apt", "_=/usr/bin/pvs-studio-analyzer", "TERM=xterm", "USERNAME=_apt", "PATH=/usr/local/sbin:/usr/local/bin:/usr/sbin:/usr/bin:/sbin:/bin", "MAKELEVEL=1", "LANG=", "LC_MESSAGES=", "SHELL=/bin/sh", "IFS=\n\10", "PWD=/root", "LC_ALL=", "MFLAGS="] <unfinished ...>
1409  <... vfork resumed>)              = 1432
1432  <... execve resumed>)             = 0
1432  +++ exited with 2 +++
1409  --- SIGCHLD {si_signo=SIGCHLD, si_code=CLD_EXITED, si_pid=1432, si_uid=42, si_status=2, si_utime=0, si_stime=0} ---
1409  vfork( <unfinished ...>
1433  execve("/usr/bin/rm", ["rm", "-rf", "/tmp/apt-key-gpghome.vtIYvSUZYC"], ["USER=_apt", "APT_KEY_DONT_WARN_ON_DANGEROUS_USAGE=1", "HOSTNAME=8f857aee2402", "SHLVL=1", "OLDPWD=/", "HOME=/nonexistent", "APT_CONFIG=/tmp/apt.conf.ScoSv5", "APT_KEY_NO_LEGACY_KEYRING=1", "MAKEFLAGS=", "LOGNAME=_apt", "_=/usr/bin/pvs-studio-analyzer", "TERM=xterm", "USERNAME=_apt", "PATH=/usr/local/sbin:/usr/local/bin:/usr/sbin:/usr/bin:/sbin:/bin", "MAKELEVEL=1", "LANG=", "LC_MESSAGES=", "SHELL=/bin/sh", "IFS=\n\10", "PWD=/root", "LC_ALL=", "MFLAGS="] <unfinished ...>
1409  <... vfork resumed>)              = 1433
1433  <... execve resumed>)             = 0
1433  +++ exited with 0 +++
1409  --- SIGCHLD {si_signo=SIGCHLD, si_code=CLD_EXITED, si_pid=1433, si_uid=42, si_status=0, si_utime=0, si_stime=0} ---
1409  +++ exited with 2 +++
1408  --- SIGCHLD {si_signo=SIGCHLD, si_code=CLD_EXITED, si_pid=1409, si_uid=42, si_status=2, si_utime=0, si_stime=0} ---
1408  +++ exited with 2 +++
1407  --- SIGCHLD {si_signo=SIGCHLD, si_code=CLD_EXITED, si_pid=1408, si_uid=42, si_status=2, si_utime=0, si_stime=12 /* 0.12 s */} ---
1407  clone(child_stack=NULL, flags=CLONE_CHILD_CLEARTID|CLONE_CHILD_SETTID|SIGCHLD, child_tidptr=0x76723731cb10) = 1434
1434  clone(child_stack=NULL, flags=CLONE_CHILD_CLEARTID|CLONE_CHILD_SETTID|SIGCHLD, child_tidptr=0x76723731cb10) = 1435
1435  execve("/usr/bin/apt-key", ["/usr/bin/apt-key", "--quiet", "--readonly", "--keyring", "/usr/share/keyrings/debian-archive-keyring.gpg", "verify", "--status-fd", "3", "/tmp/apt.sig.Iwg5e6", "/tmp/apt.data.3kvCes"], ["HOSTNAME=8f857aee2402", "SHLVL=1", "OLDPWD=/", "HOME=/nonexistent", "MAKEFLAGS=", "_=/usr/bin/pvs-studio-analyzer", "TERM=xterm", "PATH=/usr/local/sbin:/usr/local/bin:/usr/sbin:/usr/bin:/sbin:/bin", "MAKELEVEL=1", "PWD=/root", "MFLAGS=", "USER=_apt", "USERNAME=_apt", "LOGNAME=_apt", "SHELL=/bin/sh", "APT_KEY_NO_LEGACY_KEYRING=1", "APT_CONFIG=/tmp/apt.conf.m5bdeW", "APT_KEY_DONT_WARN_ON_DANGEROUS_USAGE=1", "LANG=", "LC_ALL=", "LC_MESSAGES="]) = 0
1435  clone(child_stack=NULL, flags=CLONE_CHILD_CLEARTID|CLONE_CHILD_SETTID|SIGCHLD, child_tidptr=0x72d54e946a10) = 1436
1436  +++ exited with 0 +++
1435  --- SIGCHLD {si_signo=SIGCHLD, si_code=CLD_EXITED, si_pid=1436, si_uid=42, si_status=0, si_utime=0, si_stime=0} ---
1435  clone(child_stack=NULL, flags=CLONE_CHILD_CLEARTID|CLONE_CHILD_SETTID|SIGCHLD, child_tidptr=0x72d54e946a10) = 1437
1437  execve("/usr/bin/apt-config", ["apt-config", "shell", "MASTER_KEYRING", "APT::Key::MasterKeyring"], ["USER=_apt", "APT_KEY_DONT_WARN_ON_DANGEROUS_USAGE=1", "HOSTNAME=8f857aee2402", "SHLVL=1", "OLDPWD=/", "HOME=/nonexistent", "APT_CONFIG=/tmp/apt.conf.m5bdeW", "APT_KEY_NO_LEGACY_KEYRING=1", "MAKEFLAGS=", "LOGNAME=_apt", "_=/usr/bin/pvs-studio-analyzer", "TERM=xterm", "USERNAME=_apt", "PATH=/usr/local/sbin:/usr/local/bin:/usr/sbin:/usr/bin:/sbin:/bin", "MAKELEVEL=1", "LANG=", "LC_MESSAGES=", "SHELL=/bin/sh", "IFS=\n\10", "PWD=/root", "LC_ALL=", "MFLAGS="]) = 0
1437  clone(child_stack=NULL, flags=CLONE_CHILD_CLEARTID|CLONE_CHILD_SETTID|SIGCHLD, child_tidptr=0x733e45610b10) = 1438
1438  execve("/usr/bin/dpkg", ["/usr/bin/dpkg", "--print-foreign-architectures"], ["USER=_apt", "APT_KEY_DONT_WARN_ON_DANGEROUS_USAGE=1", "HOSTNAME=8f857aee2402", "SHLVL=1", "OLDPWD=/", "HOME=/nonexistent", "APT_CONFIG=/tmp/apt.conf.m5bdeW", "APT_KEY_NO_LEGACY_KEYRING=1", "MAKEFLAGS=", "LOGNAME=_apt", "_=/usr/bin/pvs-studio-analyzer", "TERM=xterm", "USERNAME=_apt", "PATH=/usr/sbin:/usr/bin:/sbin:/bin", "MAKELEVEL=1", "LANG=", "LC_MESSAGES=", "SHELL=/bin/sh", "IFS=\n\10", "PWD=/root", "LC_ALL=", "MFLAGS="]) = 0
1438  +++ exited with 0 +++
1437  --- SIGCHLD {si_signo=SIGCHLD, si_code=CLD_EXITED, si_pid=1438, si_uid=42, si_status=0, si_utime=0, si_stime=0} ---
1437  +++ exited with 0 +++
1435  --- SIGCHLD {si_signo=SIGCHLD, si_code=CLD_EXITED, si_pid=1437, si_uid=42, si_status=0, si_utime=0, si_stime=2 /* 0.02 s */} ---
1435  clone(child_stack=NULL, flags=CLONE_CHILD_CLEARTID|CLONE_CHILD_SETTID|SIGCHLD, child_tidptr=0x72d54e946a10) = 1439
1439  execve("/usr/bin/apt-config", ["apt-config", "shell", "ARCHIVE_KEYRING", "APT::Key::ArchiveKeyring"], ["USER=_apt", "APT_KEY_DONT_WARN_ON_DANGEROUS_USAGE=1", "HOSTNAME=8f857aee2402", "SHLVL=1", "OLDPWD=/", "HOME=/nonexistent", "APT_CONFIG=/tmp/apt.conf.m5bdeW", "APT_KEY_NO_LEGACY_KEYRING=1", "MAKEFLAGS=", "LOGNAME=_apt", "_=/usr/bin/pvs-studio-analyzer", "TERM=xterm", "USERNAME=_apt", "PATH=/usr/local/sbin:/usr/local/bin:/usr/sbin:/usr/bin:/sbin:/bin", "MAKELEVEL=1", "LANG=", "LC_MESSAGES=", "SHELL=/bin/sh", "IFS=\n\10", "PWD=/root", "LC_ALL=", "MFLAGS="]) = 0
1439  clone(child_stack=NULL, flags=CLONE_CHILD_CLEARTID|CLONE_CHILD_SETTID|SIGCHLD, child_tidptr=0x7e64de568b10) = 1440
1440  execve("/usr/bin/dpkg", ["/usr/bin/dpkg", "--print-foreign-architectures"], ["USER=_apt", "APT_KEY_DONT_WARN_ON_DANGEROUS_USAGE=1", "HOSTNAME=8f857aee2402", "SHLVL=1", "OLDPWD=/", "HOME=/nonexistent", "APT_CONFIG=/tmp/apt.conf.m5bdeW", "APT_KEY_NO_LEGACY_KEYRING=1", "MAKEFLAGS=", "LOGNAME=_apt", "_=/usr/bin/pvs-studio-analyzer", "TERM=xterm", "USERNAME=_apt", "PATH=/usr/sbin:/usr/bin:/sbin:/bin", "MAKELEVEL=1", "LANG=", "LC_MESSAGES=", "SHELL=/bin/sh", "IFS=\n\10", "PWD=/root", "LC_ALL=", "MFLAGS="]) = 0
1440  +++ exited with 0 +++
1439  --- SIGCHLD {si_signo=SIGCHLD, si_code=CLD_EXITED, si_pid=1440, si_uid=42, si_status=0, si_utime=0, si_stime=0} ---
1439  +++ exited with 0 +++
1435  --- SIGCHLD {si_signo=SIGCHLD, si_code=CLD_EXITED, si_pid=1439, si_uid=42, si_status=0, si_utime=0, si_stime=1 /* 0.01 s */} ---
1435  clone(child_stack=NULL, flags=CLONE_CHILD_CLEARTID|CLONE_CHILD_SETTID|SIGCHLD, child_tidptr=0x72d54e946a10) = 1441
1441  execve("/usr/bin/apt-config", ["apt-config", "shell", "REMOVED_KEYS", "APT::Key::RemovedKeys"], ["USER=_apt", "APT_KEY_DONT_WARN_ON_DANGEROUS_USAGE=1", "HOSTNAME=8f857aee2402", "SHLVL=1", "OLDPWD=/", "HOME=/nonexistent", "APT_CONFIG=/tmp/apt.conf.m5bdeW", "APT_KEY_NO_LEGACY_KEYRING=1", "MAKEFLAGS=", "LOGNAME=_apt", "_=/usr/bin/pvs-studio-analyzer", "TERM=xterm", "USERNAME=_apt", "PATH=/usr/local/sbin:/usr/local/bin:/usr/sbin:/usr/bin:/sbin:/bin", "MAKELEVEL=1", "LANG=", "LC_MESSAGES=", "SHELL=/bin/sh", "IFS=\n\10", "PWD=/root", "LC_ALL=", "MFLAGS="]) = 0
1441  clone(child_stack=NULL, flags=CLONE_CHILD_CLEARTID|CLONE_CHILD_SETTID|SIGCHLD, child_tidptr=0x7191f83b5b10) = 1442
1442  execve("/usr/bin/dpkg", ["/usr/bin/dpkg", "--print-foreign-architectures"], ["USER=_apt", "APT_KEY_DONT_WARN_ON_DANGEROUS_USAGE=1", "HOSTNAME=8f857aee2402", "SHLVL=1", "OLDPWD=/", "HOME=/nonexistent", "APT_CONFIG=/tmp/apt.conf.m5bdeW", "APT_KEY_NO_LEGACY_KEYRING=1", "MAKEFLAGS=", "LOGNAME=_apt", "_=/usr/bin/pvs-studio-analyzer", "TERM=xterm", "USERNAME=_apt", "PATH=/usr/sbin:/usr/bin:/sbin:/bin", "MAKELEVEL=1", "LANG=", "LC_MESSAGES=", "SHELL=/bin/sh", "IFS=\n\10", "PWD=/root", "LC_ALL=", "MFLAGS="]) = 0
1442  +++ exited with 0 +++
1441  --- SIGCHLD {si_signo=SIGCHLD, si_code=CLD_EXITED, si_pid=1442, si_uid=42, si_status=0, si_utime=0, si_stime=0} ---
1441  +++ exited with 0 +++
1435  --- SIGCHLD {si_signo=SIGCHLD, si_code=CLD_EXITED, si_pid=1441, si_uid=42, si_status=0, si_utime=0, si_stime=2 /* 0.02 s */} ---
1435  clone(child_stack=NULL, flags=CLONE_CHILD_CLEARTID|CLONE_CHILD_SETTID|SIGCHLD, child_tidptr=0x72d54e946a10) = 1443
1443  execve("/usr/bin/apt-config", ["apt-config", "shell", "ARCHIVE_KEYRING_URI", "APT::Key::ArchiveKeyringURI"], ["USER=_apt", "APT_KEY_DONT_WARN_ON_DANGEROUS_USAGE=1", "HOSTNAME=8f857aee2402", "SHLVL=1", "OLDPWD=/", "HOME=/nonexistent", "APT_CONFIG=/tmp/apt.conf.m5bdeW", "APT_KEY_NO_LEGACY_KEYRING=1", "MAKEFLAGS=", "LOGNAME=_apt", "_=/usr/bin/pvs-studio-analyzer", "TERM=xterm", "USERNAME=_apt", "PATH=/usr/local/sbin:/usr/local/bin:/usr/sbin:/usr/bin:/sbin:/bin", "MAKELEVEL=1", "LANG=", "LC_MESSAGES=", "SHELL=/bin/sh", "IFS=\n\10", "PWD=/root", "LC_ALL=", "MFLAGS="]) = 0
1443  clone(child_stack=NULL, flags=CLONE_CHILD_CLEARTID|CLONE_CHILD_SETTID|SIGCHLD, child_tidptr=0x7ccf8f930b10) = 1444
1444  execve("/usr/bin/dpkg", ["/usr/bin/dpkg", "--print-foreign-architectures"], ["USER=_apt", "APT_KEY_DONT_WARN_ON_DANGEROUS_USAGE=1", "HOSTNAME=8f857aee2402", "SHLVL=1", "OLDPWD=/", "HOME=/nonexistent", "APT_CONFIG=/tmp/apt.conf.m5bdeW", "APT_KEY_NO_LEGACY_KEYRING=1", "MAKEFLAGS=", "LOGNAME=_apt", "_=/usr/bin/pvs-studio-analyzer", "TERM=xterm", "USERNAME=_apt", "PATH=/usr/sbin:/usr/bin:/sbin:/bin", "MAKELEVEL=1", "LANG=", "LC_MESSAGES=", "SHELL=/bin/sh", "IFS=\n\10", "PWD=/root", "LC_ALL=", "MFLAGS="]) = 0
1444  +++ exited with 0 +++
1443  --- SIGCHLD {si_signo=SIGCHLD, si_code=CLD_EXITED, si_pid=1444, si_uid=42, si_status=0, si_utime=0, si_stime=0} ---
1443  +++ exited with 0 +++
1435  --- SIGCHLD {si_signo=SIGCHLD, si_code=CLD_EXITED, si_pid=1443, si_uid=42, si_status=0, si_utime=0, si_stime=0} ---
1435  clone(child_stack=NULL, flags=CLONE_CHILD_CLEARTID|CLONE_CHILD_SETTID|SIGCHLD, child_tidptr=0x72d54e946a10) = 1445
1445  +++ exited with 0 +++
1435  --- SIGCHLD {si_signo=SIGCHLD, si_code=CLD_EXITED, si_pid=1445, si_uid=42, si_status=0, si_utime=0, si_stime=0} ---
1435  clone(child_stack=NULL, flags=CLONE_CHILD_CLEARTID|CLONE_CHILD_SETTID|SIGCHLD, child_tidptr=0x72d54e946a10) = 1446
1446  execve("/usr/bin/apt-config", ["apt-config", "shell", "GPGV", "Apt::Key::gpgvcommand"], ["USER=_apt", "APT_KEY_DONT_WARN_ON_DANGEROUS_USAGE=1", "HOSTNAME=8f857aee2402", "SHLVL=1", "OLDPWD=/", "HOME=/nonexistent", "APT_CONFIG=/tmp/apt.conf.m5bdeW", "APT_KEY_NO_LEGACY_KEYRING=1", "MAKEFLAGS=", "LOGNAME=_apt", "_=/usr/bin/pvs-studio-analyzer", "TERM=xterm", "USERNAME=_apt", "PATH=/usr/local/sbin:/usr/local/bin:/usr/sbin:/usr/bin:/sbin:/bin", "MAKELEVEL=1", "LANG=", "LC_MESSAGES=", "SHELL=/bin/sh", "IFS=\n\10", "PWD=/root", "LC_ALL=", "MFLAGS="]) = 0
1446  clone(child_stack=NULL, flags=CLONE_CHILD_CLEARTID|CLONE_CHILD_SETTID|SIGCHLD, child_tidptr=0x759146b10b10) = 1447
1447  execve("/usr/bin/dpkg", ["/usr/bin/dpkg", "--print-foreign-architectures"], ["USER=_apt", "APT_KEY_DONT_WARN_ON_DANGEROUS_USAGE=1", "HOSTNAME=8f857aee2402", "SHLVL=1", "OLDPWD=/", "HOME=/nonexistent", "APT_CONFIG=/tmp/apt.conf.m5bdeW", "APT_KEY_NO_LEGACY_KEYRING=1", "MAKEFLAGS=", "LOGNAME=_apt", "_=/usr/bin/pvs-studio-analyzer", "TERM=xterm", "USERNAME=_apt", "PATH=/usr/sbin:/usr/bin:/sbin:/bin", "MAKELEVEL=1", "LANG=", "LC_MESSAGES=", "SHELL=/bin/sh", "IFS=\n\10", "PWD=/root", "LC_ALL=", "MFLAGS="]) = 0
1447  +++ exited with 0 +++
1446  --- SIGCHLD {si_signo=SIGCHLD, si_code=CLD_EXITED, si_pid=1447, si_uid=42, si_status=0, si_utime=0, si_stime=0} ---
1446  +++ exited with 0 +++
1435  --- SIGCHLD {si_signo=SIGCHLD, si_code=CLD_EXITED, si_pid=1446, si_uid=42, si_status=0, si_utime=0, si_stime=1 /* 0.01 s */} ---
1435  clone(child_stack=NULL, flags=CLONE_CHILD_CLEARTID|CLONE_CHILD_SETTID|SIGCHLD, child_tidptr=0x72d54e946a10) = 1448
1448  execve("/usr/bin/mktemp", ["mktemp", "--directory", "--tmpdir", "apt-key-gpghome.XXXXXXXXXX"], ["USER=_apt", "APT_KEY_DONT_WARN_ON_DANGEROUS_USAGE=1", "HOSTNAME=8f857aee2402", "SHLVL=1", "OLDPWD=/", "HOME=/nonexistent", "APT_CONFIG=/tmp/apt.conf.m5bdeW", "APT_KEY_NO_LEGACY_KEYRING=1", "MAKEFLAGS=", "LOGNAME=_apt", "_=/usr/bin/pvs-studio-analyzer", "TERM=xterm", "USERNAME=_apt", "PATH=/usr/local/sbin:/usr/local/bin:/usr/sbin:/usr/bin:/sbin:/bin", "MAKELEVEL=1", "LANG=", "LC_MESSAGES=", "SHELL=/bin/sh", "IFS=\n\10", "PWD=/root", "LC_ALL=", "MFLAGS="]) = 0
1448  +++ exited with 0 +++
1435  --- SIGCHLD {si_signo=SIGCHLD, si_code=CLD_EXITED, si_pid=1448, si_uid=42, si_status=0, si_utime=0, si_stime=0} ---
1435  vfork( <unfinished ...>
1449  execve("/usr/bin/chmod", ["chmod", "700", "/tmp/apt-key-gpghome.OsYiju5tKl"], ["USER=_apt", "APT_KEY_DONT_WARN_ON_DANGEROUS_USAGE=1", "HOSTNAME=8f857aee2402", "SHLVL=1", "OLDPWD=/", "HOME=/nonexistent", "APT_CONFIG=/tmp/apt.conf.m5bdeW", "APT_KEY_NO_LEGACY_KEYRING=1", "MAKEFLAGS=", "LOGNAME=_apt", "_=/usr/bin/pvs-studio-analyzer", "TERM=xterm", "USERNAME=_apt", "PATH=/usr/local/sbin:/usr/local/bin:/usr/sbin:/usr/bin:/sbin:/bin", "MAKELEVEL=1", "LANG=", "LC_MESSAGES=", "SHELL=/bin/sh", "IFS=\n\10", "PWD=/root", "LC_ALL=", "MFLAGS="] <unfinished ...>
1435  <... vfork resumed>)              = 1449
1449  <... execve resumed>)             = 0
1449  +++ exited with 0 +++
1435  --- SIGCHLD {si_signo=SIGCHLD, si_code=CLD_EXITED, si_pid=1449, si_uid=42, si_status=0, si_utime=0, si_stime=0} ---
1435  clone(child_stack=NULL, flags=CLONE_CHILD_CLEARTID|CLONE_CHILD_SETTID|SIGCHLD, child_tidptr=0x72d54e946a10) = 1450
1450  +++ exited with 0 +++
1435  --- SIGCHLD {si_signo=SIGCHLD, si_code=CLD_EXITED, si_pid=1450, si_uid=42, si_status=0, si_utime=0, si_stime=0} ---
1435  clone(child_stack=NULL, flags=CLONE_CHILD_CLEARTID|CLONE_CHILD_SETTID|SIGCHLD, child_tidptr=0x72d54e946a10) = 1451
1451  clone(child_stack=NULL, flags=CLONE_CHILD_CLEARTID|CLONE_CHILD_SETTID|SIGCHLD, child_tidptr=0x72d54e946a10) = 1452
1452  +++ exited with 0 +++
1451  clone(child_stack=NULL, flags=CLONE_CHILD_CLEARTID|CLONE_CHILD_SETTID|SIGCHLD, child_tidptr=0x72d54e946a10) = ? ERESTARTNOINTR (To be restarted)
1451  --- SIGCHLD {si_signo=SIGCHLD, si_code=CLD_EXITED, si_pid=1452, si_uid=42, si_status=0, si_utime=0, si_stime=0} ---
1451  clone(child_stack=NULL, flags=CLONE_CHILD_CLEARTID|CLONE_CHILD_SETTID|SIGCHLD, child_tidptr=0x72d54e946a10) = 1453
1453  execve("/usr/bin/sed", ["sed", "-e", "s#'#'\"'\"'#g"], ["USER=_apt", "APT_KEY_DONT_WARN_ON_DANGEROUS_USAGE=1", "HOSTNAME=8f857aee2402", "SHLVL=1", "OLDPWD=/", "HOME=/nonexistent", "APT_CONFIG=/tmp/apt.conf.m5bdeW", "APT_KEY_NO_LEGACY_KEYRING=1", "MAKEFLAGS=", "LOGNAME=_apt", "_=/usr/bin/pvs-studio-analyzer", "TERM=xterm", "USERNAME=_apt", "PATH=/usr/local/sbin:/usr/local/bin:/usr/sbin:/usr/bin:/sbin:/bin", "MAKELEVEL=1", "LANG=", "LC_MESSAGES=", "SHELL=/bin/sh", "IFS=\n\10", "PWD=/root", "LC_ALL=", "MFLAGS="]) = 0
1453  +++ exited with 0 +++
1451  --- SIGCHLD {si_signo=SIGCHLD, si_code=CLD_EXITED, si_pid=1453, si_uid=42, si_status=0, si_utime=0, si_stime=0} ---
1451  +++ exited with 0 +++
1435  --- SIGCHLD {si_signo=SIGCHLD, si_code=CLD_EXITED, si_pid=1451, si_uid=42, si_status=0, si_utime=0, si_stime=0} ---
1435  clone(child_stack=NULL, flags=CLONE_CHILD_CLEARTID|CLONE_CHILD_SETTID|SIGCHLD, child_tidptr=0x72d54e946a10) = 1454
1454  clone(child_stack=NULL, flags=CLONE_CHILD_CLEARTID|CLONE_CHILD_SETTID|SIGCHLD, child_tidptr=0x72d54e946a10) = 1455
1455  +++ exited with 0 +++
1454  clone(child_stack=NULL, flags=CLONE_CHILD_CLEARTID|CLONE_CHILD_SETTID|SIGCHLD, child_tidptr=0x72d54e946a10) = ? ERESTARTNOINTR (To be restarted)
1454  --- SIGCHLD {si_signo=SIGCHLD, si_code=CLD_EXITED, si_pid=1455, si_uid=42, si_status=0, si_utime=0, si_stime=0} ---
1454  clone(child_stack=NULL, flags=CLONE_CHILD_CLEARTID|CLONE_CHILD_SETTID|SIGCHLD, child_tidptr=0x72d54e946a10) = 1456
1456  execve("/usr/bin/sed", ["sed", "-e", "s#'#'\"'\"'#g"], ["USER=_apt", "APT_KEY_DONT_WARN_ON_DANGEROUS_USAGE=1", "HOSTNAME=8f857aee2402", "SHLVL=1", "OLDPWD=/", "HOME=/nonexistent", "APT_CONFIG=/tmp/apt.conf.m5bdeW", "APT_KEY_NO_LEGACY_KEYRING=1", "MAKEFLAGS=", "LOGNAME=_apt", "_=/usr/bin/pvs-studio-analyzer", "TERM=xterm", "USERNAME=_apt", "PATH=/usr/local/sbin:/usr/local/bin:/usr/sbin:/usr/bin:/sbin:/bin", "MAKELEVEL=1", "LANG=", "LC_MESSAGES=", "SHELL=/bin/sh", "IFS=\n\10", "PWD=/root", "LC_ALL=", "MFLAGS="]) = 0
1456  +++ exited with 0 +++
1454  --- SIGCHLD {si_signo=SIGCHLD, si_code=CLD_EXITED, si_pid=1456, si_uid=42, si_status=0, si_utime=0, si_stime=0} ---
1454  +++ exited with 0 +++
1435  --- SIGCHLD {si_signo=SIGCHLD, si_code=CLD_EXITED, si_pid=1454, si_uid=42, si_status=0, si_utime=0, si_stime=0} ---
1435  clone(child_stack=NULL, flags=CLONE_CHILD_CLEARTID|CLONE_CHILD_SETTID|SIGCHLD, child_tidptr=0x72d54e946a10) = 1457
1457  +++ exited with 0 +++
1435  --- SIGCHLD {si_signo=SIGCHLD, si_code=CLD_EXITED, si_pid=1457, si_uid=42, si_status=0, si_utime=0, si_stime=0} ---
1435  vfork( <unfinished ...>
1458  execve("/usr/bin/gpgv", ["gpgv", "--homedir", "/tmp/apt-key-gpghome.OsYiju5tKl", "--keyring", "/usr/share/keyrings/debian-archive-keyring.gpg", "--ignore-time-conflict", "--status-fd", "3", "/tmp/apt.sig.Iwg5e6", "/tmp/apt.data.3kvCes"], ["USER=_apt", "APT_KEY_DONT_WARN_ON_DANGEROUS_USAGE=1", "HOSTNAME=8f857aee2402", "SHLVL=1", "OLDPWD=/", "HOME=/nonexistent", "APT_CONFIG=/tmp/apt.conf.m5bdeW", "APT_KEY_NO_LEGACY_KEYRING=1", "MAKEFLAGS=", "LOGNAME=_apt", "_=/usr/bin/pvs-studio-analyzer", "TERM=xterm", "USERNAME=_apt", "PATH=/usr/local/sbin:/usr/local/bin:/usr/sbin:/usr/bin:/sbin:/bin", "MAKELEVEL=1", "LANG=", "LC_MESSAGES=", "SHELL=/bin/sh", "IFS=\n\10", "PWD=/root", "LC_ALL=", "MFLAGS="] <unfinished ...>
1435  <... vfork resumed>)              = 1458
1458  <... execve resumed>)             = 0
1458  +++ exited with 2 +++
1435  --- SIGCHLD {si_signo=SIGCHLD, si_code=CLD_EXITED, si_pid=1458, si_uid=42, si_status=2, si_utime=0, si_stime=0} ---
1435  vfork( <unfinished ...>
1459  execve("/usr/bin/rm", ["rm", "-rf", "/tmp/apt-key-gpghome.OsYiju5tKl"], ["USER=_apt", "APT_KEY_DONT_WARN_ON_DANGEROUS_USAGE=1", "HOSTNAME=8f857aee2402", "SHLVL=1", "OLDPWD=/", "HOME=/nonexistent", "APT_CONFIG=/tmp/apt.conf.m5bdeW", "APT_KEY_NO_LEGACY_KEYRING=1", "MAKEFLAGS=", "LOGNAME=_apt", "_=/usr/bin/pvs-studio-analyzer", "TERM=xterm", "USERNAME=_apt", "PATH=/usr/local/sbin:/usr/local/bin:/usr/sbin:/usr/bin:/sbin:/bin", "MAKELEVEL=1", "LANG=", "LC_MESSAGES=", "SHELL=/bin/sh", "IFS=\n\10", "PWD=/root", "LC_ALL=", "MFLAGS="] <unfinished ...>
1435  <... vfork resumed>)              = 1459
1459  <... execve resumed>)             = 0
1459  +++ exited with 0 +++
1435  --- SIGCHLD {si_signo=SIGCHLD, si_code=CLD_EXITED, si_pid=1459, si_uid=42, si_status=0, si_utime=0, si_stime=0} ---
1435  +++ exited with 2 +++
1434  --- SIGCHLD {si_signo=SIGCHLD, si_code=CLD_EXITED, si_pid=1435, si_uid=42, si_status=2, si_utime=0, si_stime=0} ---
1434  +++ exited with 2 +++
1407  --- SIGCHLD {si_signo=SIGCHLD, si_code=CLD_EXITED, si_pid=1434, si_uid=42, si_status=2, si_utime=0, si_stime=4 /* 0.04 s */} ---
1407  clone(child_stack=NULL, flags=CLONE_CHILD_CLEARTID|CLONE_CHILD_SETTID|SIGCHLD, child_tidptr=0x76723731cb10) = 1460
1460  clone(child_stack=NULL, flags=CLONE_CHILD_CLEARTID|CLONE_CHILD_SETTID|SIGCHLD, child_tidptr=0x76723731cb10) = 1461
1461  execve("/usr/bin/apt-key", ["/usr/bin/apt-key", "--quiet", "--readonly", "--keyring", "/usr/share/keyrings/debian-archive-keyring.gpg", "verify", "--status-fd", "3", "/tmp/apt.sig.TofFMl", "/tmp/apt.data.XbmojO"], ["HOSTNAME=8f857aee2402", "SHLVL=1", "OLDPWD=/", "HOME=/nonexistent", "MAKEFLAGS=", "_=/usr/bin/pvs-studio-analyzer", "TERM=xterm", "PATH=/usr/local/sbin:/usr/local/bin:/usr/sbin:/usr/bin:/sbin:/bin", "MAKELEVEL=1", "PWD=/root", "MFLAGS=", "USER=_apt", "USERNAME=_apt", "LOGNAME=_apt", "SHELL=/bin/sh", "APT_KEY_NO_LEGACY_KEYRING=1", "APT_CONFIG=/tmp/apt.conf.qowNsO", "APT_KEY_DONT_WARN_ON_DANGEROUS_USAGE=1", "LANG=", "LC_ALL=", "LC_MESSAGES="]) = 0
1461  clone(child_stack=NULL, flags=CLONE_CHILD_CLEARTID|CLONE_CHILD_SETTID|SIGCHLD, child_tidptr=0x7fbe426f5a10) = 1462
1462  +++ exited with 0 +++
1461  --- SIGCHLD {si_signo=SIGCHLD, si_code=CLD_EXITED, si_pid=1462, si_uid=42, si_status=0, si_utime=0, si_stime=0} ---
1461  clone(child_stack=NULL, flags=CLONE_CHILD_CLEARTID|CLONE_CHILD_SETTID|SIGCHLD, child_tidptr=0x7fbe426f5a10) = 1463
1463  execve("/usr/bin/apt-config", ["apt-config", "shell", "MASTER_KEYRING", "APT::Key::MasterKeyring"], ["USER=_apt", "APT_KEY_DONT_WARN_ON_DANGEROUS_USAGE=1", "HOSTNAME=8f857aee2402", "SHLVL=1", "OLDPWD=/", "HOME=/nonexistent", "APT_CONFIG=/tmp/apt.conf.qowNsO", "APT_KEY_NO_LEGACY_KEYRING=1", "MAKEFLAGS=", "LOGNAME=_apt", "_=/usr/bin/pvs-studio-analyzer", "TERM=xterm", "USERNAME=_apt", "PATH=/usr/local/sbin:/usr/local/bin:/usr/sbin:/usr/bin:/sbin:/bin", "MAKELEVEL=1", "LANG=", "LC_MESSAGES=", "SHELL=/bin/sh", "IFS=\n\10", "PWD=/root", "LC_ALL=", "MFLAGS="]) = 0
1463  clone(child_stack=NULL, flags=CLONE_CHILD_CLEARTID|CLONE_CHILD_SETTID|SIGCHLD, child_tidptr=0x707f3b56cb10) = 1464
1464  execve("/usr/bin/dpkg", ["/usr/bin/dpkg", "--print-foreign-architectures"], ["USER=_apt", "APT_KEY_DONT_WARN_ON_DANGEROUS_USAGE=1", "HOSTNAME=8f857aee2402", "SHLVL=1", "OLDPWD=/", "HOME=/nonexistent", "APT_CONFIG=/tmp/apt.conf.qowNsO", "APT_KEY_NO_LEGACY_KEYRING=1", "MAKEFLAGS=", "LOGNAME=_apt", "_=/usr/bin/pvs-studio-analyzer", "TERM=xterm", "USERNAME=_apt", "PATH=/usr/sbin:/usr/bin:/sbin:/bin", "MAKELEVEL=1", "LANG=", "LC_MESSAGES=", "SHELL=/bin/sh", "IFS=\n\10", "PWD=/root", "LC_ALL=", "MFLAGS="]) = 0
1464  +++ exited with 0 +++
1463  --- SIGCHLD {si_signo=SIGCHLD, si_code=CLD_EXITED, si_pid=1464, si_uid=42, si_status=0, si_utime=0, si_stime=0} ---
1463  +++ exited with 0 +++
1461  --- SIGCHLD {si_signo=SIGCHLD, si_code=CLD_EXITED, si_pid=1463, si_uid=42, si_status=0, si_utime=0, si_stime=1 /* 0.01 s */} ---
1461  clone(child_stack=NULL, flags=CLONE_CHILD_CLEARTID|CLONE_CHILD_SETTID|SIGCHLD, child_tidptr=0x7fbe426f5a10) = 1465
1465  execve("/usr/bin/apt-config", ["apt-config", "shell", "ARCHIVE_KEYRING", "APT::Key::ArchiveKeyring"], ["USER=_apt", "APT_KEY_DONT_WARN_ON_DANGEROUS_USAGE=1", "HOSTNAME=8f857aee2402", "SHLVL=1", "OLDPWD=/", "HOME=/nonexistent", "APT_CONFIG=/tmp/apt.conf.qowNsO", "APT_KEY_NO_LEGACY_KEYRING=1", "MAKEFLAGS=", "LOGNAME=_apt", "_=/usr/bin/pvs-studio-analyzer", "TERM=xterm", "USERNAME=_apt", "PATH=/usr/local/sbin:/usr/local/bin:/usr/sbin:/usr/bin:/sbin:/bin", "MAKELEVEL=1", "LANG=", "LC_MESSAGES=", "SHELL=/bin/sh", "IFS=\n\10", "PWD=/root", "LC_ALL=", "MFLAGS="]) = 0
1465  clone(child_stack=NULL, flags=CLONE_CHILD_CLEARTID|CLONE_CHILD_SETTID|SIGCHLD, child_tidptr=0x73ab4a6abb10) = 1466
1466  execve("/usr/bin/dpkg", ["/usr/bin/dpkg", "--print-foreign-architectures"], ["USER=_apt", "APT_KEY_DONT_WARN_ON_DANGEROUS_USAGE=1", "HOSTNAME=8f857aee2402", "SHLVL=1", "OLDPWD=/", "HOME=/nonexistent", "APT_CONFIG=/tmp/apt.conf.qowNsO", "APT_KEY_NO_LEGACY_KEYRING=1", "MAKEFLAGS=", "LOGNAME=_apt", "_=/usr/bin/pvs-studio-analyzer", "TERM=xterm", "USERNAME=_apt", "PATH=/usr/sbin:/usr/bin:/sbin:/bin", "MAKELEVEL=1", "LANG=", "LC_MESSAGES=", "SHELL=/bin/sh", "IFS=\n\10", "PWD=/root", "LC_ALL=", "MFLAGS="]) = 0
1466  +++ exited with 0 +++
1465  --- SIGCHLD {si_signo=SIGCHLD, si_code=CLD_EXITED, si_pid=1466, si_uid=42, si_status=0, si_utime=0, si_stime=0} ---
1465  +++ exited with 0 +++
1461  --- SIGCHLD {si_signo=SIGCHLD, si_code=CLD_EXITED, si_pid=1465, si_uid=42, si_status=0, si_utime=0, si_stime=1 /* 0.01 s */} ---
1461  clone(child_stack=NULL, flags=CLONE_CHILD_CLEARTID|CLONE_CHILD_SETTID|SIGCHLD, child_tidptr=0x7fbe426f5a10) = 1467
1467  execve("/usr/bin/apt-config", ["apt-config", "shell", "REMOVED_KEYS", "APT::Key::RemovedKeys"], ["USER=_apt", "APT_KEY_DONT_WARN_ON_DANGEROUS_USAGE=1", "HOSTNAME=8f857aee2402", "SHLVL=1", "OLDPWD=/", "HOME=/nonexistent", "APT_CONFIG=/tmp/apt.conf.qowNsO", "APT_KEY_NO_LEGACY_KEYRING=1", "MAKEFLAGS=", "LOGNAME=_apt", "_=/usr/bin/pvs-studio-analyzer", "TERM=xterm", "USERNAME=_apt", "PATH=/usr/local/sbin:/usr/local/bin:/usr/sbin:/usr/bin:/sbin:/bin", "MAKELEVEL=1", "LANG=", "LC_MESSAGES=", "SHELL=/bin/sh", "IFS=\n\10", "PWD=/root", "LC_ALL=", "MFLAGS="]) = 0
1467  clone(child_stack=NULL, flags=CLONE_CHILD_CLEARTID|CLONE_CHILD_SETTID|SIGCHLD, child_tidptr=0x7368a59dfb10) = 1468
1468  execve("/usr/bin/dpkg", ["/usr/bin/dpkg", "--print-foreign-architectures"], ["USER=_apt", "APT_KEY_DONT_WARN_ON_DANGEROUS_USAGE=1", "HOSTNAME=8f857aee2402", "SHLVL=1", "OLDPWD=/", "HOME=/nonexistent", "APT_CONFIG=/tmp/apt.conf.qowNsO", "APT_KEY_NO_LEGACY_KEYRING=1", "MAKEFLAGS=", "LOGNAME=_apt", "_=/usr/bin/pvs-studio-analyzer", "TERM=xterm", "USERNAME=_apt", "PATH=/usr/sbin:/usr/bin:/sbin:/bin", "MAKELEVEL=1", "LANG=", "LC_MESSAGES=", "SHELL=/bin/sh", "IFS=\n\10", "PWD=/root", "LC_ALL=", "MFLAGS="]) = 0
1468  +++ exited with 0 +++
1467  --- SIGCHLD {si_signo=SIGCHLD, si_code=CLD_EXITED, si_pid=1468, si_uid=42, si_status=0, si_utime=0, si_stime=0} ---
1467  +++ exited with 0 +++
1461  --- SIGCHLD {si_signo=SIGCHLD, si_code=CLD_EXITED, si_pid=1467, si_uid=42, si_status=0, si_utime=0, si_stime=1 /* 0.01 s */} ---
1461  clone(child_stack=NULL, flags=CLONE_CHILD_CLEARTID|CLONE_CHILD_SETTID|SIGCHLD, child_tidptr=0x7fbe426f5a10) = 1469
1469  execve("/usr/bin/apt-config", ["apt-config", "shell", "ARCHIVE_KEYRING_URI", "APT::Key::ArchiveKeyringURI"], ["USER=_apt", "APT_KEY_DONT_WARN_ON_DANGEROUS_USAGE=1", "HOSTNAME=8f857aee2402", "SHLVL=1", "OLDPWD=/", "HOME=/nonexistent", "APT_CONFIG=/tmp/apt.conf.qowNsO", "APT_KEY_NO_LEGACY_KEYRING=1", "MAKEFLAGS=", "LOGNAME=_apt", "_=/usr/bin/pvs-studio-analyzer", "TERM=xterm", "USERNAME=_apt", "PATH=/usr/local/sbin:/usr/local/bin:/usr/sbin:/usr/bin:/sbin:/bin", "MAKELEVEL=1", "LANG=", "LC_MESSAGES=", "SHELL=/bin/sh", "IFS=\n\10", "PWD=/root", "LC_ALL=", "MFLAGS="]) = 0
1469  clone(child_stack=NULL, flags=CLONE_CHILD_CLEARTID|CLONE_CHILD_SETTID|SIGCHLD, child_tidptr=0x74b3d8204b10) = 1470
1470  execve("/usr/bin/dpkg", ["/usr/bin/dpkg", "--print-foreign-architectures"], ["USER=_apt", "APT_KEY_DONT_WARN_ON_DANGEROUS_USAGE=1", "HOSTNAME=8f857aee2402", "SHLVL=1", "OLDPWD=/", "HOME=/nonexistent", "APT_CONFIG=/tmp/apt.conf.qowNsO", "APT_KEY_NO_LEGACY_KEYRING=1", "MAKEFLAGS=", "LOGNAME=_apt", "_=/usr/bin/pvs-studio-analyzer", "TERM=xterm", "USERNAME=_apt", "PATH=/usr/sbin:/usr/bin:/sbin:/bin", "MAKELEVEL=1", "LANG=", "LC_MESSAGES=", "SHELL=/bin/sh", "IFS=\n\10", "PWD=/root", "LC_ALL=", "MFLAGS="]) = 0
1470  +++ exited with 0 +++
1469  --- SIGCHLD {si_signo=SIGCHLD, si_code=CLD_EXITED, si_pid=1470, si_uid=42, si_status=0, si_utime=0, si_stime=0} ---
1469  +++ exited with 0 +++
1461  --- SIGCHLD {si_signo=SIGCHLD, si_code=CLD_EXITED, si_pid=1469, si_uid=42, si_status=0, si_utime=0, si_stime=1 /* 0.01 s */} ---
1461  clone(child_stack=NULL, flags=CLONE_CHILD_CLEARTID|CLONE_CHILD_SETTID|SIGCHLD, child_tidptr=0x7fbe426f5a10) = 1471
1471  +++ exited with 0 +++
1461  --- SIGCHLD {si_signo=SIGCHLD, si_code=CLD_EXITED, si_pid=1471, si_uid=42, si_status=0, si_utime=0, si_stime=0} ---
1461  clone(child_stack=NULL, flags=CLONE_CHILD_CLEARTID|CLONE_CHILD_SETTID|SIGCHLD, child_tidptr=0x7fbe426f5a10) = 1472
1472  execve("/usr/bin/apt-config", ["apt-config", "shell", "GPGV", "Apt::Key::gpgvcommand"], ["USER=_apt", "APT_KEY_DONT_WARN_ON_DANGEROUS_USAGE=1", "HOSTNAME=8f857aee2402", "SHLVL=1", "OLDPWD=/", "HOME=/nonexistent", "APT_CONFIG=/tmp/apt.conf.qowNsO", "APT_KEY_NO_LEGACY_KEYRING=1", "MAKEFLAGS=", "LOGNAME=_apt", "_=/usr/bin/pvs-studio-analyzer", "TERM=xterm", "USERNAME=_apt", "PATH=/usr/local/sbin:/usr/local/bin:/usr/sbin:/usr/bin:/sbin:/bin", "MAKELEVEL=1", "LANG=", "LC_MESSAGES=", "SHELL=/bin/sh", "IFS=\n\10", "PWD=/root", "LC_ALL=", "MFLAGS="]) = 0
1472  clone(child_stack=NULL, flags=CLONE_CHILD_CLEARTID|CLONE_CHILD_SETTID|SIGCHLD, child_tidptr=0x743abba46b10) = 1473
1473  execve("/usr/bin/dpkg", ["/usr/bin/dpkg", "--print-foreign-architectures"], ["USER=_apt", "APT_KEY_DONT_WARN_ON_DANGEROUS_USAGE=1", "HOSTNAME=8f857aee2402", "SHLVL=1", "OLDPWD=/", "HOME=/nonexistent", "APT_CONFIG=/tmp/apt.conf.qowNsO", "APT_KEY_NO_LEGACY_KEYRING=1", "MAKEFLAGS=", "LOGNAME=_apt", "_=/usr/bin/pvs-studio-analyzer", "TERM=xterm", "USERNAME=_apt", "PATH=/usr/sbin:/usr/bin:/sbin:/bin", "MAKELEVEL=1", "LANG=", "LC_MESSAGES=", "SHELL=/bin/sh", "IFS=\n\10", "PWD=/root", "LC_ALL=", "MFLAGS="]) = 0
1473  +++ exited with 0 +++
1472  --- SIGCHLD {si_signo=SIGCHLD, si_code=CLD_EXITED, si_pid=1473, si_uid=42, si_status=0, si_utime=0, si_stime=0} ---
1472  +++ exited with 0 +++
1461  --- SIGCHLD {si_signo=SIGCHLD, si_code=CLD_EXITED, si_pid=1472, si_uid=42, si_status=0, si_utime=0, si_stime=0} ---
1461  clone(child_stack=NULL, flags=CLONE_CHILD_CLEARTID|CLONE_CHILD_SETTID|SIGCHLD, child_tidptr=0x7fbe426f5a10) = 1474
